11-02 06:47:17.478  2698  4140 D ZenLog  : config: ZenModePanel.selectCondition,ZenModeConfig[user=0,allowCalls=true,allowRepeatCallers=false,allowMessages=false,allowCallsFrom=contacts,allowMessagesFrom=contacts,allowReminders=true,allowEvents=true,automaticRules={2e1dd0fa93c448a1bbb6f96d73096990=ZenRule[enabled=false,snoozing=false,name=Weekend,zenMode=ZEN_MODE_ALARMS,conditionId=condition://android/schedule?days=6.7&start=23.30&end=10.0,condition=Condition[id=condition://android/schedule?days=6.7&start=23.30&end=10.0,summary=...,line1=...,line2=...,icon=0,state=STATE_FALSE,flags=2],component=ComponentInfo{android/com.android.server.notification.ScheduleConditionProvider}], c03406f5b5bd4a34a5b38a2b054b4f3d=ZenRule[enabled=false,snoozing=false,name=Event,zenMode=ZEN_MODE_ALARMS,conditionId=condition://android/event?userId=-10000&calendar=&reply=1,condition=Condition[id=condition://android/event?userId=-10000&calendar=&reply=1,summary=...,line1=...,line2=...,icon=0,state=STATE_FALSE,flags=2],component=ComponentInfo{android/com.android.server.notification.EventConditionProvider}], afd24b2f94be410a8eab0834dcb6d12b=ZenRule[enabled=false,snoozing=false,name=Weeknight,zenMode=ZEN_MODE_ALARMS,conditionId=condition://android/schedule?days=1.2.3.4.5&start=22.0&end=7.0,condition=Condition[id=condition://android/schedule?days=1.2.3.4.5&start=22.0&end=7.0,summary=...,line1=...,line2=...,icon=0,state=STATE_TRUE,flags=2],component=ComponentInfo{android/com.android.server.notification.ScheduleConditionProvider}]},manualRule=ZenRule[enabled=true,snoozing=false,name=null,zenMode=ZEN_MODE_ALARMS,conditionId=condition://android/countdown/1478065637369,condition=null,component=ComponentInfo{android/com.android.server.notification.CountdownConditionProvider}]],Diff[manualRule.conditionId:null->condition://android/countdown/1478065637369,manualRule.component:null->ComponentInfo{android/com.android.server.notification.CountdownConditionProvider}]
11-02 06:47:17.495  2698  4140 D ConditionProviders: Subscribing to condition://android/countdown/1478065637369 with ComponentInfo{android/com.android.server.notification.CountdownConditionProvider}
11-02 06:47:17.495  2698  4140 D ZenLog  : subscribe: condition://android/countdown/1478065637369,ok
11-02 06:47:18.540  2698  4709 D ZenLog  : config: ZenModePanel.selectCondition,ZenModeConfig[user=0,allowCalls=true,allowRepeatCallers=false,allowMessages=false,allowCallsFrom=contacts,allowMessagesFrom=contacts,allowReminders=true,allowEvents=true,automaticRules={2e1dd0fa93c448a1bbb6f96d73096990=ZenRule[enabled=false,snoozing=false,name=Weekend,zenMode=ZEN_MODE_ALARMS,conditionId=condition://android/schedule?days=6.7&start=23.30&end=10.0,condition=Condition[id=condition://android/schedule?days=6.7&start=23.30&end=10.0,summary=...,line1=...,line2=...,icon=0,state=STATE_FALSE,flags=2],component=ComponentInfo{android/com.android.server.notification.ScheduleConditionProvider}], c03406f5b5bd4a34a5b38a2b054b4f3d=ZenRule[enabled=false,snoozing=false,name=Event,zenMode=ZEN_MODE_ALARMS,conditionId=condition://android/event?userId=-10000&calendar=&reply=1,condition=Condition[id=condition://android/event?userId=-10000&calendar=&reply=1,summary=...,line1=...,line2=...,icon=0,state=STATE_FALSE,flags=2],component=ComponentInfo{android/com.android.server.notification.EventConditionProvider}], afd24b2f94be410a8eab0834dcb6d12b=ZenRule[enabled=false,snoozing=false,name=Weeknight,zenMode=ZEN_MODE_ALARMS,conditionId=condition://android/schedule?days=1.2.3.4.5&start=22.0&end=7.0,condition=Condition[id=condition://android/schedule?days=1.2.3.4.5&start=22.0&end=7.0,summary=...,line1=...,line2=...,icon=0,state=STATE_TRUE,flags=2],component=ComponentInfo{android/com.android.server.notification.ScheduleConditionProvider}]},manualRule=ZenRule[enabled=true,snoozing=false,name=null,zenMode=ZEN_MODE_ALARMS,conditionId=null,condition=null,component=null]],Diff[manualRule.conditionId:condition://android/countdown/1478065637369->null,manualRule.component:ComponentInfo{android/com.android.server.notification.CountdownConditionProvider}->null]
11-02 06:47:18.546  2698  4709 D ZenLog  : unsubscribe: condition://android/countdown/1478065637369,ok
11-02 06:47:27.309  2698  4528 W InputMethodManagerService: Window already focused, ignoring focus gain of: com.android.internal.view.IInputMethodClient$Stub$Proxy@faa4271 attribute=null, token = android.os.BinderProxy@b8fd779
11-02 06:47:36.431  2698  3516 I ActivityManager: START u0 {act=android.intent.action.MAIN cmp=com.android.settings/.SubSettings (has extras)} from uid 1000 on display 0
11-02 06:47:36.711  2698  3513 W DreamManagerService: Dream ComponentInfo{com.google.android.deskclock/com.android.deskclock.Screensaver} does not exist
11-02 06:47:36.711  2698  3513 W DreamManagerService: Falling back to default dream ComponentInfo{com.google.android.deskclock/com.android.deskclock.Screensaver}
11-02 06:47:41.610  2698  4709 I ActivityManager: START u0 {act=android.intent.action.MAIN cmp=com.android.settings/.SubSettings (has extras)} from uid 1000 on display 0
11-02 06:47:41.807  2698  4140 W DreamManagerService: Dream ComponentInfo{com.google.android.deskclock/com.android.deskclock.Screensaver} does not exist
11-02 06:47:41.807  2698  4140 W DreamManagerService: Falling back to default dream ComponentInfo{com.google.android.deskclock/com.android.deskclock.Screensaver}
11-02 06:47:46.163  2698  4140 W InputMethodManagerService: Window already focused, ignoring focus gain of: com.android.internal.view.IInputMethodClient$Stub$Proxy@75f9dab attribute=null, token = android.os.BinderProxy@3b8c7db
11-02 06:47:49.668  2698  4222 W InputMethodManagerService: Window already focused, ignoring focus gain of: com.android.internal.view.IInputMethodClient$Stub$Proxy@110e852 attribute=null, token = android.os.BinderProxy@3b8c7db
11-02 06:47:57.669  2698  4530 I ActivityManager: START u0 {act=android.intent.action.MAIN cmp=com.android.settings/.SubSettings (has extras)} from uid 1000 on display 0
11-02 06:48:00.224  2698  4529 I ActivityManager: START u0 {act=android.intent.action.MAIN cmp=com.android.settings/.SubSettings (has extras)} from uid 1000 on display 0
11-02 06:48:03.158  2698  3516 I ActivityManager: START u0 {act=android.intent.action.MAIN cmp=com.android.settings/.SubSettings (has extras)} from uid 1000 on display 0
11-02 06:48:07.962  2698  3434 I ActivityManager: START u0 {act=android.intent.action.MAIN cmp=com.android.settings/.SubSettings (has extras)} from uid 1000 on display 0
11-02 06:48:11.912  2698  2731 I ActivityManager: Start proc 7900:com.android.bluetooth/1002 for service com.android.bluetooth/.btservice.AdapterService
11-02 06:48:14.204  2698  2698 I Telecom : BluetoothPhoneService: queryPhoneState
11-02 06:48:14.418  6530  6530 W ContextImpl: Calling a method in the system process without a qualified user: android.app.ContextImpl.startService:1221 android.content.ContextWrapper.startService:581 android.content.ContextWrapper.startService:581 com.android.settings.bluetooth.DockEventReceiver.beginStartingService:134 com.android.settings.bluetooth.DockEventReceiver.onReceive:115 
11-02 06:48:21.741  6530  6530 W ContextImpl: Calling a method in the system process without a qualified user: android.app.ContextImpl.startService:1221 android.content.ContextWrapper.startService:581 android.content.ContextWrapper.startService:581 com.android.settings.bluetooth.DockEventReceiver.beginStartingService:134 com.android.settings.bluetooth.DockEventReceiver.onReceive:115 
11-02 06:48:21.803  6530  6530 W ContextImpl: Calling a method in the system process without a qualified user: android.app.ContextImpl.startService:1221 android.content.ContextWrapper.startService:581 android.content.ContextWrapper.startService:581 com.android.settings.bluetooth.DockEventReceiver.beginStartingService:134 com.android.settings.bluetooth.DockEventReceiver.onReceive:115 
11-02 06:48:22.174  2698  3434 I ActivityManager: Process com.android.bluetooth (pid 7900) has died
11-02 06:48:22.174  2698  3434 D ActivityManager: cleanUpApplicationRecord -- 7900
11-02 06:48:27.479  2698  3418 I ActivityManager: START u0 {act=android.intent.action.MAIN cmp=com.android.settings/.SubSettings (has extras)} from uid 1000 on display 0
11-02 06:48:28.950  2698  4528 I ActivityManager: START u0 {act=android.intent.action.MAIN cmp=com.android.phone/.MobileNetworkSettings} from uid 1000 on display 0
11-02 06:48:34.356  2698  4140 I ActivityManager: START u0 {act=android.intent.action.MAIN cmp=com.android.settings/.SubSettings (has extras)} from uid 1000 on display 0
11-02 06:48:36.392  2698  2738 I ActivityManager: Start proc 8045:com.android.defcontainer/u0a5 for service com.android.defcontainer/.DefaultContainerService
11-02 06:48:37.375  2698  4709 I ActivityManager: START u0 {act=android.intent.action.MAIN cmp=com.android.settings/.SubSettings (has extras)} from uid 1000 on display 0
11-02 06:48:39.530  2698  4222 I ActivityManager: START u0 {act=android.intent.action.MANAGE_PERMISSIONS cmp=com.google.android.packageinstaller/com.android.packageinstaller.permission.ui.ManagePermissionsActivity} from uid 1000 on display 0
11-02 06:48:39.703  2698  3515 I ActivityManager: Start proc 8069:com.google.android.packageinstaller/u0a26 for activity com.google.android.packageinstaller/com.android.packageinstaller.permission.ui.ManagePermissionsActivity
11-02 06:48:42.244  2698  2727 I ActivityManager: Killing 7130:com.android.deskclock/u0a35 (adj 15): empty #17
11-02 06:48:42.400  2698  3513 D ActivityManager: cleanUpApplicationRecord -- 7130
11-02 06:48:44.168  2698  4222 I ActivityManager: START u0 {act=android.intent.action.MAIN cmp=com.android.settings/.SubSettings (has extras)} from uid 1000 on display 0
11-02 06:48:46.080  2698  3434 I ActivityManager: START u0 {act=android.intent.action.MAIN cmp=com.android.settings/.SubSettings (has extras)} from uid 1000 on display 0
11-02 06:48:50.863  2698  3516 I ActivityManager: START u0 {act=android.intent.action.MAIN cmp=com.android.settings/.SubSettings (has extras)} from uid 1000 on display 0
11-02 06:48:55.980  2698  4222 I ActivityManager: START u0 {act=android.intent.action.MAIN cmp=com.android.settings/.SubSettings (has extras)} from uid 1000 on display 0
11-02 06:49:03.615  2698  2945 I ActivityManager: START u0 {act=android.intent.action.MAIN cat=[android.intent.category.HOME] flg=0x10200000 cmp=com.android.launcher3/.Launcher (has extras)} from uid 1000 on display 0
11-02 06:49:05.802  2698  3416 I ActivityManager: START u0 {act=android.intent.action.MAIN cat=[android.intent.category.LAUNCHER] flg=0x10200000 cmp=com.android.browser/.BrowserActivity (has extras)} from uid 10009 on display 0
11-02 06:49:05.819  2698  2727 W BroadcastQueue: Permission Denial: broadcasting Intent { act=com.android.launcher3.action.LAUNCH flg=0x10 (has extras) } from com.android.launcher3 (pid=6591, uid=10009) requires com.google.android.launcher.permission.RECEIVE_LAUNCH_BROADCASTS due to receiver com.google.android.gms/.icing.proxy.ApplicationLauncherReceiver
11-02 06:49:05.819  2698  2727 W BroadcastQueue: Permission Denial: broadcasting Intent { act=com.android.launcher3.action.LAUNCH flg=0x10 (has extras) } from com.android.launcher3 (pid=6591, uid=10009) requires com.google.android.launcher.permission.RECEIVE_LAUNCH_BROADCASTS due to receiver com.google.android.googlequicksearchbox/com.google.android.apps.gsa.search.core.icingsync.ApplicationLaunchReceiver
11-02 06:49:05.871  2698  4530 I ActivityManager: Start proc 8182:com.android.browser/u0a30 for activity com.android.browser/.BrowserActivity
11-02 06:49:09.448  2698  4529 W InputMethodManagerService: Window already focused, ignoring focus gain of: com.android.internal.view.IInputMethodClient$Stub$Proxy@4005b80 attribute=null, token = android.os.BinderProxy@bd8be50
11-02 06:49:09.855  2698  4530 I ActivityManager: START u0 {act=android.settings.SETTINGS flg=0x14000000 cmp=com.android.settings/.Settings} from uid 10017 on display 0
11-02 06:49:11.546  2698  3515 I ActivityManager: Killing 7189:com.google.process.gapps/u0a60 (adj 15): empty #17
11-02 06:49:11.786  2698  3515 E libprocessgroup: failed to kill 1 processes for processgroup 7189
11-02 06:49:12.053  2698  3514 D ActivityManager: cleanUpApplicationRecord -- 7189
11-02 06:49:12.941  2698  3418 I ActivityManager: START u0 {act=com.android.systemui.recents.SHOW_RECENTS flg=0x10804000 cmp=com.android.systemui/.recents.RecentsActivity} from uid 10017 on display 0
11-02 06:49:17.872  2698  4698 I ActivityManager: START u0 {act=android.intent.action.MAIN cmp=com.android.settings/.SubSettings (has extras)} from uid 1000 on display 0
11-02 06:49:21.448  2698  4709 I ActivityManager: START u0 {act=android.intent.action.MAIN cmp=com.android.settings/.SubSettings (has extras)} from uid 1000 on display 0
11-02 06:49:30.437  2698  4140 I ActivityManager: START u0 {act=android.intent.action.MAIN cmp=com.android.settings/.SubSettings (has extras)} from uid 1000 on display 0
11-02 06:49:30.752  2698  2945 I ActivityManager: START u0 {act=android.intent.action.MAIN cat=[android.intent.category.HOME] flg=0x10200000 cmp=com.android.launcher3/.Launcher (has extras)} from uid 1000 on display 0
11-02 06:49:31.057  2698  2945 I WindowManager: Screenshot max retries 4 of Token{4eec93a ActivityRecord{84f4865 u0 com.android.settings/.SubSettings t6}} appWin=Window{adf7360 u0 com.android.settings/com.android.settings.SubSettings} drawState=3
11-02 06:49:34.026  2698  4140 I ActivityManager: START u0 {act=android.intent.action.MAIN cat=[android.intent.category.LAUNCHER] flg=0x10200000 cmp=com.android.browser/.BrowserActivity (has extras)} from uid 10009 on display 0
11-02 06:49:34.038  2698  2727 W BroadcastQueue: Permission Denial: broadcasting Intent { act=com.android.launcher3.action.LAUNCH flg=0x10 (has extras) } from com.android.launcher3 (pid=6591, uid=10009) requires com.google.android.launcher.permission.RECEIVE_LAUNCH_BROADCASTS due to receiver com.google.android.gms/.icing.proxy.ApplicationLauncherReceiver
11-02 06:49:34.038  2698  2727 W BroadcastQueue: Permission Denial: broadcasting Intent { act=com.android.launcher3.action.LAUNCH flg=0x10 (has extras) } from com.android.launcher3 (pid=6591, uid=10009) requires com.google.android.launcher.permission.RECEIVE_LAUNCH_BROADCASTS due to receiver com.google.android.googlequicksearchbox/com.google.android.apps.gsa.search.core.icingsync.ApplicationLaunchReceiver
11-02 06:49:37.005  2698  4140 D WifiService: acquireWifiLockLocked: WifiLock{NlpWifiLock type=2 binder=android.os.BinderProxy@dff6e3e}
11-02 06:49:38.999  2698  4529 D WifiService: releaseWifiLockLocked: WifiLock{NlpWifiLock type=2 binder=android.os.BinderProxy@dff6e3e}
11-02 06:49:39.054  2698  2725 D WifiService: acquireWifiLockLocked: WifiLock{NlpWifiLock type=2 binder=android.os.BinderProxy@b4d049f}
11-02 06:49:39.107  2698  2945 I ActivityManager: START u0 {act=android.intent.action.MAIN cat=[android.intent.category.HOME] flg=0x10200000 cmp=com.android.launcher3/.Launcher (has extras)} from uid 1000 on display 0
11-02 06:49:39.917  2698  2724 D WifiService: releaseWifiLockLocked: WifiLock{NlpWifiLock type=2 binder=android.os.BinderProxy@b4d049f}
11-02 06:49:40.918  2698  4698 I ActivityManager: START u0 {act=android.intent.action.MAIN cat=[android.intent.category.LAUNCHER] flg=0x10200000 cmp=com.android.gallery3d/.app.GalleryActivity (has extras)} from uid 10009 on display 0
11-02 06:49:40.983  2698  2727 W BroadcastQueue: Permission Denial: broadcasting Intent { act=com.android.launcher3.action.LAUNCH flg=0x10 (has extras) } from com.android.launcher3 (pid=6591, uid=10009) requires com.google.android.launcher.permission.RECEIVE_LAUNCH_BROADCASTS due to receiver com.google.android.gms/.icing.proxy.ApplicationLauncherReceiver
11-02 06:49:40.984  2698  2727 W BroadcastQueue: Permission Denial: broadcasting Intent { act=com.android.launcher3.action.LAUNCH flg=0x10 (has extras) } from com.android.launcher3 (pid=6591, uid=10009) requires com.google.android.launcher.permission.RECEIVE_LAUNCH_BROADCASTS due to receiver com.google.android.googlequicksearchbox/com.google.android.apps.gsa.search.core.icingsync.ApplicationLaunchReceiver
11-02 06:49:59.765  2698  4698 I ActivityManager: START u0 {act=android.intent.action.VIEW dat=content://media/external/video/media/13037 typ=video/* cmp=com.android.gallery3d/.app.MovieActivity (has extras)} from uid 10041 on display 0
11-02 06:50:02.590  2698  2726 I UsageStatsService: User[0] Flushing usage stats to disk
11-02 06:50:02.959  2698  2724 D WifiService: acquireWifiLockLocked: WifiLock{NlpWifiLock type=2 binder=android.os.BinderProxy@737db36}
11-02 06:50:03.133  2698  4528 D WifiService: releaseWifiLockLocked: WifiLock{NlpWifiLock type=2 binder=android.os.BinderProxy@737db36}
11-02 06:50:03.231  2698  4528 W WindowManager: Failed looking up window
11-02 06:50:03.231  2698  4528 W WindowManager: java.lang.IllegalArgumentException: Requested window android.os.BinderProxy@10f0ef3 does not exist
11-02 06:50:03.231  2698  4528 W WindowManager: 	at com.android.server.wm.WindowManagerService.windowForClientLocked(WindowManagerService.java:8743)
11-02 06:50:03.231  2698  4528 W WindowManager: 	at com.android.server.wm.WindowManagerService.windowForClientLocked(WindowManagerService.java:8734)
11-02 06:50:03.231  2698  4528 W WindowManager: 	at com.android.server.wm.WindowManagerService.removeWindow(WindowManagerService.java:2699)
11-02 06:50:03.231  2698  4528 W WindowManager: 	at com.android.server.wm.Session.remove(Session.java:187)
11-02 06:50:03.231  2698  4528 W WindowManager: 	at android.view.IWindowSession$Stub.onTransact(IWindowSession.java:242)
11-02 06:50:03.231  2698  4528 W WindowManager: 	at com.android.server.wm.Session.onTransact(Session.java:130)
11-02 06:50:03.231  2698  4528 W WindowManager: 	at android.os.Binder.execTransact(Binder.java:453)
11-02 06:50:05.587  2698  2945 I ActivityManager: START u0 {act=android.intent.action.MAIN cat=[android.intent.category.HOME] flg=0x10200000 cmp=com.android.launcher3/.Launcher (has extras)} from uid 1000 on display 0
11-02 06:50:09.559  2698  4140 I ActivityManager: START u0 {act=android.intent.action.MAIN cat=[android.intent.category.LAUNCHER] flg=0x10200000 cmp=com.android.dialer/.DialtactsActivity (has extras)} from uid 10009 on display 0
11-02 06:50:09.640  2698  2727 W BroadcastQueue: Permission Denial: broadcasting Intent { act=com.android.launcher3.action.LAUNCH flg=0x10 (has extras) } from com.android.launcher3 (pid=6591, uid=10009) requires com.google.android.launcher.permission.RECEIVE_LAUNCH_BROADCASTS due to receiver com.google.android.gms/.icing.proxy.ApplicationLauncherReceiver
11-02 06:50:09.640  2698  2727 W BroadcastQueue: Permission Denial: broadcasting Intent { act=com.android.launcher3.action.LAUNCH flg=0x10 (has extras) } from com.android.launcher3 (pid=6591, uid=10009) requires com.google.android.launcher.permission.RECEIVE_LAUNCH_BROADCASTS due to receiver com.google.android.googlequicksearchbox/com.google.android.apps.gsa.search.core.icingsync.ApplicationLaunchReceiver
11-02 06:50:09.830  2698  2725 I ActivityManager: Start proc 8382:com.android.dialer/u0a6 for activity com.android.dialer/.DialtactsActivity
11-02 06:50:20.410  2698  2945 I ActivityManager: START u0 {act=android.intent.action.MAIN cat=[android.intent.category.HOME] flg=0x10200000 cmp=com.android.launcher3/.Launcher (has extras)} from uid 1000 on display 0
11-02 06:50:22.380  2698  4528 I ActivityManager: START u0 {act=com.android.systemui.recents.SHOW_RECENTS flg=0x10804000 cmp=com.android.systemui/.recents.RecentsActivity} from uid 10017 on display 0
11-02 06:50:29.597  2698  2945 I ActivityManager: START u0 {act=android.intent.action.MAIN cat=[android.intent.category.HOME] flg=0x10200000 cmp=com.android.launcher3/.Launcher (has extras)} from uid 1000 on display 0
11-02 06:50:31.832  2698  4698 I ActivityManager: START u0 {act=android.intent.action.MAIN cat=[android.intent.category.LAUNCHER] flg=0x10200000 cmp=com.google.android.googlequicksearchbox/.SearchActivity (has extras)} from uid 10009 on display 0
11-02 06:50:31.853  2698  2727 W BroadcastQueue: Permission Denial: broadcasting Intent { act=com.android.launcher3.action.LAUNCH flg=0x10 (has extras) } from com.android.launcher3 (pid=6591, uid=10009) requires com.google.android.launcher.permission.RECEIVE_LAUNCH_BROADCASTS due to receiver com.google.android.gms/.icing.proxy.ApplicationLauncherReceiver
11-02 06:50:31.853  2698  2727 W BroadcastQueue: Permission Denial: broadcasting Intent { act=com.android.launcher3.action.LAUNCH flg=0x10 (has extras) } from com.android.launcher3 (pid=6591, uid=10009) requires com.google.android.launcher.permission.RECEIVE_LAUNCH_BROADCASTS due to receiver com.google.android.googlequicksearchbox/com.google.android.apps.gsa.search.core.icingsync.ApplicationLaunchReceiver
11-02 06:50:32.093  2698  3513 I ActivityManager: START u0 {act=android.intent.action.MAIN cat=[android.intent.category.LAUNCHER] flg=0x10200000 cmp=com.google.android.googlequicksearchbox/com.google.android.apps.gsa.searchnow.SearchNowActivity bnds=[152,408][221,477] (has extras)} from uid 10027 on display 0
11-02 06:50:36.058  2698  3514 I ActivityManager: START u0 {cmp=com.google.android.googlequicksearchbox/com.google.android.apps.gsa.sidekick.main.optin.animation.NewOptInActivityWithAnimation (has extras)} from uid 10027 on display 0
11-02 06:50:41.318  2698  3513 I ActivityManager: START u0 {act=android.intent.action.ASSIST flg=0x14000000 cmp=com.google.android.googlequicksearchbox/.SearchActivity (has extras)} from uid 10027 on display 0
11-02 06:50:41.530  2698  4140 I ActivityManager: START u0 {act=android.intent.action.ASSIST flg=0x14000000 cmp=com.google.android.googlequicksearchbox/com.google.android.apps.gsa.searchnow.SearchNowActivity (has extras)} from uid 10027 on display 0
11-02 06:50:48.482  2698  2698 D ZenLog  : intercepted: 0|com.google.android.googlequicksearchbox|63146420|n|10027,alarmsOnly
11-02 06:50:48.497  2698  2698 V NotificationService: pkg=com.google.android.googlequicksearchbox canInterrupt=false intercept=true
11-02 06:50:50.512  2698  3513 W InputMethodManagerService: Window already focused, ignoring focus gain of: com.android.internal.view.IInputMethodClient$Stub$Proxy@92c8a0f attribute=null, token = android.os.BinderProxy@c3cb7ad
11-02 06:50:51.388  2698  2727 W ActivityManager: Launch timeout has expired, giving up wake lock!
11-02 06:50:53.628  2698  4529 D WifiService: acquireWifiLockLocked: WifiLock{NlpWifiLock type=2 binder=android.os.BinderProxy@8dafc4}
11-02 06:50:56.391  2698  4709 D WifiService: releaseWifiLockLocked: WifiLock{NlpWifiLock type=2 binder=android.os.BinderProxy@8dafc4}
11-02 06:50:56.830  2698  2945 I ActivityManager: START u0 {act=android.intent.action.MAIN cat=[android.intent.category.HOME] flg=0x10200000 cmp=com.android.launcher3/.Launcher (has extras)} from uid 1000 on display 0
11-02 06:51:06.863  2698  3418 W InputMethodManagerService: Window already focused, ignoring focus gain of: com.android.internal.view.IInputMethodClient$Stub$Proxy@d7c6c95 attribute=null, token = android.os.BinderProxy@63992f7
11-02 06:51:09.533  2698  4528 I ActivityManager: START u0 {act=android.intent.action.MAIN cat=[android.intent.category.LAUNCHER] flg=0x10200000 cmp=com.android.music/.MusicBrowserActivity (has extras)} from uid 10009 on display 0
11-02 06:51:09.570  2698  2727 W BroadcastQueue: Permission Denial: broadcasting Intent { act=com.android.launcher3.action.LAUNCH flg=0x10 (has extras) } from com.android.launcher3 (pid=6591, uid=10009) requires com.google.android.launcher.permission.RECEIVE_LAUNCH_BROADCASTS due to receiver com.google.android.gms/.icing.proxy.ApplicationLauncherReceiver
11-02 06:51:09.571  2698  2727 W BroadcastQueue: Permission Denial: broadcasting Intent { act=com.android.launcher3.action.LAUNCH flg=0x10 (has extras) } from com.android.launcher3 (pid=6591, uid=10009) requires com.google.android.launcher.permission.RECEIVE_LAUNCH_BROADCASTS due to receiver com.google.android.googlequicksearchbox/com.google.android.apps.gsa.search.core.icingsync.ApplicationLaunchReceiver
11-02 06:51:09.635  2698  3514 I ActivityManager: Start proc 8542:com.android.music/u0a47 for activity com.android.music/.MusicBrowserActivity
11-02 06:51:09.968  2698  3516 I ActivityManager: START u0 {act=android.intent.action.PICK dat= typ=vnd.android.cursor.dir/artistalbum flg=0x4000000 cmp=com.android.music/.ArtistAlbumBrowserActivity (has extras)} from uid 10047 on display 0
11-02 06:51:12.382  2698  3416 I ActivityManager: START u0 {act=android.intent.action.PICK dat= typ=vnd.android.cursor.dir/track flg=0x4000000 cmp=com.android.music/.TrackBrowserActivity (has extras)} from uid 10047 on display 0
11-02 06:51:14.200  2698  2727 I ActivityManager: Start proc 8574:com.android.musicfx/u0a11 for broadcast com.android.musicfx/.ControlPanelReceiver
11-02 06:51:14.450  2698  2698 D ZenLog  : intercepted: 0|com.android.music|1|null|10047,alarmsOnly
11-02 06:51:14.451  2698  2698 V NotificationService: pkg=com.android.music canInterrupt=false intercept=true
11-02 06:51:14.454  2698  3434 I ActivityManager: START u0 {act=com.android.music.PLAYBACK_VIEWER flg=0x4000000 cmp=com.android.music/.MediaPlaybackActivity} from uid 10047 on display 0
11-02 06:51:14.794  2698  2698 V NotificationService: pkg=com.android.music canInterrupt=false intercept=true
11-02 06:51:19.264  2698  3513 W InputMethodManagerService: Window already focused, ignoring focus gain of: com.android.internal.view.IInputMethodClient$Stub$Proxy@87fc93b attribute=null, token = android.os.BinderProxy@5451bd4
11-02 06:51:22.347  2698  2698 D ZenLog  : intercepted: 0|com.android.music|1|null|10047,alarmsOnly
11-02 06:51:22.348  2698  2698 V NotificationService: pkg=com.android.music canInterrupt=false intercept=true
11-02 06:51:24.309  2698  2945 I ActivityManager: START u0 {act=android.intent.action.MAIN cat=[android.intent.category.HOME] flg=0x10200000 cmp=com.android.launcher3/.Launcher (has extras)} from uid 1000 on display 0
11-02 06:51:25.621  2698  3434 I ActivityManager: START u0 {act=com.android.systemui.recents.SHOW_RECENTS flg=0x10804000 cmp=com.android.systemui/.recents.RecentsActivity} from uid 10017 on display 0
11-02 06:51:28.021  2698  2698 V NotificationService: pkg=com.android.music canInterrupt=false intercept=true
11-02 06:51:28.030  2698  4222 I ActivityManager: START u0 {act=com.android.music.PLAYBACK_VIEWER flg=0x4000000 cmp=com.android.music/.MediaPlaybackActivity} from uid 10047 on display 0
11-02 06:51:28.304  2698  2698 V NotificationService: pkg=com.android.music canInterrupt=false intercept=true
11-02 06:51:29.899  2698  2698 D ZenLog  : intercepted: 0|com.android.music|1|null|10047,alarmsOnly
11-02 06:51:29.900  2698  2698 V NotificationService: pkg=com.android.music canInterrupt=false intercept=true
11-02 06:51:36.241  2698  2945 I ActivityManager: START u0 {act=android.intent.action.MAIN cat=[android.intent.category.HOME] flg=0x10200000 cmp=com.android.launcher3/.Launcher (has extras)} from uid 1000 on display 0
11-02 06:51:43.100  2698  3434 I ActivityManager: START u0 {act=android.intent.action.MAIN cat=[android.intent.category.LAUNCHER] flg=0x10200000 cmp=com.android.vending/.AssetBrowserActivity (has extras)} from uid 10009 on display 0
11-02 06:51:43.114  2698  2727 W BroadcastQueue: Permission Denial: broadcasting Intent { act=com.android.launcher3.action.LAUNCH flg=0x10 (has extras) } from com.android.launcher3 (pid=6591, uid=10009) requires com.google.android.launcher.permission.RECEIVE_LAUNCH_BROADCASTS due to receiver com.google.android.gms/.icing.proxy.ApplicationLauncherReceiver
11-02 06:51:43.114  2698  2727 W BroadcastQueue: Permission Denial: broadcasting Intent { act=com.android.launcher3.action.LAUNCH flg=0x10 (has extras) } from com.android.launcher3 (pid=6591, uid=10009) requires com.google.android.launcher.permission.RECEIVE_LAUNCH_BROADCASTS due to receiver com.google.android.googlequicksearchbox/com.google.android.apps.gsa.search.core.icingsync.ApplicationLaunchReceiver
11-02 06:51:43.437  2698  4709 I ActivityManager: START u0 {act=android.intent.action.MAIN cat=[android.intent.category.LAUNCHER] flg=0x10000000 cmp=com.android.vending/com.google.android.finsky.activities.MainActivity bnds=[152,534][221,603] (has extras)} from uid 10013 on display 0
11-02 06:51:46.679  2698  2945 I ActivityManager: START u0 {act=android.intent.action.MAIN cat=[android.intent.category.HOME] flg=0x10200000 cmp=com.android.launcher3/.Launcher (has extras)} from uid 1000 on display 0
11-02 06:51:48.468  2698  4529 I ActivityManager: START u0 {act=android.intent.action.MAIN cat=[android.intent.category.LAUNCHER] flg=0x10200000 cmp=com.android.camera2/com.android.camera.CameraLauncher (has extras)} from uid 10009 on display 0
11-02 06:51:48.577  2698  2727 W BroadcastQueue: Permission Denial: broadcasting Intent { act=com.android.launcher3.action.LAUNCH flg=0x10 (has extras) } from com.android.launcher3 (pid=6591, uid=10009) requires com.google.android.launcher.permission.RECEIVE_LAUNCH_BROADCASTS due to receiver com.google.android.gms/.icing.proxy.ApplicationLauncherReceiver
11-02 06:51:48.577  2698  2727 W BroadcastQueue: Permission Denial: broadcasting Intent { act=com.android.launcher3.action.LAUNCH flg=0x10 (has extras) } from com.android.launcher3 (pid=6591, uid=10009) requires com.google.android.launcher.permission.RECEIVE_LAUNCH_BROADCASTS due to receiver com.google.android.googlequicksearchbox/com.google.android.apps.gsa.search.core.icingsync.ApplicationLaunchReceiver
11-02 06:51:48.619  2698  4222 I ActivityManager: Start proc 8653:com.android.camera2/u0a32 for activity com.android.camera2/com.android.camera.CameraLauncher
11-02 06:51:49.610  2698  3418 I ActivityManager: START u0 {cmp=com.android.camera2/com.android.camera.PermissionsActivity} from uid 10032 on display 0
11-02 06:51:50.119  2698  2727 W ActivityManager: Activity pause timeout for ActivityRecord{d0b6931 u0 com.android.camera2/com.android.camera.CameraLauncher t20 f}
11-02 06:51:51.849  2698  4698 I ActivityManager: START u0 {act=android.content.pm.action.REQUEST_PERMISSIONS pkg=com.google.android.packageinstaller cmp=com.google.android.packageinstaller/com.android.packageinstaller.permission.ui.GrantPermissionsActivity (has extras)} from uid 10032 on display 0
11-02 06:51:53.873  2698  4530 D WifiService: acquireWifiLockLocked: WifiLock{NlpWifiLock type=2 binder=android.os.BinderProxy@d27080a}
11-02 06:51:53.952  2698  4529 I ActivityManager: START u0 {cmp=com.android.camera2/com.android.camera.CameraActivity} from uid 10032 on display 0
11-02 06:51:55.155  2698  4528 D WifiService: releaseWifiLockLocked: WifiLock{NlpWifiLock type=2 binder=android.os.BinderProxy@d27080a}
11-02 06:51:57.816  2698  4698 D WifiService: acquireWifiLockLocked: WifiLock{NlpWifiLock type=2 binder=android.os.BinderProxy@4506c27}
11-02 06:51:59.631  2698  4140 D WifiService: releaseWifiLockLocked: WifiLock{NlpWifiLock type=2 binder=android.os.BinderProxy@4506c27}
11-02 06:52:09.960  2698  4140 I ActivityManager: START u0 {cmp=com.android.camera2/com.android.camera.settings.CameraSettingsActivity} from uid 10032 on display 0
11-02 06:52:10.501  2698  2727 W ActivityManager: Activity pause timeout for ActivityRecord{f359ad6 u0 com.android.camera2/com.android.camera.CameraActivity t20}
11-02 06:52:14.076  2698  3516 I ActivityManager: START u0 {cmp=com.android.camera2/com.android.camera.settings.CameraSettingsActivity (has extras)} from uid 10032 on display 0
11-02 06:52:16.738  2698  3434 I ActivityManager: START u0 {cmp=com.android.camera2/com.android.camera.settings.CameraSettingsActivity (has extras)} from uid 10032 on display 0
11-02 06:52:17.851  2698  3513 D WifiService: acquireWifiLockLocked: WifiLock{NlpWifiLock type=2 binder=android.os.BinderProxy@4506c27}
11-02 06:52:18.032  2698  3362 D ConnectivityService: notifyType CAP_CHANGED for NetworkAgentInfo [WIFI () - 101]
11-02 06:52:18.997  2698  3515 D WifiService: releaseWifiLockLocked: WifiLock{NlpWifiLock type=2 binder=android.os.BinderProxy@4506c27}
--------- beginning of main
11-02 06:52:19.312  8653  8723 I chatty  : uid=10032(com.android.camera2) fifo-pool-threa expire 2 lines
11-02 06:52:19.376  8653  8769 I chatty  : uid=10032(com.android.camera2) expire 4 lines
11-02 06:52:19.415  8653  8770 I chatty  : uid=10032(com.android.camera2) expire 4 lines
11-02 06:52:19.588  1742  1742 D gpsd    : WakeLock(Acquire,SUPL)
11-02 06:52:19.609  2698  4529 D WifiService: acquireWifiLockLocked: WifiLock{NlpWifiLock type=2 binder=android.os.BinderProxy@4506c27}
11-02 06:52:19.665  1708  2019 I chatty  : uid=1000(system) Binder_3 expire 11 lines
11-02 06:52:19.720  2698  6177 I chatty  : uid=1000(system) AsyncTask #3 expire 2 lines
11-02 06:52:20.406  1722  8774 I chatty  : uid=1013(media) /system/bin/mediaserver expire 1 line
11-02 06:52:20.433  8653  8661 I chatty  : uid=10032(com.android.camera2) FinalizerDaemon expire 1 line
11-02 06:52:20.434  1722  8776 I chatty  : uid=1013(media) /system/bin/mediaserver expire 1 line
11-02 06:52:20.435  1722  8779 I chatty  : uid=1013(media) /system/bin/mediaserver expire 2 lines
11-02 06:52:20.436  1722  8778 I chatty  : uid=1013(media) /system/bin/mediaserver expire 2 lines
11-02 06:52:20.591  1722  1722 I V4L2CameraParameters: queryAEAWBLockUnLock: aelock_awblock supported
11-02 06:52:20.591  1722  1722 I CameraHAL: initDefaultParameters(): camera device supports AE/AWB lock
11-02 06:52:20.591  1722  1722 I V4L2CameraParameters: ctrl:Touchfocus areas supported and is currently set to 1
11-02 06:52:20.591  1722  1722 I V4L2CameraParameters: ctrl:ISO supported and is currently set to 1
11-02 06:52:20.591  1722  1722 I CameraHAL: initDefaultParameters(): camera device supports auto,50,100,200,400,800,1200,1600,2400,3200,sports,night,movie iso modes
11-02 06:52:20.591  1722  1722 I V4L2CameraParameters: ctrl:Metering supported and is currently set to 2
11-02 06:52:20.591  1722  1722 I CameraHAL: initDefaultParameters(): camera device supports matrix,center,spot metering modes
11-02 06:52:20.591  1722  1722 I V4L2CameraParameters: ctrl:WDR supported and is currently set to 1
11-02 06:52:20.591  1722  1722 I CameraHAL: initDefaultParameters(): camera device supports wdr mode
11-02 06:52:20.591  1722  1722 I CameraHAL: initDefaultParameters(): camera device doesnot support antishake mode
11-02 06:52:20.591  1722  1722 I CameraHAL: initDefaultParameters(): camera device doesnot support beauty shot
11-02 06:52:20.591  1722  1722 I CameraHAL: initDefaultParameters(): camera device doesnot support blur levels
11-02 06:52:20.591  1722  1722 I CameraHAL: initDefaultParameters(): camera device doesnot support firmware mode
11-02 06:52:20.591  1722  1722 I V4L2CameraParameters: ctrl:Check Dataline supported and is currently set to 0
11-02 06:52:20.591  1722  1722 I CameraHAL: initDefaultParameters(): camera device supports dtp mode
11-02 06:52:20.591  1722  1722 I V4L2CameraParameters: ctrl:Vtmode supported and is currently set to 1
11-02 06:52:20.591  1722  1722 I CameraHAL: initDefaultParameters(): camera device supports vt mode
11-02 06:52:20.592  1722  1722 I V4L2CameraParameters: ctrl:Cam mode supported and is currently set to 1
11-02 06:52:20.592  1722  1722 I CameraHAL: initDefaultParameters(): camera device supports movie mode
11-02 06:52:20.592  1722  1722 E CameraHAL: -device_open(rc=0)
11-02 06:52:20.616  1722  1722 I CameraHAL: get_number_of_cameras(): reports 2 cameras
11-02 06:52:20.616  1722  1722 I CameraHAL: get_camera_info(): camera0 set to orient=90 facing=0
11-02 06:52:20.726  2698  3418 D WifiService: releaseWifiLockLocked: WifiLock{NlpWifiLock type=2 binder=android.os.BinderProxy@4506c27}
11-02 06:52:20.798  1722  3369 I CameraHAL: get_number_of_cameras(): reports 2 cameras
11-02 06:52:20.798  1722  3369 I CameraHAL: get_camera_info(): camera0 set to orient=90 facing=0
11-02 06:52:20.799  1722  2685 I CameraHAL: get_number_of_cameras(): reports 2 cameras
11-02 06:52:20.799  1722  2685 I CameraHAL: get_camera_info(): camera0 set to orient=90 facing=0
11-02 06:52:20.808  8653  8701 I chatty  : uid=10032(com.android.camera2) AsyncTask #1 expire 2 lines
11-02 06:52:20.839  1722  3369 I CameraHAL: get_number_of_cameras(): reports 2 cameras
11-02 06:52:20.839  1722  3369 I CameraHAL: get_camera_info(): camera0 set to orient=90 facing=0
11-02 06:52:20.860  1722  2685 I CameraHAL: get_number_of_cameras(): reports 2 cameras
11-02 06:52:20.860  1722  2685 I CameraHAL: get_camera_info(): camera0 set to orient=90 facing=0
11-02 06:52:20.865  1722  3369 I CameraHAL: get_number_of_cameras(): reports 2 cameras
11-02 06:52:20.865  1722  3369 I CameraHAL: get_camera_info(): camera1 set to orient=270 facing=1
11-02 06:52:20.870  1722  3369 I CameraHAL: get_number_of_cameras(): reports 2 cameras
11-02 06:52:20.870  1722  3369 I CameraHAL: get_camera_info(): camera1 set to orient=270 facing=1
11-02 06:52:20.872  8653  8785 I chatty  : uid=10032(com.android.camera2) expire 3 lines
11-02 06:52:20.927  8653  8787 I chatty  : uid=10032(com.android.camera2) expire 4 lines
11-02 06:52:20.956  1722  3369 I CameraHAL: verifyParameters(KEY_EXPOSURE_COMPENSATION): 0
11-02 06:52:20.956  1722  3369 I CameraHAL: verifyParameters(): Foucs Area ---
11-02 06:52:20.956  1722  3369 I CameraHAL: verifyParameters(): max_focus_areas = 1
11-02 06:52:20.956  1722  3369 I CameraHAL: verifyParameters(): focus area=(0, 0, 1, 1, 1)
11-02 06:52:20.956  1722  3369 I CameraHAL: verifyParameters(): focus area passed !!
11-02 06:52:20.957  8653  8717 I chatty  : uid=10032(com.android.camera2) .mCameraHandler expire 1 line
11-02 06:52:20.966  8653  8717 V CAM_SettingsManager: listeners: [com.android.camera.app.CameraAppUI@649acfa, com.android.camera.ButtonManager@4566d08, com.android.camera.widget.IndicatorIconController@7f59ec6, com.android.camera.settings.SettingObserver$Listener@e765cc0]
11-02 06:52:20.966  8653  8717 V CAM_SettingsManager: listeners: [com.android.camera.app.CameraAppUI@649acfa, com.android.camera.ButtonManager@4566d08, com.android.camera.widget.IndicatorIconController@7f59ec6, com.android.camera.settings.SettingObserver$Listener@e765cc0, com.android.camera.settings.SettingObserver$Listener@7b3a13e]
11-02 06:52:20.967  8653  8653 D CAM_CaptureModule: Ready for capture.
11-02 06:52:20.967  8653  8653 V CAM_CameraAppUI: onPreviewStarted
11-02 06:52:20.969  8653  8790 D CAM_CommandExecutor: Executing command: com.android.camera.one.v2.commands.PreviewCommand@e4ca331 START
11-02 06:52:20.973  8653  8790 I RequestQueue: Repeating capture request set.
11-02 06:52:20.974  8653  8790 D CAM_CommandExecutor: Executing command: com.android.camera.one.v2.commands.PreviewCommand@e4ca331 END
11-02 06:52:20.977  8653  8785 W LegacyRequestMapper: convertRequestMetadata - control.awbRegions setting is not supported, ignoring value
11-02 06:52:20.978  8653  8785 W LegacyRequestMapper: Only received metering rectangles with weight 0.
11-02 06:52:20.979  8653  8785 W LegacyMetadataMapper: convertAfModeToLegacy - ignoring unsupported mode 4, defaulting to auto
11-02 06:52:20.981  1722  1722 I CameraHAL: verifyParameters(KEY_EXPOSURE_COMPENSATION): 0
11-02 06:52:20.981  1722  1722 I CameraHAL: verifyParameters(): Foucs Area ---
11-02 06:52:20.981  1722  1722 I CameraHAL: verifyParameters(): max_focus_areas = 1
11-02 06:52:20.981  1722  1722 I CameraHAL: verifyParameters(): focus area=(-1000, -1000, 1000, 1000, 1)
11-02 06:52:20.981  1722  1722 I CameraHAL: verifyParameters(): focus area passed !!
11-02 06:52:20.983  1722  3369 I V4L2CameraDevice: setPreviewWindow(): current: 0x0 -> new: 0x42aad250
11-02 06:52:20.983  1722  3369 E CameraHAL: startPreview(): preview_size 640 x 480
11-02 06:52:20.983  1722  3369 I CameraHAL: startPreview(): starting camera with width=640 height=480
11-02 06:52:20.983  1722  3369 I CameraHAL: startPreview(): in normal camera preview mode 
11-02 06:52:20.983  1722  3369 E V4L2CameraDevice: unsupported pixel format YU12
11-02 06:52:20.983  1722  3369 I V4L2CameraDevice: startDevice(): checking whether sensor supports zoom levels
11-02 06:52:20.983  1722  3369 I V4L2CameraDevice: startDevice(): engaging external ISP for zoom
11-02 06:52:20.983  1722  3369 I V4L2CameraDevice: startDevice(): selected resolution 1280x960(aspect ration=1.33) at 30.00 fps
11-02 06:52:20.983  1722  3369 I V4L2CameraDevice: startDevice: mCameraFormat: UYVY
11-02 06:52:20.985  1722  3369 I V4L2CameraDevice: startDevice: mCameraFormat: UYVY
11-02 06:52:20.995  1722  3369 I V4L2CameraDevice: startDevice: mExpectedFormat: YU12
11-02 06:52:21.000  1722  3369 I V4L2CameraDevice: startDevice: mExpectedFormat: YU12
11-02 06:52:21.000  1722  3369 I V4L2CameraDevice: startDevice: mExpectedFormat: YU12
11-02 06:52:21.005  1722  3369 I V4L2CameraDevice: startDevice: mExpectedFormat: YU12
11-02 06:52:21.006  1722  3369 I V4L2CameraDevice: startDevice: mExpectedFormat: YU12
11-02 06:52:21.008  2698  3362 D ConnectivityService: notifyType CAP_CHANGED for NetworkAgentInfo [WIFI () - 101]
11-02 06:52:21.012  1722  3369 I V4L2CameraDevice: startDevice: mExpectedFormat: YU12
11-02 06:52:21.012  1722  3369 I V4L2CameraDevice: startDevice: mExpectedFormat: YU12
11-02 06:52:21.019  1722  3369 I V4L2CameraDevice: startDevice: mExpectedFormat: YU12
11-02 06:52:21.019  1722  3369 I V4L2CameraDevice: startDevice(): successfully started camera device(w=640,h=480,fmt=YU12)
11-02 06:52:21.019  1722  3369 I V4L2CameraDevice: startDeliveringFrames(): CAMERA_PREVIEW_MODE 
11-02 06:52:21.150  1722  3369 I V4L2CameraDevice: startDeliveringFrames(): camera device is now streaming
11-02 06:52:21.150  1722  3369 I V4L2CameraParameters: setPreveiwFrameRange(): setting frame range(minFps=16000, maxFps=30000) fr=8
11-02 06:52:21.265  1722  8791 I V4L2CameraDevice: updatePreviewWindow(): fb 480x800
11-02 06:52:21.266  1722  8791 I V4L2CameraDevice: updatePreviewWindow(): setting buffer geometry to 640x480
11-02 06:52:21.274  1722  3369 I CameraHAL: __setParameters(): preview frame range set to 16000,30000
11-02 06:52:21.274  1722  3369 I CameraHAL: __setParameters(): shot_mode : -1
11-02 06:52:21.274  1722  3369 I V4L2CameraParameters: setAntiBanding(): setting antibanding freq=2
11-02 06:52:21.274  1722  3369 I CameraHAL: __setParameters(): antibanding set to 50hz
11-02 06:52:21.274  1722  3369 E V4L2CameraParameters: setFocusArea(): -1000 -1000 1000 1000 1
11-02 06:52:21.274  1722  3369 E V4L2CameraParameters: setFocusArea() normalized: 0 0 1280 960 1
11-02 06:52:21.274  1722  3369 E CameraHAL: CameraHALFlash
11-02 06:52:21.274  1722  3369 I V4L2CameraParameters: setFlashMode(): setting mode=2
11-02 06:52:21.274  1722  3369 I CameraHAL: __setParameters(): flash mode set to auto
11-02 06:52:21.275  1722  3369 I CameraHAL: __setParameters(): Thumbnail quality set to 85
11-02 06:52:21.275  1722  3369 I CameraHAL: __setParameters(): Jpeg quality set to 85
11-02 06:52:21.279  1722  1722 I V4L2CameraParameters: Canceled auto focus success 
11-02 06:52:21.281  8653  8787 E HAWAII_EGL: abuffer = (640 480) (100)
11-02 06:52:21.282  8653  8787 I CameraDeviceState: Legacy camera service transitioning to state CAPTURING
11-02 06:52:21.292  8653  8787 D HAWAII_EGL: eglMakeCurrent(0x481f16d8, 0x481f1708, 0x481f1708) Thread: 8787
11-02 06:52:21.305  8653  8787 E HAWAII_EGL: abuffer = (640 480) (100)
11-02 06:52:21.309  8653  8653 D CAM_CaptureModule: onSurfaceTextureUpdated --> updatePreviewTransform
11-02 06:52:21.309  8653  8653 D CAM_CaptureModule: updatePreviewTransform: 480 x 800
11-02 06:52:21.311  8653  8653 V CAM_CameraAppUI: hiding cover via onSurfaceTextureUpdated
11-02 06:52:21.311  8653  8653 D CameraPerformanceTracker: First preview frame received
11-02 06:52:21.311  8653  8705 E HAWAII_EGL: abuffer = (640 480) (10000b22)
11-02 06:52:21.314  8653  8653 V CAM_CaptureModule: AF status is state:INACTIVE
11-02 06:52:21.318  8653  8787 D HAWAII_EGL: eglMakeCurrent(0x481f16d8, 0x481f1708, 0x481f1708) Thread: 8787
11-02 06:52:21.326  8653  8705 E HAWAII_EGL: abuffer = (640 480) (10000b22)
11-02 06:52:21.331  8653  8653 V CAM_FocusController: configurePreviewDimensions(RectF(0.0, 0.0, 480.0, 640.0))
11-02 06:52:21.331  8653  8653 I CAM_FocusRingView: Computing center via preview size.
11-02 06:52:21.353  8653  8787 D HAWAII_EGL: eglMakeCurrent(0x481f16d8, 0x481f1708, 0x481f1708) Thread: 8787
11-02 06:52:21.371  8653  8705 E HAWAII_EGL: abuffer = (640 480) (10000b22)
11-02 06:52:21.388  8653  8787 D HAWAII_EGL: eglMakeCurrent(0x481f16d8, 0x481f1708, 0x481f1708) Thread: 8787
11-02 06:52:21.418  8653  8787 D HAWAII_EGL: eglMakeCurrent(0x481f16d8, 0x481f1708, 0x481f1708) Thread: 8787
11-02 06:52:21.457  8653  8787 D HAWAII_EGL: eglMakeCurrent(0x481f16d8, 0x481f1708, 0x481f1708) Thread: 8787
11-02 06:52:21.507  8653  8787 D HAWAII_EGL: eglMakeCurrent(0x481f16d8, 0x481f1708, 0x481f1708) Thread: 8787
11-02 06:52:21.554  8653  8787 D HAWAII_EGL: eglMakeCurrent(0x481f16d8, 0x481f1708, 0x481f1708) Thread: 8787
11-02 06:52:21.596  8653  8787 D HAWAII_EGL: eglMakeCurrent(0x481f16d8, 0x481f1708, 0x481f1708) Thread: 8787
11-02 06:52:21.620  8653  8787 D HAWAII_EGL: eglMakeCurrent(0x481f16d8, 0x481f1708, 0x481f1708) Thread: 8787
11-02 06:52:21.655  8653  8787 D HAWAII_EGL: eglMakeCurrent(0x481f16d8, 0x481f1708, 0x481f1708) Thread: 8787
11-02 06:52:21.686  8653  8787 D HAWAII_EGL: eglMakeCurrent(0x481f16d8, 0x481f1708, 0x481f1708) Thread: 8787
11-02 06:52:21.721  8653  8787 D HAWAII_EGL: eglMakeCurrent(0x481f16d8, 0x481f1708, 0x481f1708) Thread: 8787
11-02 06:52:21.752  8653  8787 D HAWAII_EGL: eglMakeCurrent(0x481f16d8, 0x481f1708, 0x481f1708) Thread: 8787
11-02 06:52:21.791  8653  8787 D HAWAII_EGL: eglMakeCurrent(0x481f16d8, 0x481f1708, 0x481f1708) Thread: 8787
11-02 06:52:21.821  8653  8787 D HAWAII_EGL: eglMakeCurrent(0x481f16d8, 0x481f1708, 0x481f1708) Thread: 8787
11-02 06:52:21.851  8653  8787 D HAWAII_EGL: eglMakeCurrent(0x481f16d8, 0x481f1708, 0x481f1708) Thread: 8787
11-02 06:52:21.886  8653  8787 D HAWAII_EGL: eglMakeCurrent(0x481f16d8, 0x481f1708, 0x481f1708) Thread: 8787
11-02 06:52:21.920  8653  8787 D HAWAII_EGL: eglMakeCurrent(0x481f16d8, 0x481f1708, 0x481f1708) Thread: 8787
11-02 06:52:21.952  8653  8787 D HAWAII_EGL: eglMakeCurrent(0x481f16d8, 0x481f1708, 0x481f1708) Thread: 8787
11-02 06:52:21.989  2698  3360 I chatty  : uid=1000(system) WifiStateMachin expire 10 lines
11-02 06:52:21.997  8653  8787 D HAWAII_EGL: eglMakeCurrent(0x481f16d8, 0x481f1708, 0x481f1708) Thread: 8787
11-02 06:52:22.018  8653  8787 D HAWAII_EGL: eglMakeCurrent(0x481f16d8, 0x481f1708, 0x481f1708) Thread: 8787
11-02 06:52:22.052  8653  8787 D HAWAII_EGL: eglMakeCurrent(0x481f16d8, 0x481f1708, 0x481f1708) Thread: 8787
11-02 06:52:22.096  8653  8787 D HAWAII_EGL: eglMakeCurrent(0x481f16d8, 0x481f1708, 0x481f1708) Thread: 8787
11-02 06:52:22.117  8653  8787 D HAWAII_EGL: eglMakeCurrent(0x481f16d8, 0x481f1708, 0x481f1708) Thread: 8787
11-02 06:52:22.157  8653  8787 D HAWAII_EGL: eglMakeCurrent(0x481f16d8, 0x481f1708, 0x481f1708) Thread: 8787
11-02 06:52:22.187  8653  8787 D HAWAII_EGL: eglMakeCurrent(0x481f16d8, 0x481f1708, 0x481f1708) Thread: 8787
11-02 06:52:22.220  8653  8787 D HAWAII_EGL: eglMakeCurrent(0x481f16d8, 0x481f1708, 0x481f1708) Thread: 8787
11-02 06:52:22.251  8653  8787 D HAWAII_EGL: eglMakeCurrent(0x481f16d8, 0x481f1708, 0x481f1708) Thread: 8787
11-02 06:52:22.286  8653  8787 D HAWAII_EGL: eglMakeCurrent(0x481f16d8, 0x481f1708, 0x481f1708) Thread: 8787
11-02 06:52:22.324  8653  8653 V CAM_CameraAppUI: Enabling hardware layer for the Mode Options Toggle Button.
11-02 06:52:22.325  8653  8653 V CAM_CameraAppUI: Enabling hardware layer for the Shutter Button.
11-02 06:52:22.325  8653  8653 V CAM_ModeListView: Enabling hardware layer for the Settings Button.
11-02 06:52:22.371  8653  8787 D HAWAII_EGL: eglMakeCurrent(0x481f16d8, 0x481f1708, 0x481f1708) Thread: 8787
11-02 06:52:22.399  8653  8787 E HAWAII_EGL: abuffer = (640 480) (100)
11-02 06:52:22.433  8653  8787 D HAWAII_EGL: eglMakeCurrent(0x481f16d8, 0x481f1708, 0x481f1708) Thread: 8787
11-02 06:52:22.451  8653  8787 D HAWAII_EGL: eglMakeCurrent(0x481f16d8, 0x481f1708, 0x481f1708) Thread: 8787
11-02 06:52:22.506  8653  8787 D HAWAII_EGL: eglMakeCurrent(0x481f16d8, 0x481f1708, 0x481f1708) Thread: 8787
11-02 06:52:22.532  8653  8787 D HAWAII_EGL: eglMakeCurrent(0x481f16d8, 0x481f1708, 0x481f1708) Thread: 8787
11-02 06:52:22.557  8653  8787 D HAWAII_EGL: eglMakeCurrent(0x481f16d8, 0x481f1708, 0x481f1708) Thread: 8787
11-02 06:52:22.593  8653  8787 D HAWAII_EGL: eglMakeCurrent(0x481f16d8, 0x481f1708, 0x481f1708) Thread: 8787
11-02 06:52:22.605  8653  8653 V CAM_CameraAppUI: Disabling hardware layer for the Mode Options Toggle Button.
11-02 06:52:22.605  8653  8653 V CAM_CameraAppUI: Disabling hardware layer for the Shutter Button.
11-02 06:52:22.605  8653  8653 V CAM_ModeListView: Disabling hardware layer for the Settings Button. (via alpha)
11-02 06:52:22.628  8653  8787 D HAWAII_EGL: eglMakeCurrent(0x481f16d8, 0x481f1708, 0x481f1708) Thread: 8787
11-02 06:52:22.652  8653  8787 D HAWAII_EGL: eglMakeCurrent(0x481f16d8, 0x481f1708, 0x481f1708) Thread: 8787
11-02 06:52:22.685  8653  8787 D HAWAII_EGL: eglMakeCurrent(0x481f16d8, 0x481f1708, 0x481f1708) Thread: 8787
11-02 06:52:22.725  8653  8787 D HAWAII_EGL: eglMakeCurrent(0x481f16d8, 0x481f1708, 0x481f1708) Thread: 8787
11-02 06:52:22.751  8653  8787 D HAWAII_EGL: eglMakeCurrent(0x481f16d8, 0x481f1708, 0x481f1708) Thread: 8787
11-02 06:52:22.788  8653  8787 D HAWAII_EGL: eglMakeCurrent(0x481f16d8, 0x481f1708, 0x481f1708) Thread: 8787
11-02 06:52:22.819  8653  8787 D HAWAII_EGL: eglMakeCurrent(0x481f16d8, 0x481f1708, 0x481f1708) Thread: 8787
