11-02 06:30:02.357  2698  2947 W PackageManager: Not granting permission android.permission.BIND_WALLPAPER to package com.android.camera2 (protectionLevel=18 flags=0x30d8bc45)
11-02 06:30:02.357  2698  2947 W PackageManager: Unknown permission com.android.launcher.permission.READ_SETTINGS in package com.android.launcher3
11-02 06:30:02.357  2698  2947 W PackageManager: Unknown permission com.android.launcher.permission.WRITE_SETTINGS in package com.android.launcher3
11-02 06:30:02.357  2698  2947 W PackageManager: Not granting permission com.google.android.googleapps.permission.GOOGLE_AUTH.mail to package com.android.calendar (protectionLevel=2 flags=0x3089be45)
11-02 06:30:02.358  2698  2947 W PackageManager: Unknown permission android.permission.READ_OWNER_DATA in package com.google.android.setupwizard
11-02 06:30:02.358  2698  2947 W PackageManager: Unknown permission android.permission.WRITE_OWNER_DATA in package com.google.android.setupwizard
11-02 06:30:02.359  2698  2947 W PackageManager: Not granting permission android.permission.INTERACT_ACROSS_USERS to package com.google.android.syncadapters.contacts (protectionLevel=50 flags=0x38883e45)
11-02 06:30:02.359  2698  2947 W PackageManager: Unknown permission android.permission.MANAGE_SOUND_TRIGGER in package com.google.android.gms
11-02 06:30:02.359  2698  2947 W PackageManager: Unknown permission com.google.android.apps.enterprise.dmagent.permission.AutoSyncPermission in package com.google.android.gms
11-02 06:30:02.359  2698  2947 W PackageManager: Unknown permission android.permission.CONNECTIVITY_USE_RESTRICTED_NETWORKS in package com.google.android.gms
11-02 06:30:02.359  2698  2947 W PackageManager: Unknown permission android.permission.SEND_SMS_NO_CONFIRMATION in package com.google.android.gms
11-02 06:30:02.361  2698  2947 W PackageManager: Unknown permission android.permission.TETHER_PRIVILEGED in package com.google.android.gms
11-02 06:30:02.361  2698  2947 W PackageManager: Unknown permission com.google.android.hangouts.START_HANGOUT in package com.google.android.gms
11-02 06:30:02.361  2698  2947 W PackageManager: Unknown permission android.permission.READ_OEM_UNLOCK_STATE in package com.google.android.gms
11-02 06:30:02.361  2698  2947 W PackageManager: Unknown permission com.google.android.wearable.READ_SETTINGS in package com.google.android.gms
11-02 06:30:02.361  2698  2947 W PackageManager: Unknown permission com.google.android.wh.supervisor.permission.ACCESS_METADATA_SERVICE in package com.google.android.gms
11-02 06:30:02.361  2698  2947 W PackageManager: Unknown permission android.permission.SUBSTITUTE_NOTIFICATION_APP_NAME in package com.google.android.gms
11-02 06:30:02.361  2698  2947 W PackageManager: Unknown permission com.google.android.gm.permission.READ_GMAIL in package com.google.android.gms
11-02 06:30:02.362  2698  2947 W PackageManager: Unknown permission com.android.launcher.permission.PRELOAD_WORKSPACE in package com.google.android.partnersetup
11-02 06:30:02.362  2698  2947 W PackageManager: Not granting permission android.permission.DELETE_PACKAGES to package com.svox.pico (protectionLevel=18 flags=0x3888be45)
11-02 06:30:02.362  2698  2947 W PackageManager: Unknown permission com.google.android.gallery3d.permission.PICASA_STORE in package com.android.dreams.phototable
11-02 06:30:02.363  2698  2947 W PackageManager: Not granting permission android.permission.CONTROL_KEYGUARD to package com.google.android.gsf.login (protectionLevel=2 flags=0x30c8be45)
11-02 06:30:02.364  2698  2947 W PackageManager: Unknown permission com.android.vending.billing.IBillingAccountService.BIND2 in package com.google.android.gsf.login
11-02 06:30:02.364  2698  2947 W PackageManager: Unknown permission com.android.chrome.TOS_ACKED in package com.google.android.gsf.login
11-02 06:30:02.365  2698  2947 W PackageManager: Unknown permission com.android.launcher.permission.READ_SETTINGS in package com.android.settings
11-02 06:30:02.365  2698  2947 W PackageManager: Unknown permission com.android.launcher.permission.WRITE_SETTINGS in package com.android.settings
11-02 06:30:02.365  2698  2947 W PackageManager: Not granting permission android.permission.REBOOT to package eu.chainfire.supersu (protectionLevel=18 flags=0x38083e04)
11-02 06:30:02.369  2698  2947 W PackageManager: Unknown permission com.google.android.gallery3d.permission.GALLERY_PROVIDER in package com.android.bluetooth
11-02 06:30:02.383  2698  2698 W PackageManager: No disk maintenance in 1478061002383; running immediately
11-02 06:30:02.490  2698  2945 I ActivityManager: Config changes=8 {1.0 ?mcc?mnc en_US ldltr sw320dp w320dp h509dp 240dpi nrml long port finger -keyb/h/h -nav/h s.5}
11-02 06:30:02.505  2698  2947 W MountService: No primary storage mounted!
11-02 06:30:02.505  2698  2947 D VoldConnector: SND -> {2 asec list}
11-02 06:30:02.505  2698  2948 D VoldConnector: RCV <- {200 2 asec operation succeeded}
11-02 06:30:02.517  2698  2947 I MountService: Running fstrim idle maintenance
11-02 06:30:02.518  2698  2947 D VoldConnector: SND -> {3 fstrim dotrim}
11-02 06:30:02.519  2698  2948 D VoldConnector: RCV <- {200 3 Command succeeded}
11-02 06:30:02.526  1453  2953 D vold    : Starting trim of /efs
11-02 06:30:02.569  1453  2953 I vold    : Trimmed 14147584 bytes on /efs in 43ms
11-02 06:30:02.570  1453  2953 D vold    : Starting trim of /cache
11-02 06:30:02.570  2698  2948 D VoldConnector: RCV <- {662 /efs 14147584 43365479}
11-02 06:30:02.572  2698  2729 E VoldConnector: Error handling '662 /efs 14147584 43365479': java.lang.NullPointerException: Attempt to invoke virtual method 'void android.os.DropBoxManager.addText(java.lang.String, java.lang.String)' on a null object reference
11-02 06:30:03.087  1453  2953 I vold    : Trimmed 187936768 bytes on /cache in 516ms
11-02 06:30:03.087  1453  2953 D vold    : Starting trim of /data
11-02 06:30:03.088  2698  2948 D VoldConnector: RCV <- {662 /cache 187936768 516998290}
11-02 06:30:03.091  2698  2729 E VoldConnector: Error handling '662 /cache 187936768 516998290': java.lang.NullPointerException: Attempt to invoke virtual method 'void android.os.DropBoxManager.addText(java.lang.String, java.lang.String)' on a null object reference
11-02 06:30:09.863  1453  2953 I vold    : Trimmed 1761845248 bytes on /data in 6775ms
11-02 06:30:09.863  1453  2953 D vold    : Starting trim of none
11-02 06:30:09.863  1453  2953 W vold    : Failed to open none: No such file or directory
11-02 06:30:09.863  2698  2948 D VoldConnector: RCV <- {662 /data 1761845248 6775421145}
11-02 06:30:09.864  2698  2729 E VoldConnector: Error handling '662 /data 1761845248 6775421145': java.lang.NullPointerException: Attempt to invoke virtual method 'void android.os.DropBoxManager.addText(java.lang.String, java.lang.String)' on a null object reference
11-02 06:30:55.130  2698  2727 W ProcessCpuTracker: Skipping unknown process pid 3013
11-02 06:35:55.895  2698  2727 W ProcessCpuTracker: Skipping unknown process pid 3176
11-02 06:37:56.212  2698  2727 W ProcessCpuTracker: Skipping unknown process pid 3345
11-02 06:38:04.589  2698  2698 I SystemServer: LockSettingsService
11-02 06:38:04.619  2698  2698 I SystemServiceManager: Starting com.android.server.DeviceIdleController
11-02 06:38:04.657  2698  2698 I SystemServiceManager: Starting com.android.server.devicepolicy.DevicePolicyManagerService$Lifecycle
11-02 06:38:04.702  2698  2698 I SystemServer: Status Bar
11-02 06:38:04.731  2698  2698 I SystemServer: Clipboard Service
11-02 06:38:04.751  2698  2698 I SystemServer: NetworkManagement Service
11-02 06:38:04.787  2698  2698 I SystemServer: Text Service Manager Service
11-02 06:38:04.854  2698  2698 I SystemServer: Network Score Service
11-02 06:38:04.872  2698  2698 I SystemServer: NetworkStats Service
11-02 06:38:04.928  2698  2698 I SystemServer: NetworkPolicy Service
11-02 06:38:05.015  2698  2698 I SystemServiceManager: Starting com.android.server.wifi.p2p.WifiP2pService
11-02 06:38:05.195  2698  2698 I SystemServiceManager: Starting com.android.server.wifi.WifiService
11-02 06:38:05.591  2698  2698 I SystemServiceManager: Starting com.android.server.wifi.WifiScanningService
11-02 06:38:05.603  2698  2698 I SystemServiceManager: Starting com.android.server.wifi.RttService
11-02 06:38:05.605  2698  2698 I SystemServer: Connectivity Service
11-02 06:38:05.619  2698  2698 D ConnectivityService: ConnectivityService starting up
11-02 06:38:05.637  2698  2698 D ConnectivityService: wifiOnly=false
11-02 06:38:05.637  2698  2698 E ConnectivityService: Ignoring protectedNetwork 10
11-02 06:38:05.637  2698  2698 E ConnectivityService: Ignoring protectedNetwork 11
11-02 06:38:05.637  2698  2698 E ConnectivityService: Ignoring protectedNetwork 12
11-02 06:38:05.637  2698  2698 E ConnectivityService: Ignoring protectedNetwork 14
11-02 06:38:05.637  2698  2698 E ConnectivityService: Ignoring protectedNetwork 15
11-02 06:38:05.675  2698  2698 I SystemServer: Network Service Discovery Service
11-02 06:38:05.688  2698  2698 D NsdService: Network service discovery enabled true
11-02 06:38:05.691  2698  2698 I SystemServer: UpdateLock Service
11-02 06:38:05.700  2698  2698 I SystemServiceManager: Starting com.android.server.notification.NotificationManagerService
11-02 06:38:05.835  2698  2698 I SystemServiceManager: Starting com.android.server.storage.DeviceStorageMonitorService
11-02 06:38:05.837  2698  2698 I SystemServer: Location Manager
11-02 06:38:05.852  2698  2698 I SystemServer: Country Detector
11-02 06:38:05.863  2698  2698 I SystemServer: Search Service
11-02 06:38:05.868  2698  2698 I SystemServer: DropBox Service
11-02 06:38:05.870  2698  2698 I SystemServer: Wallpaper Service
11-02 06:38:05.898  2698  2698 W WallpaperManagerService: no current wallpaper -- first boot?
11-02 06:38:05.899  2698  2698 I SystemServer: Audio Service
11-02 06:38:06.060  2698  2698 I SystemServiceManager: Starting com.android.server.DockObserver
11-02 06:38:06.061  2698  2698 W DockObserver: This kernel does not have dock station support
11-02 06:38:06.062  2698  2698 I SystemServer: Wired Accessory Manager
11-02 06:38:06.074  2698  2698 W WiredAccessoryManager: This kernel does not have HDMI audio support
11-02 06:38:06.074  2698  2698 I SystemServiceManager: Starting com.android.server.usb.UsbService$Lifecycle
11-02 06:38:06.132  2698  2698 I SystemServer: Serial Service
11-02 06:38:06.133  2698  2698 I SystemServiceManager: Starting com.android.server.twilight.TwilightService
11-02 06:38:06.148  2698  2698 I SystemServiceManager: Starting com.android.server.job.JobSchedulerService
11-02 06:38:06.180  2698  2698 I SystemServiceManager: Starting com.android.server.backup.BackupManagerService$Lifecycle
11-02 06:38:06.190  2698  2698 I SystemServiceManager: Starting com.android.server.appwidget.AppWidgetService
11-02 06:38:06.212  2698  2698 I SystemServiceManager: Starting com.android.server.voiceinteraction.VoiceInteractionManagerService
11-02 06:38:06.215  2698  2698 W SoundTriggerHelper: listModules status=0, # of modules=0
11-02 06:38:06.259  2698  2698 I SystemServer: Gesture Launcher Service
11-02 06:38:06.259  2698  2698 I SystemServiceManager: Starting com.android.server.GestureLauncherService
11-02 06:38:06.259  2698  2698 I SystemServer: DiskStats Service
11-02 06:38:06.261  2698  2698 I SystemServer: SamplingProfiler Service
11-02 06:38:06.272  2698  2698 I SystemServer: NetworkTimeUpdateService
11-02 06:38:06.273  2698  2698 I SystemServer: CommonTimeManagementService
11-02 06:38:06.277  2698  2698 I SystemServer: CertBlacklister
11-02 06:38:06.278  2698  2698 I SystemServiceManager: Starting com.android.server.dreams.DreamManagerService
11-02 06:38:06.282  2698  2698 I SystemServer: Assets Atlas Service
11-02 06:38:06.303  2698  2698 I SystemServiceManager: Starting com.android.server.print.PrintManagerService
11-02 06:38:06.322  2698  2698 I SystemServiceManager: Starting com.android.server.restrictions.RestrictionsManagerService
11-02 06:38:06.326  2698  2698 I SystemServiceManager: Starting com.android.server.media.MediaSessionService
11-02 06:38:06.343  2698  2698 I SystemServer: Media Router Service
11-02 06:38:06.344  2698  2698 I SystemServiceManager: Starting com.android.server.trust.TrustManagerService
11-02 06:38:06.353  2698  2698 I SystemServiceManager: Starting com.android.server.fingerprint.FingerprintService
11-02 06:38:06.374  2698  2698 W FingerprintService: fingerprint service not available
11-02 06:38:06.374  2698  2698 V FingerprintService: Fingerprint HAL id: 0
11-02 06:38:06.374  2698  2698 I SystemServer: BackgroundDexOptService
11-02 06:38:06.388  2698  2698 I SystemServiceManager: Starting com.android.server.pm.LauncherAppsService
11-02 06:38:06.420  2698  2698 I SystemServiceManager: Starting com.android.server.media.projection.MediaProjectionManagerService
11-02 06:38:06.502  2698  2698 I SystemServiceManager: Starting com.android.server.MmsServiceBroker
11-02 06:38:06.637  2698  2698 I LockSettingsService: Migrated lock settings to new location
11-02 06:38:06.649  2698  2698 I LockSettingsService: Migrated per-user lock settings to new location
11-02 06:38:06.686  2698  2698 I LockSettingsService: Migrated biometric weak to use the fallback instead
11-02 06:38:06.690  2698  2698 I LockSettingsService: Migrated lockscreen disabled flag
11-02 06:38:06.696  2698  2698 E LockSettingsStorage: Cannot read file java.io.FileNotFoundException: /data/system/gatekeeper.password.key: open failed: ENOENT (No such file or directory)
11-02 06:38:06.696  2698  2698 E LockSettingsStorage: Cannot read file java.io.FileNotFoundException: /data/system/password.key: open failed: ENOENT (No such file or directory)
11-02 06:38:06.696  2698  2698 E LockSettingsStorage: Cannot read file java.io.FileNotFoundException: /data/system/gatekeeper.pattern.key: open failed: ENOENT (No such file or directory)
11-02 06:38:06.697  2698  2698 E LockSettingsStorage: Cannot read file java.io.FileNotFoundException: /data/system/gatekeeper.gesture.key: open failed: ENOENT (No such file or directory)
11-02 06:38:06.697  2698  2698 E LockSettingsStorage: Cannot read file java.io.FileNotFoundException: /data/system/gesture.key: open failed: ENOENT (No such file or directory)
11-02 06:38:06.697  2698  2698 I SystemServiceManager: Starting phase 480
11-02 06:38:06.750  2698  2698 I SystemServiceManager: Starting phase 500
11-02 06:38:06.783  2698  2698 I WifiService: WifiService starting up with Wi-Fi disabled
11-02 06:38:06.837  2698  3361 D WifiService: New client listening to asynchronous messages
11-02 06:38:06.934  2698  2698 V BackupManagerService: No ancestral data
11-02 06:38:07.477  2698  2698 V KeyValueBackupJob: Scheduling k/v pass in 245 minutes
11-02 06:38:07.777  2698  2698 V BackupManagerService: Starting with transport com.google.android.gms/.backup.BackupTransportService
11-02 06:38:07.777  2698  2698 V BackupManagerService: Found transports: 2
11-02 06:38:07.778  2698  2698 I BackupManagerService: Binding to transport host ComponentInfo{android/com.android.internal.backup.LocalTransportService}
11-02 06:38:07.787  2698  2698 I BackupManagerService: Binding to transport host ComponentInfo{com.google.android.gms/com.google.android.gms.backup.BackupTransportService}
11-02 06:38:07.852  2698  2698 D VoldConnector: SND -> {4 volume remount_uid 1001 none}
11-02 06:38:07.859  1453  1530 D vold    : Remounting 1001 as mode none
11-02 06:38:07.866  1453  1530 D vold    : Found matching PID 1728
11-02 06:38:07.866  1453  1530 W vold    : Skipping due to root namespace
11-02 06:38:07.875  2698  2948 D VoldConnector: RCV <- {200 4 Command succeeded}
11-02 06:38:07.875  2698  2698 D VoldConnector: SND -> {5 volume remount_uid 1001 none}
11-02 06:38:07.876  1453  1530 D vold    : Remounting 1001 as mode none
11-02 06:38:07.880  1453  1530 D vold    : Found matching PID 1728
11-02 06:38:07.880  1453  1530 W vold    : Skipping due to root namespace
11-02 06:38:07.881  2698  2948 D VoldConnector: RCV <- {200 5 Command succeeded}
11-02 06:38:07.882  2698  2698 D VoldConnector: SND -> {6 volume remount_uid 1000 none}
11-02 06:38:07.882  1453  1530 D vold    : Remounting 1000 as mode none
11-02 06:38:07.887  1453  1530 D vold    : Found matching PID 1707
11-02 06:38:07.887  1453  1530 W vold    : Skipping due to root namespace
11-02 06:38:07.887  1453  1530 D vold    : Found matching PID 1708
11-02 06:38:07.887  1453  1530 W vold    : Skipping due to root namespace
11-02 06:38:07.888  1453  1530 D vold    : Found matching PID 1727
11-02 06:38:07.888  1453  1530 W vold    : Skipping due to root namespace
11-02 06:38:07.888  1453  1530 D vold    : Found matching PID 1729
11-02 06:38:07.888  1453  1530 W vold    : Skipping due to root namespace
11-02 06:38:07.888  1453  1530 D vold    : Found matching PID 1737
11-02 06:38:07.888  1453  1530 W vold    : Skipping due to root namespace
11-02 06:38:07.888  1453  1530 D vold    : Found matching PID 2698
11-02 06:38:07.889  2698  2734 W KeyguardServiceDelegate: onScreenTurningOn(): no keyguard service!
11-02 06:38:07.936  2698  2948 D VoldConnector: RCV <- {200 6 Command succeeded}
11-02 06:38:07.937  2698  2698 D VoldConnector: SND -> {7 volume remount_uid 1000 none}
11-02 06:38:07.937  1453  1530 D vold    : Remounting 1000 as mode none
11-02 06:38:07.940  1453  1530 D vold    : Found matching PID 1707
11-02 06:38:07.941  1453  1530 W vold    : Skipping due to root namespace
11-02 06:38:07.941  1453  1530 D vold    : Found matching PID 1708
11-02 06:38:07.941  1453  1530 W vold    : Skipping due to root namespace
11-02 06:38:07.941  1453  1530 D vold    : Found matching PID 1727
11-02 06:38:07.941  1453  1530 W vold    : Skipping due to root namespace
11-02 06:38:07.941  1453  1530 D vold    : Found matching PID 1729
11-02 06:38:07.941  1453  1530 W vold    : Skipping due to root namespace
11-02 06:38:07.941  1453  1530 D vold    : Found matching PID 1737
11-02 06:38:07.941  1453  1530 W vold    : Skipping due to root namespace
11-02 06:38:07.941  1453  1530 D vold    : Found matching PID 2698
11-02 06:38:07.977  2698  2948 D VoldConnector: RCV <- {200 7 Command succeeded}
11-02 06:38:07.979  2698  2698 D VoldConnector: SND -> {8 volume remount_uid 2000 none}
11-02 06:38:07.979  1453  1530 D vold    : Remounting 2000 as mode none
11-02 06:38:07.983  1453  1530 D vold    : Found matching PID 1718
11-02 06:38:07.983  1453  1530 W vold    : Skipping due to root namespace
11-02 06:38:07.984  2698  2948 D VoldConnector: RCV <- {200 8 Command succeeded}
11-02 06:38:07.985  2698  2698 D VoldConnector: SND -> {9 volume remount_uid 2000 none}
11-02 06:38:07.985  1453  1530 D vold    : Remounting 2000 as mode none
11-02 06:38:07.989  1453  1530 D vold    : Found matching PID 1718
11-02 06:38:07.989  1453  1530 W vold    : Skipping due to root namespace
11-02 06:38:07.990  2698  2948 D VoldConnector: RCV <- {200 9 Command succeeded}
11-02 06:38:07.991  2698  2698 D VoldConnector: SND -> {10 volume remount_uid 10017 none}
11-02 06:38:07.991  1453  1530 D vold    : Remounting 10017 as mode none
11-02 06:38:07.996  2698  2948 D VoldConnector: RCV <- {200 10 Command succeeded}
11-02 06:38:07.997  2698  2698 D VoldConnector: SND -> {11 volume remount_uid 10017 none}
11-02 06:38:07.998  1453  1530 D vold    : Remounting 10017 as mode none
11-02 06:38:08.002  2698  2948 D VoldConnector: RCV <- {200 11 Command succeeded}
11-02 06:38:08.003  2698  2698 D VoldConnector: SND -> {12 volume remount_uid 1002 none}
11-02 06:38:08.003  1453  1530 D vold    : Remounting 1002 as mode none
11-02 06:38:08.008  2698  2948 D VoldConnector: RCV <- {200 12 Command succeeded}
11-02 06:38:08.008  2698  2698 D VoldConnector: SND -> {13 volume remount_uid 1002 none}
11-02 06:38:08.009  1453  1530 D vold    : Remounting 1002 as mode none
11-02 06:38:08.014  2698  2948 D VoldConnector: RCV <- {200 13 Command succeeded}
11-02 06:38:08.040  2698  2698 D VoldConnector: SND -> {14 volume remount_uid 10026 none}
11-02 06:38:08.040  1453  1530 D vold    : Remounting 10026 as mode none
11-02 06:38:08.045  2698  2948 D VoldConnector: RCV <- {200 14 Command succeeded}
11-02 06:38:08.047  2698  2698 D VoldConnector: SND -> {15 volume remount_uid 10013 none}
11-02 06:38:08.047  1453  1530 D vold    : Remounting 10013 as mode none
11-02 06:38:08.052  2698  2948 D VoldConnector: RCV <- {200 15 Command succeeded}
11-02 06:38:08.052  2698  2698 D VoldConnector: SND -> {16 volume remount_uid 10013 none}
11-02 06:38:08.053  1453  1530 D vold    : Remounting 10013 as mode none
11-02 06:38:08.058  2698  2948 D VoldConnector: RCV <- {200 16 Command succeeded}
11-02 06:38:08.060  2698  2698 D VoldConnector: SND -> {17 volume remount_uid 10032 none}
11-02 06:38:08.060  1453  1530 D vold    : Remounting 10032 as mode none
11-02 06:38:08.065  2698  2948 D VoldConnector: RCV <- {200 17 Command succeeded}
11-02 06:38:08.066  2698  2698 D VoldConnector: SND -> {18 volume remount_uid 10032 none}
11-02 06:38:08.066  1453  1530 D vold    : Remounting 10032 as mode none
11-02 06:38:08.071  2698  2948 D VoldConnector: RCV <- {200 18 Command succeeded}
11-02 06:38:08.072  2698  2698 D VoldConnector: SND -> {19 volume remount_uid 10007 none}
11-02 06:38:08.072  1453  1530 D vold    : Remounting 10007 as mode none
11-02 06:38:08.078  2698  2948 D VoldConnector: RCV <- {200 19 Command succeeded}
11-02 06:38:08.079  2698  2698 D VoldConnector: SND -> {20 volume remount_uid 10007 none}
11-02 06:38:08.079  1453  1530 D vold    : Remounting 10007 as mode none
11-02 06:38:08.083  2698  2948 D VoldConnector: RCV <- {200 20 Command succeeded}
11-02 06:38:08.084  2698  2698 D VoldConnector: SND -> {21 volume remount_uid 10008 none}
11-02 06:38:08.084  1453  1530 D vold    : Remounting 10008 as mode none
11-02 06:38:08.089  2698  2948 D VoldConnector: RCV <- {200 21 Command succeeded}
11-02 06:38:08.090  2698  2698 D VoldConnector: SND -> {22 volume remount_uid 10008 none}
11-02 06:38:08.090  1453  1530 D vold    : Remounting 10008 as mode none
11-02 06:38:08.096  2698  2948 D VoldConnector: RCV <- {200 22 Command succeeded}
11-02 06:38:08.098  2698  2698 D VoldConnector: SND -> {23 volume remount_uid 10001 none}
11-02 06:38:08.098  1453  1530 D vold    : Remounting 10001 as mode none
11-02 06:38:08.103  2698  2948 D VoldConnector: RCV <- {200 23 Command succeeded}
11-02 06:38:08.104  2698  2698 D VoldConnector: SND -> {24 volume remount_uid 10001 none}
11-02 06:38:08.104  1453  1530 D vold    : Remounting 10001 as mode none
11-02 06:38:08.110  2698  2948 D VoldConnector: RCV <- {200 24 Command succeeded}
11-02 06:38:08.116  2698  2698 D VoldConnector: SND -> {25 volume remount_uid 10012 none}
11-02 06:38:08.116  1453  1530 D vold    : Remounting 10012 as mode none
11-02 06:38:08.121  2698  2948 D VoldConnector: RCV <- {200 25 Command succeeded}
11-02 06:38:08.122  2698  2698 D VoldConnector: SND -> {26 volume remount_uid 10012 none}
11-02 06:38:08.122  1453  1530 D vold    : Remounting 10012 as mode none
11-02 06:38:08.127  2698  2948 D VoldConnector: RCV <- {200 26 Command succeeded}
11-02 06:38:08.159  2698  2698 I ActivityManager: Pre-boot of {com.android.providers.calendar/com.android.providers.calendar.CalendarUpgradeReceiver} for user 0
11-02 06:38:08.162  2698  2698 I SystemServer: Enabled StrictMode for system server main thread.
11-02 06:38:08.189  2698  2727 I ActivityManager: Start proc 3395:com.android.providers.calendar/u0a1 for broadcast com.android.providers.calendar/.CalendarUpgradeReceiver
11-02 06:38:08.374  2698  2698 V BackupManagerService: Connected to transport ComponentInfo{android/com.android.internal.backup.LocalTransportService}
11-02 06:38:08.374  2698  2698 V BackupManagerService: Registering transport android/com.android.internal.backup.LocalTransportService::android/com.android.internal.backup.LocalTransport = android.app.backup.BackupTransport$TransportImpl@573a80a
11-02 06:38:08.438  2698  2724 I ActivityManager: Launching preboot mode app: ProcessRecord{12dc87b 3395:com.android.providers.calendar/u0a1}
11-02 06:38:08.688  2698  3416 I ActivityManager: Pre-boot of {com.android.providers.contacts/com.android.providers.contacts.ContactsUpgradeReceiver} for user 0
11-02 06:38:08.706  2698  3416 I ActivityManager: Start proc 3421:android.process.acore/u0a2 for broadcast com.android.providers.contacts/.ContactsUpgradeReceiver
11-02 06:38:08.802  2698  3416 I ActivityManager: Launching preboot mode app: ProcessRecord{db60698 3421:android.process.acore/u0a2}
11-02 06:38:08.901  2698  2728 W WindowManager: Keyguard drawn timeout. Setting mKeyguardDrawComplete
11-02 06:38:12.032  2698  3418 I ActivityManager: Pre-boot of {com.android.managedprovisioning/com.android.managedprovisioning.PreBootListener} for user 0
11-02 06:38:12.050  2698  3418 I ActivityManager: Start proc 3446:com.android.managedprovisioning/u0a10 for broadcast com.android.managedprovisioning/.PreBootListener
11-02 06:38:12.189  2698  2724 I ActivityManager: Launching preboot mode app: ProcessRecord{dc67157 3446:com.android.managedprovisioning/u0a10}
11-02 06:38:12.320  2698  3418 I ActivityManager: Pre-boot of {com.android.providers.media/com.android.providers.media.MediaUpgradeReceiver} for user 0
11-02 06:38:12.339  2698  3418 I ActivityManager: Start proc 3459:android.process.media/u0a7 for broadcast com.android.providers.media/.MediaUpgradeReceiver
11-02 06:38:12.495  2698  3418 I ActivityManager: Launching preboot mode app: ProcessRecord{450f444 3459:android.process.media/u0a7}
11-02 06:38:12.792  2698  3434 I ActivityManager: Pre-boot of {com.android.settings/com.android.settings.ManagedProfileSetup} for user 0
11-02 06:38:12.822  2698  3434 I ActivityManager: Start proc 3473:com.android.settings/1000 for broadcast com.android.settings/.ManagedProfileSetup
11-02 06:38:12.907  2698  3418 I ActivityManager: Launching preboot mode app: ProcessRecord{17ce92d 3473:com.android.settings/1000}
11-02 06:38:13.141  2698  2725 I ActivityManager: Pre-boot of {com.google.android.gsf/com.google.android.gsf.loginservice.MigrateToAccountManagerBroadcastReceiver} for user 0
11-02 06:38:13.163  2698  2725 I ActivityManager: Start proc 3486:com.google.process.gapps/u0a12 for broadcast com.google.android.gsf/.loginservice.MigrateToAccountManagerBroadcastReceiver
11-02 06:38:13.311  2698  3418 I ActivityManager: Launching preboot mode app: ProcessRecord{7092e62 3486:com.google.process.gapps/u0a12}
11-02 06:38:13.546  2698  3418 I ActivityManager: Pre-boot of {com.google.android.googlequicksearchbox/com.google.android.apps.gsa.googlequicksearchbox.GelStubAppWatcher} for user 0
11-02 06:38:13.568  2698  3418 I ActivityManager: Start proc 3500:com.google.android.googlequicksearchbox:search/u0a27 for broadcast com.google.android.googlequicksearchbox/com.google.android.apps.gsa.googlequicksearchbox.GelStubAppWatcher
11-02 06:38:13.716  2698  2724 I ActivityManager: Launching preboot mode app: ProcessRecord{cd6cbf3 3500:com.google.android.googlequicksearchbox:search/u0a27}
11-02 06:38:14.174  2698  2727 I ActivityManager: Removing system update proc: ProcessRecord{12dc87b 3395:com.android.providers.calendar/u0a1}
11-02 06:38:14.175  2698  2727 I ActivityManager: Killing 3395:com.android.providers.calendar/u0a1 (adj 15): system update done
11-02 06:38:14.306  2698  2727 D ActivityManager: cleanUpApplicationRecord -- 3395
11-02 06:38:14.308  2698  2727 I ActivityManager: Removing system update proc: ProcessRecord{db60698 3421:android.process.acore/u0a2}
11-02 06:38:14.308  2698  2727 I ActivityManager: Killing 3421:android.process.acore/u0a2 (adj 13): system update done
11-02 06:38:14.396  2698  2727 D ActivityManager: cleanUpApplicationRecord -- 3421
11-02 06:38:14.396  2698  2727 I ActivityManager: Removing system update proc: ProcessRecord{dc67157 3446:com.android.managedprovisioning/u0a10}
11-02 06:38:14.396  2698  2727 I ActivityManager: Killing 3446:com.android.managedprovisioning/u0a10 (adj 13): system update done
11-02 06:38:14.466  2698  2727 D ActivityManager: cleanUpApplicationRecord -- 3446
11-02 06:38:14.466  2698  2727 I ActivityManager: Removing system update proc: ProcessRecord{450f444 3459:android.process.media/u0a7}
11-02 06:38:14.466  2698  2727 I ActivityManager: Killing 3459:android.process.media/u0a7 (adj 11): system update done
11-02 06:38:14.536  2698  2727 D ActivityManager: cleanUpApplicationRecord -- 3459
11-02 06:38:14.536  2698  2727 I ActivityManager: Removing system update proc: ProcessRecord{17ce92d 3473:com.android.settings/1000}
11-02 06:38:14.536  2698  2727 I ActivityManager: Killing 3473:com.android.settings/1000 (adj 11): system update done
11-02 06:38:14.606  2698  2727 D ActivityManager: cleanUpApplicationRecord -- 3473
11-02 06:38:14.606  2698  2727 I ActivityManager: Removing system update proc: ProcessRecord{7092e62 3486:com.google.process.gapps/u0a12}
11-02 06:38:14.606  2698  2727 I ActivityManager: Killing 3486:com.google.process.gapps/u0a12 (adj 9): system update done
11-02 06:38:14.686  2698  2727 D ActivityManager: cleanUpApplicationRecord -- 3486
11-02 06:38:14.686  2698  2727 I ActivityManager: Removing system update proc: ProcessRecord{cd6cbf3 3500:com.google.android.googlequicksearchbox:search/u0a27}
11-02 06:38:14.686  2698  2727 I ActivityManager: Killing 3500:com.google.android.googlequicksearchbox:search/u0a27 (adj 9): system update done
11-02 06:38:14.786  2698  2727 D ActivityManager: cleanUpApplicationRecord -- 3500
11-02 06:38:14.786  2698  2727 I ActivityManager: System now ready
11-02 06:38:14.789  2698  2724 W ActivityManager: Spurious death for ProcessRecord{12dc87b 0:com.android.providers.calendar/u0a1}, curProc for 3395: null
11-02 06:38:14.789  2698  3418 W ActivityManager: Spurious death for ProcessRecord{db60698 0:android.process.acore/u0a2}, curProc for 3421: null
11-02 06:38:14.789  2698  3434 W ActivityManager: Spurious death for ProcessRecord{dc67157 0:com.android.managedprovisioning/u0a10}, curProc for 3446: null
11-02 06:38:14.790  2698  2725 W ActivityManager: Spurious death for ProcessRecord{450f444 0:android.process.media/u0a7}, curProc for 3459: null
11-02 06:38:14.790  2698  3416 W ActivityManager: Spurious death for ProcessRecord{17ce92d 0:com.android.settings/1000}, curProc for 3473: null
11-02 06:38:14.790  2698  3513 W ActivityManager: Spurious death for ProcessRecord{7092e62 0:com.google.process.gapps/u0a12}, curProc for 3486: null
11-02 06:38:14.791  2698  3514 W ActivityManager: Spurious death for ProcessRecord{cd6cbf3 0:com.google.android.googlequicksearchbox:search/u0a27}, curProc for 3500: null
11-02 06:38:14.799  2698  2727 I SystemServer: Making services ready
11-02 06:38:14.800  2698  2727 I SystemServiceManager: Starting phase 550
11-02 06:38:14.820  2698  2947 D MountService: Thinking about reset, mSystemReady=true, mDaemonConnected=true
11-02 06:38:14.821  2698  2947 D VoldConnector: SND -> {27 volume reset}
11-02 06:38:14.821  2698  2948 D VoldConnector: RCV <- {651 emulated 7}
11-02 06:38:14.821  2698  2948 D VoldConnector: RCV <- {659 emulated}
11-02 06:38:14.821  2698  2948 D VoldConnector: RCV <- {650 emulated 2 "" ""}
11-02 06:38:14.822  2698  2948 D VoldConnector: RCV <- {651 emulated 0}
11-02 06:38:14.822  1453  1530 V vold    : /system/bin/sgdisk
11-02 06:38:14.822  1453  1530 V vold    :     --android-dump
11-02 06:38:14.822  1453  1530 V vold    :     /dev/block/vold/disk:179,32
11-02 06:38:14.822  2698  2948 D VoldConnector: RCV <- {651 public:179,33 7}
11-02 06:38:14.822  2698  2948 D VoldConnector: RCV <- {659 public:179,33}
11-02 06:38:14.822  2698  2948 D VoldConnector: RCV <- {649 disk:179,32}
11-02 06:38:14.822  2698  2948 D VoldConnector: RCV <- {640 disk:179,32 5}
11-02 06:38:14.822  2698  2948 D VoldConnector: RCV <- {641 disk:179,32 31104958464}
11-02 06:38:14.822  2698  2948 D VoldConnector: RCV <- {642 disk:179,32 }
11-02 06:38:14.826  2698  2948 D VoldConnector: RCV <- {644 disk:179,32 /sys//devices/platform/sdhci.0/mmc_host/mmc2/mmc2:0007/block/mmcblk1}
11-02 06:38:14.846  2698  2727 D UsbAlsaManager: Adding ALSA device AlsaDevice: [card: 0, device: 1, type: 1]
11-02 06:38:14.846  2698  2727 D UsbAlsaManager: Adding ALSA device AlsaDevice: [card: 0, device: 0, type: 1]
11-02 06:38:14.846  2698  2727 D UsbAlsaManager: Adding ALSA device AlsaDevice: [card: 0, device: 1, type: 2]
11-02 06:38:14.846  2698  2727 D UsbAlsaManager: Adding ALSA device AlsaDevice: [card: 0, device: 0, type: 2]
11-02 06:38:14.875  1453  1530 V vold    : DISK mbr
11-02 06:38:14.875  1453  1530 V vold    : PART 1 c
11-02 06:38:14.877  2698  2948 D VoldConnector: RCV <- {650 public:179,33 0 "disk:179,32" ""}
11-02 06:38:14.877  2698  2948 D VoldConnector: RCV <- {651 public:179,33 0}
11-02 06:38:14.877  2698  2948 D VoldConnector: RCV <- {643 disk:179,32}
11-02 06:38:14.878  2698  2948 D VoldConnector: RCV <- {200 27 Command succeeded}
11-02 06:38:14.878  2698  2947 D VoldConnector: SND -> {28 volume user_added 0 0}
11-02 06:38:14.882  2698  2948 D VoldConnector: RCV <- {200 28 Command succeeded}
11-02 06:38:14.912  2698  2729 V MountService: Found primary storage at VolumeInfo{emulated}:
11-02 06:38:14.912  2698  2729 V MountService:     type=EMULATED diskId=null partGuid=null mountFlags=0 mountUserId=-1 
11-02 06:38:14.912  2698  2729 V MountService:     state=UNMOUNTED 
11-02 06:38:14.912  2698  2729 V MountService:     fsType=null fsUuid=null fsLabel=null 
11-02 06:38:14.912  2698  2729 V MountService:     path=null internalPath=null 
11-02 06:38:14.912  2698  2947 D VoldConnector: SND -> {29 volume mount emulated 3 -1}
11-02 06:38:14.914  2698  2948 D VoldConnector: RCV <- {651 emulated 1}
11-02 06:38:14.914  2698  2948 D VoldConnector: RCV <- {656 emulated /data/media}
11-02 06:38:14.914  2698  2948 D VoldConnector: RCV <- {655 emulated /storage/emulated}
11-02 06:38:14.914  1453  1530 V vold    : Waiting for FUSE to spin up...
11-02 06:38:14.956  2698  2727 I SystemServer: WebViewFactory preparation
11-02 06:38:14.965  2698  2948 D VoldConnector: RCV <- {651 emulated 2}
11-02 06:38:14.966  2698  2948 D VoldConnector: RCV <- {200 29 Command succeeded}
11-02 06:38:14.967  2698  2947 D VoldConnector: SND -> {30 volume mount public:179,33 2 0}
11-02 06:38:14.967  1453  1530 V vold    : /system/bin/blkid
11-02 06:38:14.967  1453  1530 V vold    :     -c
11-02 06:38:14.967  1453  1530 V vold    :     /dev/null
11-02 06:38:14.967  1453  1530 V vold    :     -s
11-02 06:38:14.967  1453  1530 V vold    :     TYPE
11-02 06:38:14.967  1453  1530 V vold    :     -s
11-02 06:38:14.967  1453  1530 V vold    :     UUID
11-02 06:38:14.967  2698  2948 D VoldConnector: RCV <- {651 public:179,33 1}
11-02 06:38:14.967  1453  1530 V vold    :     -s
11-02 06:38:14.967  1453  1530 V vold    :     LABEL
11-02 06:38:14.967  1453  1530 V vold    :     /dev/block/vold/public:179,33
11-02 06:38:15.080  2698  2727 I ActivityManager: Start proc 3538:WebViewLoader-armeabi-v7a/1037 [android.webkit.WebViewFactory$RelroFileCreator] for 
11-02 06:38:15.111  2698  2727 I ActivityManager: Start proc 3543:com.android.systemui/u0a17 for service com.android.systemui/.SystemUIService
11-02 06:38:15.113  2698  2727 D NetworkManagement: enabling bandwidth control
11-02 06:38:15.139  2698  3537 I ActivityManager: Start proc 3551:android.process.acore/u0a2 for content provider com.android.providers.contacts/.CallLogProvider
11-02 06:38:15.147  2698  2698 I Telecom : Class: TelecomSystem.INSTANCE being set
11-02 06:38:15.152  2698  2698 W ContextImpl: Calling a method in the system process without a qualified user: android.app.ContextImpl.startService:1221 android.content.ContextWrapper.startService:581 com.android.server.telecom.components.TelecomService.initializeTelecomSystem:107 com.android.server.telecom.components.TelecomService.onBind:46 android.app.ActivityThread.handleBindService:2904 
11-02 06:38:15.254  2698  2698 I PackageManager: Replacing preferred activity com.android.messaging/.ui.conversation.LaunchConversationActivity for user 0:
11-02 06:38:15.264  2698  2698 I PackageManager: Replacing preferred activity com.android.messaging/.ui.conversation.LaunchConversationActivity for user 0:
11-02 06:38:15.265  2698  2698 I PackageManager: Replacing preferred activity com.android.messaging/.ui.conversation.LaunchConversationActivity for user 0:
11-02 06:38:15.268  2698  2698 I PackageManager: Replacing preferred activity com.android.messaging/.ui.conversation.LaunchConversationActivity for user 0:
11-02 06:38:15.399  2698  2698 I Telecom : PhoneAccountRegistrar: SimCallManager queried, returning: null
11-02 06:38:15.443  1453  1530 V vold    : /dev/block/vold/public:179,33: LABEL="ice" />^J</c" UUID="2634-7E5B" TYPE="vfat" 
11-02 06:38:15.447  1453  1530 V vold    : /system/bin/fsck_msdos
11-02 06:38:15.447  1453  1530 V vold    :     -p
11-02 06:38:15.447  1453  1530 V vold    :     -f
11-02 06:38:15.447  1453  1530 V vold    :     /dev/block/vold/public:179,33
11-02 06:38:15.448  2698  2948 D VoldConnector: RCV <- {652 public:179,33 vfat}
11-02 06:38:15.449  2698  2948 D VoldConnector: RCV <- {653 public:179,33 2634-7E5B}
11-02 06:38:15.449  2698  2948 D VoldConnector: RCV <- {654 public:179,33 ice}
11-02 06:38:15.891  2698  2727 E NetdConnector: NDC Command {1 bandwidth enable} took too long (778ms)
11-02 06:38:17.274  2698  3514 W AppWidgetServiceImpl: Failed to read state: java.io.FileNotFoundException: /data/system/users/0/appwidgets.xml: open failed: ENOENT (No such file or directory)
11-02 06:38:17.274  2698  3514 V AppWidgetServiceImpl: Upgrading widget database from 0 to 1
11-02 06:38:17.951  2698  2727 E NetdConnector: NDC Command {2 strict enable} took too long (2058ms)
11-02 06:38:18.524  2698  2727 I SystemServiceManager: Starting phase 600
11-02 06:38:18.572  2698  2727 I BackupManagerService: Backup enabled => false
11-02 06:38:18.636  2698  2727 I ActivityManager: Start proc 4008:com.google.android.googlequicksearchbox:interactor/u0a27 for service com.google.android.googlequicksearchbox/com.google.android.voiceinteraction.GsaVoiceInteractionService
11-02 06:38:18.656  2698  2727 E InputMethodManagerService: Ignoring updateSystemUiLocked due to an invalid token. uid:1000 token:null
11-02 06:38:18.688  2698  3379 V KeyValueBackupJob: Scheduling k/v pass in 246 minutes
11-02 06:38:18.689  2698  2727 W InputMethodManagerService: Reset the default IME as "Resource" is ready here.
11-02 06:38:18.736  2698  2727 I InputMethodManagerService: Selected default: com.android.inputmethod.latin/.LatinIME
11-02 06:38:18.775  2698  2727 I ActivityManager: Start proc 4017:com.android.inputmethod.latin/u0a44 for service com.android.inputmethod.latin/.LatinIME
11-02 06:38:18.775  2698  2727 V InputMethodManagerService: Adding window token: android.os.Binder@2b7e114
11-02 06:38:18.776  2698  2698 W InputMethodManagerService: Illegal subtype state: old subtype = null, new subtype = android.view.inputmethod.InputMethodSubtype@c9194f98
11-02 06:38:18.940  2698  2698 D ZenLog  : disable_effects: -1|com.android.systemui|1397773634|public:179,33|10017,booleanState
11-02 06:38:18.949  2698  2727 E LocationManagerService: FLP HAL not supported
11-02 06:38:18.995  2698  2727 E LocationManagerService: Hardware Activity-Recognition not supported.
11-02 06:38:19.055  2698  2727 I MmsServiceBroker: Delay connecting to MmsService until an API is called
11-02 06:38:19.056  2698  2698 V WiredAccessoryManager: init()
11-02 06:38:19.068  2698  2727 D MountService: onStartUser 0
11-02 06:38:19.068  2698  2727 D VoldConnector: SND -> {31 volume user_started 0}
11-02 06:38:19.167  2698  2728 I ActivityManager: Config changes=20 {1.0 ?mcc?mnc en_US ldltr sw320dp w320dp h509dp 240dpi nrml long port finger -keyb/v/h -nav/h s.6}
11-02 06:38:19.315  2698  3416 I StatusBarManagerService: registerStatusBar bar=com.android.internal.statusbar.IStatusBar$Stub$Proxy@13f98c4
11-02 06:38:19.853  2698  3516 I ActivityManager: Start proc 4054:com.google.android.googlequicksearchbox:search/u0a27 for service com.google.android.googlequicksearchbox/com.google.android.hotword.service.HotwordService
11-02 06:38:20.697  2698  3361 D WifiService: New client listening to asynchronous messages
11-02 06:38:22.287  2698  3514 D ConnectivityService: listenForNetwork for Listen from uid/pid:10017/3543 for NetworkRequest [ id=3, legacyType=-1, [] ]
11-02 06:38:23.751  4054  4066 E ActivityThread: Failed to find provider info for com.google.android.voicesearch
11-02 06:38:23.862  2698  2724 I ActivityManager: Start proc 4091:com.google.process.gapps/u0a12 for content provider com.google.android.gsf/.gservices.GservicesProvider
11-02 06:38:25.883  2698  2947 D MountService: Volume public:179,33 broadcasting mounted to UserHandle{0}
11-02 06:38:25.985  2698  2727 I ActivityManager: Start proc 4128:com.android.settings:CryptKeeper/1000 for activity com.android.settings/.CryptKeeper
11-02 06:38:26.181  2698  2727 I ActivityManager: Start proc 4154:com.android.externalstorage/u0a8 for broadcast com.android.externalstorage/.MountReceiver
11-02 06:38:26.185  2698  2727 I ActivityManager: Force stopping com.android.providers.media appid=10007 user=-1: vold reset
11-02 06:38:27.108  2698  3361 D WifiService: New client listening to asynchronous messages
11-02 06:38:28.147  2698  3361 D WifiService: New client listening to asynchronous messages
11-02 06:38:28.637  2698  2727 I ActivityManager: Start proc 4206:com.android.music/u0a47 for broadcast com.android.music/.MediaButtonIntentReceiver
11-02 06:38:28.695  2698  3513 I ActivityManager: Start proc 4211:com.google.android.partnersetup/u0a22 for content provider com.google.android.partnersetup/.RlzAppProvider
11-02 06:38:29.351  2698  4222 I ActivityManager: Start proc 4234:android.process.media/u0a7 for content provider com.android.providers.media/.MediaProvider
11-02 06:38:36.944  2698  2726 I ActivityManager: Start proc 4267:com.android.printspooler/u0a54 for service com.android.printspooler/.model.PrintSpoolerService
11-02 06:38:37.130  2698  2727 E ActivityManager: Unable to mark boot complete for abi: armeabi-v7a
11-02 06:38:37.130  2698  2727 I SystemServiceManager: Starting phase 1000
11-02 06:38:37.282  2698  2727 I ActivityManager: Start proc 4282:com.android.bluetooth/1002 for on-hold
11-02 06:38:37.355  2698  2727 I ActivityManager: Start proc 4287:com.google.android.gms.persistent/u0a12 for on-hold
11-02 06:38:37.366  2698  2727 W KeyguardServiceDelegate: onScreenTurningOn(): no keyguard service!
11-02 06:38:37.368  2698  2727 W ActivityManager: Launch timeout has expired, giving up wake lock!
11-02 06:38:37.386  2698  3418 I ActivityManager: START u0 {act=android.intent.action.MAIN cat=[android.intent.category.HOME] flg=0x10000000 cmp=com.google.android.setupwizard/.SetupWizardActivity} from uid 0 on display 0
11-02 06:38:37.469  2698  2727 I ActivityManager: Start proc 4306:com.google.android.setupwizard/u0a23 for activity com.google.android.setupwizard/.SetupWizardActivity
11-02 06:38:38.958  2698  4140 D WifiService: setWifiEnabled: true pid=4306, uid=10023
11-02 06:38:38.958  2698  4140 E WifiService: Invoking mWifiStateMachine.setWifiEnabled
11-02 06:38:39.008  2698  2725 I ActivityManager: START u0 {act=com.android.wizard.LOAD flg=0x10000000 cmp=com.google.android.setupwizard/.WizardManager (has extras)} from uid 10023 on display 0
11-02 06:38:39.025  2698  3361 D WifiService: New client listening to asynchronous messages
11-02 06:38:39.103  2698  2724 I ActivityManager: START u0 {act=com.android.setupwizard.WELCOME flg=0x4000000 cmp=com.google.android.setupwizard/.Welcome (has extras)} from uid 10023 on display 0
11-02 06:38:39.185  2698  3418 I ActivityManager: Start proc 4355:com.android.smspush/u0a57 for service com.android.smspush/.WapPushManager
11-02 06:38:39.586  2698  3515 I ActivityManager: Start proc 4373:com.google.android.tts/u0a62 for service com.google.android.tts/.service.GoogleTTSService
11-02 06:38:39.752  2698  3362 E ConnectivityService: Failed to find Messenger in unregisterNetworkFactory
11-02 06:38:39.754  2698  3362 D ConnectivityService: Got NetworkFactory Messenger for Telephony
11-02 06:38:40.436  2698  3515 I ActivityManager: Start proc 4422:com.google.android.gms/u0a12 for service com.google.android.gms/.chimera.GmsIntentOperationService
11-02 06:38:40.666  2698  2725 I ActivityManager: Process com.android.bluetooth (pid 4282) has died
11-02 06:38:40.667  2698  2725 D ActivityManager: cleanUpApplicationRecord -- 4282
11-02 06:38:41.053  2698  3514 I ActivityManager: Config changes=4 {1.0 ?mcc?mnc en_US ldltr sw320dp w320dp h509dp 240dpi nrml long port finger -keyb/v/h -nav/h s.7}
11-02 06:38:41.093  2698  2727 D CryptdConnector: SND -> {2 cryptfs setfield SystemLocale en-US}
11-02 06:38:41.094  1453  1531 I Ext4Crypt: ext4 crypto complete called on /data
11-02 06:38:41.094  1453  1531 I Ext4Crypt: No master key, so not ext4enc
11-02 06:38:41.094  2698  2949 D CryptdConnector: RCV <- {200 2 0}
11-02 06:38:41.128  2698  3416 I ActivityManager: Start proc 4443:com.android.vending/u0a13 for broadcast com.android.vending/com.google.android.finsky.receivers.ClearCacheReceiver
11-02 06:38:41.470  2698  2698 V BackupManagerService: Connected to transport ComponentInfo{com.google.android.gms/com.google.android.gms.backup.BackupTransportService}
11-02 06:38:41.526  2698  3361 D WifiService: New client listening to asynchronous messages
11-02 06:38:41.532  2698  3361 D WifiService: New client listening to asynchronous messages
11-02 06:38:41.682  2698  2698 V BackupManagerService: Registering transport com.google.android.gms/.backup.BackupTransportService::com.google.android.gms/.backup.BackupTransportService = com.android.internal.backup.IBackupTransport$Stub$Proxy@52ed2b5
11-02 06:38:41.739  2698  2724 I Telecom : PhoneAccountRegistrar: New phone account registered: [[ ] PhoneAccount: ComponentInfo{com.android.phone/com.android.services.telephony.TelephonyConnectionService}, [e0184adedf913b076626646d3f52c3b49c39ad6d], UserHandle{0} Capabilities: 54 Schemes: tel voicemail ]
11-02 06:38:42.449  2698  2724 I Telecom : : Sending phone-account intent as user
11-02 06:38:42.644  2698  3362 D ConnectivityService: Got NetworkFactory Messenger for WIFI
11-02 06:38:42.645  2698  3362 D ConnectivityService: Got NetworkFactory Messenger for WIFI_UT
11-02 06:38:42.722  2698  4222 W Telecom : : No account found for the calling user
11-02 06:38:49.976  2698  3513 I ActivityManager: Process com.android.vending (pid 4443) has died
11-02 06:38:49.976  2698  3513 D ActivityManager: cleanUpApplicationRecord -- 4443
11-02 06:38:49.976  2698  3513 W ActivityManager: Scheduling restart of crashed service com.android.vending/com.google.android.finsky.wear.WearSupportService in 11370ms
11-02 06:38:49.976  2698  3513 W ActivityManager: Scheduling restart of crashed service com.android.vending/com.google.android.finsky.services.DailyHygiene$DailyHygieneService in 21370ms
11-02 06:38:50.351  4123  4142 D MccTable: defaultLanguageForMcc(0): no country for mcc
11-02 06:38:50.351  4123  4142 D MccTable: getLocaleFromMcc(null, , 0
11-02 06:38:50.351  4123  4142 D MccTable: getLocaleForLanguageCountry: skipping no language
11-02 06:38:50.493  2698  3515 I Telecom : PhoneAccountRegistrar: New phone account registered: [[ ] PhoneAccount: ComponentInfo{com.android.phone/com.android.services.telephony.TelephonyConnectionService}, [2be88ca4242c76e8253ac62474851065032d6833], UserHandle{0} Capabilities: 54 Schemes: tel voicemail ]
11-02 06:38:50.512  2698  3515 I Telecom : : Sending phone-account intent as user
11-02 06:38:50.550  2698  3416 W Telecom : : No account found for the calling user
11-02 06:38:50.582  2698  3434 I ActivityManager: Start proc 4546:com.android.carrierconfig/u0a3 for service com.android.carrierconfig/.DefaultCarrierConfigService
11-02 06:38:51.364  2698  3514 I Telecom : PhoneAccountRegistrar: [ComponentInfo{com.android.phone/com.android.services.telephony.TelephonyConnectionService}, [2be88ca4242c76e8253ac62474851065032d6833], UserHandle{0}(icon: Icon(typ=BITMAP size=29x36) -> Icon(typ=BITMAP size=29x36))]
11-02 06:38:51.427  2698  3514 I Telecom : : Sending phone-account intent as user
11-02 06:38:51.454  2698  2725 W Telecom : : No account found for the calling user
11-02 06:38:51.628  2698  4140 I Telecom : PhoneAccountRegistrar: [ComponentInfo{com.android.phone/com.android.services.telephony.TelephonyConnectionService}, [2be88ca4242c76e8253ac62474851065032d6833], UserHandle{0}(icon: Icon(typ=BITMAP size=29x36) -> Icon(typ=BITMAP size=29x36))]
11-02 06:38:51.982  2698  4140 I Telecom : : Sending phone-account intent as user
11-02 06:38:52.023  2698  3516 W Telecom : : No account found for the calling user
11-02 06:38:52.055  2698  4222 I Telecom : PhoneAccountRegistrar: [ComponentInfo{com.android.phone/com.android.services.telephony.TelephonyConnectionService}, [2be88ca4242c76e8253ac62474851065032d6833], UserHandle{0}(icon: Icon(typ=BITMAP size=29x36) -> Icon(typ=BITMAP size=29x36))]
11-02 06:38:52.464  2698  4222 I Telecom : : Sending phone-account intent as user
11-02 06:38:54.104  2698  4528 W InputMethodInfo: Duplicated subtype definition found: , voice
11-02 06:38:54.253  4123  4123 D MccTable: updateMccMncConfiguration mccmnc='24603' fromServiceState=true
11-02 06:38:54.253  4123  4123 D MccTable: updateMccMncConfiguration defaultMccMnc=
11-02 06:38:54.253  4123  4123 D MccTable: updateMccMncConfiguration: mcc=246, mnc=3
11-02 06:38:54.305  4123  4123 D MccTable: timezone set to Europe/Vilnius
11-02 06:38:54.305  4123  4123 D MccTable: WIFI_COUNTRY_CODE set to lt
11-02 06:38:54.318  2698  4530 I WifiService: WifiService trying to set country code to lt with persist set to true
11-02 06:38:54.391  2698  3357 I ActivityManager: Start proc 4620:com.android.vending/u0a13 for broadcast com.android.vending/com.google.android.finsky.receivers.LocationProviderChangedReceiver
