--------- beginning of system
11-02 06:26:52.166  1453  1453 I vold    : Vold 3.0 (the awakening) firing up
11-02 06:26:52.166  1453  1453 V vold    : Detected support for: ext4 f2fs vfat
11-02 06:26:52.235  1453  1487 V vold    : /system/bin/sgdisk
11-02 06:26:52.235  1453  1487 V vold    :     --android-dump
11-02 06:26:52.235  1453  1487 V vold    :     /dev/block/vold/disk:179,32
11-02 06:26:52.304  1453  1487 V vold    : DISK mbr
11-02 06:26:52.304  1453  1487 V vold    : PART 1 c
11-02 06:26:52.745  1453  1487 D vold    : Disk at 7:0 changed
11-02 06:28:57.096  2698  2698 I InstallerConnection: connecting...
11-02 06:29:19.996  2698  2698 I InstallerConnection: disconnecting...
11-02 06:29:20.009  2698  2698 I SystemServer: Entered the Android system server!
11-02 06:29:20.241  2698  2698 I SystemServiceManager: Starting com.android.server.pm.Installer
11-02 06:29:20.241  2698  2698 I Installer: Waiting for installd to be ready.
11-02 06:29:20.241  2698  2698 I InstallerConnection: connecting...
11-02 06:29:20.244  2698  2698 I SystemServiceManager: Starting com.android.server.am.ActivityManagerService$Lifecycle
11-02 06:29:20.257  2698  2698 I ActivityManager: Memory class: 48
11-02 06:29:20.260  2698  2727 I ServiceThread: Enabled StrictMode logging for ActivityManager looper.
11-02 06:29:20.263  2698  2728 I ServiceThread: Enabled StrictMode logging for android.ui looper.
11-02 06:29:20.282  2698  2698 D BatteryStatsImpl: Reading daily items from /data/system/batterystats-daily.xml
11-02 06:29:20.291  2698  2698 I AppOps  : No existing app ops /data/system/appops.xml; starting empty
11-02 06:29:20.348  2698  2698 I IntentFirewall: Read new rules (A:0 B:0 S:0)
11-02 06:29:20.358  2698  2732 I ServiceThread: Enabled StrictMode logging for android.display looper.
11-02 06:29:20.379  2698  2698 D AppOps  : AppOpsService published
11-02 06:29:20.379  2698  2698 I SystemServiceManager: Starting com.android.server.power.PowerManagerService
11-02 06:29:20.382  2698  2734 I ServiceThread: Enabled StrictMode logging for PowerManagerService looper.
11-02 06:29:20.390  2698  2698 I SystemServiceManager: Starting com.android.server.lights.LightsService
11-02 06:29:20.394  2698  2698 I SystemServiceManager: Starting com.android.server.display.DisplayManagerService
11-02 06:29:20.407  2698  2732 I DisplayManagerService: Display device added: DisplayDeviceInfo{"Built-in Screen": uniqueId="local:0", 480 x 800, modeId 1, defaultModeId 1, supportedModes [{id=1, width=480, height=800, fps=60.0}], colorTransformId 1, defaultColorTransformId 1, supportedColorTransforms [{id=1, colorTransform=0}], density 240, 234.461 x 233.563 dpi, appVsyncOff 0, presDeadline 17666667, touch INTERNAL, rotation 0, type BUILT_IN, state UNKNOWN, FLAG_DEFAULT_DISPLAY, FLAG_ROTATES_WITH_CONTENT, FLAG_SECURE, FLAG_SUPPORTS_PROTECTED_BUFFERS}
11-02 06:29:20.412  2698  2698 I SystemServiceManager: Starting phase 100
11-02 06:29:20.418  2698  2732 I DisplayManagerService: Display device changed state: "Built-in Screen", ON
11-02 06:29:20.418  2698  2698 I SystemServer: Package Manager
11-02 06:29:20.426  2698  2698 W SELinuxMMAC: Error opening /data/system/seapp_hash. Assuming first boot.
11-02 06:29:20.430  2698  2698 W FileUtils: Failed to chmod(/data/system/packages.list): android.system.ErrnoException: chmod failed: ENOENT (No such file or directory)
11-02 06:29:20.524  2698  2698 D SELinuxMMAC: Using policy file /system/etc/security/mac_permissions.xml
11-02 06:29:20.528  2698  2698 I PackageManager: No settings file; creating initial state
11-02 06:29:23.219  2698  2698 W PackageManager: Library not found: /system/framework/org.apache.http.legacy.jar
11-02 06:29:29.350  2698  2698 W PackageParser: No actions in intent filter at /system/priv-app/Contacts/Contacts.apk Binary XML file line #388
11-02 06:29:29.977  2698  2698 W PackageParser: No actions in intent filter at /system/priv-app/Dialer/Dialer.apk Binary XML file line #174
11-02 06:29:30.531  2698  2698 W PackageManager: Permission android.permission.DOWNLOAD_WITHOUT_NOTIFICATION from package com.android.providers.downloads in an unknown group android.permission-group.NETWORK
11-02 06:29:30.735  2698  2698 W PackageManager: Permission com.android.launcher.permission.INSTALL_SHORTCUT from package com.android.launcher3 in an unknown group android.permission-group.SYSTEM_TOOLS
11-02 06:29:30.735  2698  2698 W PackageManager: Permission com.android.launcher3.permission.READ_SETTINGS from package com.android.launcher3 in an unknown group android.permission-group.SYSTEM_TOOLS
11-02 06:29:30.735  2698  2698 W PackageManager: Permission com.android.launcher3.permission.WRITE_SETTINGS from package com.android.launcher3 in an unknown group android.permission-group.SYSTEM_TOOLS
11-02 06:29:32.242  2698  2698 W PackageManager: Permission com.android.vending.CHECK_LICENSE from package com.android.vending in an unknown group android.permission-group.NETWORK
11-02 06:29:32.242  2698  2698 W PackageManager: Permission com.android.vending.BILLING from package com.android.vending in an unknown group android.permission-group.NETWORK
11-02 06:29:32.533  2698  2698 W PackageParser: Ignoring duplicate uses-permissions/uses-permissions-sdk-m: android.permission.USE_CREDENTIALS in package: com.android.settings at: Binary XML file line #55
11-02 06:29:32.533  2698  2698 W PackageParser: Ignoring duplicate uses-permissions/uses-permissions-sdk-m: android.permission.READ_SYNC_SETTINGS in package: com.android.settings at: Binary XML file line #60
11-02 06:29:32.533  2698  2698 W PackageParser: Ignoring duplicate uses-permissions/uses-permissions-sdk-m: android.permission.WRITE_SYNC_SETTINGS in package: com.android.settings at: Binary XML file line #61
11-02 06:29:32.978  2698  2698 W PackageParser: Ignoring duplicate uses-permissions/uses-permissions-sdk-m: android.permission.INSTALL_GRANT_RUNTIME_PERMISSIONS in package: com.android.shell at: Binary XML file line #101
11-02 06:29:33.099  2698  2698 W PackageParser: Ignoring duplicate uses-permissions/uses-permissions-sdk-m: android.permission.CONFIGURE_WIFI_DISPLAY in package: com.android.systemui at: Binary XML file line #120
11-02 06:29:33.669  2698  2698 W PackageParser: Unknown element under <manifest>: uses-library at /system/priv-app/GoogleFeedback/GoogleFeedback.apk Binary XML file line #30
11-02 06:29:33.757  2698  2698 W PackageParser: Ignoring duplicate uses-permissions/uses-permissions-sdk-m: com.google.android.providers.gsf.permission.READ_GSERVICES in package: com.google.android.partnersetup at: Binary XML file line #31
11-02 06:29:35.579  2698  2698 W PackageManager: Permission com.google.android.gms.permission.ACTIVITY_RECOGNITION from package com.google.android.gms in an unknown group android.permission-group.PERSONAL_INFO
11-02 06:29:35.730  2698  2698 W PackageManager: Permission com.google.android.googleapps.permission.GOOGLE_AUTH from package com.google.android.gsf in an unknown group android.permission-group.ACCOUNTS
11-02 06:29:35.730  2698  2698 W PackageManager: Permission com.google.android.googleapps.permission.GOOGLE_AUTH.ALL_SERVICES from package com.google.android.gsf in an unknown group android.permission-group.ACCOUNTS
11-02 06:29:35.730  2698  2698 W PackageManager: Permission com.google.android.googleapps.permission.GOOGLE_AUTH.OTHER_SERVICES from package com.google.android.gsf in an unknown group android.permission-group.ACCOUNTS
11-02 06:29:35.730  2698  2698 W PackageManager: Permission com.google.android.googleapps.permission.GOOGLE_AUTH.mail from package com.google.android.gsf in an unknown group android.permission-group.ACCOUNTS
11-02 06:29:35.730  2698  2698 W PackageManager: Permission com.google.android.googleapps.permission.GOOGLE_AUTH.cl from package com.google.android.gsf in an unknown group android.permission-group.ACCOUNTS
11-02 06:29:35.730  2698  2698 W PackageManager: Permission com.google.android.googleapps.permission.GOOGLE_AUTH.android from package com.google.android.gsf in an unknown group android.permission-group.ACCOUNTS
11-02 06:29:35.730  2698  2698 W PackageManager: Permission com.google.android.googleapps.permission.GOOGLE_AUTH.androidsecure from package com.google.android.gsf in an unknown group android.permission-group.ACCOUNTS
11-02 06:29:35.730  2698  2698 W PackageManager: Permission com.google.android.googleapps.permission.GOOGLE_AUTH.sierra from package com.google.android.gsf in an unknown group android.permission-group.ACCOUNTS
11-02 06:29:35.730  2698  2698 W PackageManager: Permission com.google.android.googleapps.permission.GOOGLE_AUTH.sierraqa from package com.google.android.gsf in an unknown group android.permission-group.ACCOUNTS
11-02 06:29:35.730  2698  2698 W PackageManager: Permission com.google.android.googleapps.permission.GOOGLE_AUTH.sierrasandbox from package com.google.android.gsf in an unknown group android.permission-group.ACCOUNTS
11-02 06:29:35.731  2698  2698 W PackageManager: Permission com.google.android.googleapps.permission.GOOGLE_AUTH.youtube from package com.google.android.gsf in an unknown group android.permission-group.ACCOUNTS
11-02 06:29:35.731  2698  2698 W PackageManager: Permission com.google.android.googleapps.permission.GOOGLE_AUTH.YouTubeUser from package com.google.android.gsf in an unknown group android.permission-group.ACCOUNTS
11-02 06:29:35.731  2698  2698 W PackageManager: Permission com.google.android.googleapps.permission.GOOGLE_AUTH.talk from package com.google.android.gsf in an unknown group android.permission-group.ACCOUNTS
11-02 06:29:35.731  2698  2698 W PackageManager: Permission com.google.android.googleapps.permission.GOOGLE_AUTH.ig from package com.google.android.gsf in an unknown group android.permission-group.ACCOUNTS
11-02 06:29:35.731  2698  2698 W PackageManager: Permission com.google.android.googleapps.permission.GOOGLE_AUTH.lh2 from package com.google.android.gsf in an unknown group android.permission-group.ACCOUNTS
11-02 06:29:35.731  2698  2698 W PackageManager: Permission com.google.android.googleapps.permission.GOOGLE_AUTH.mobile from package com.google.android.gsf in an unknown group android.permission-group.ACCOUNTS
11-02 06:29:35.731  2698  2698 W PackageManager: Permission com.google.android.googleapps.permission.GOOGLE_AUTH.cp from package com.google.android.gsf in an unknown group android.permission-group.ACCOUNTS
11-02 06:29:35.731  2698  2698 W PackageManager: Permission com.google.android.googleapps.permission.GOOGLE_AUTH.adsense from package com.google.android.gsf in an unknown group android.permission-group.ACCOUNTS
11-02 06:29:35.731  2698  2698 W PackageManager: Permission com.google.android.googleapps.permission.GOOGLE_AUTH.adwords from package com.google.android.gsf in an unknown group android.permission-group.ACCOUNTS
11-02 06:29:35.731  2698  2698 W PackageManager: Permission com.google.android.googleapps.permission.GOOGLE_AUTH.blogger from package com.google.android.gsf in an unknown group android.permission-group.ACCOUNTS
11-02 06:29:35.731  2698  2698 W PackageManager: Permission com.google.android.googleapps.permission.GOOGLE_AUTH.dodgeball from package com.google.android.gsf in an unknown group android.permission-group.ACCOUNTS
11-02 06:29:35.731  2698  2698 W PackageManager: Permission com.google.android.googleapps.permission.GOOGLE_AUTH.gbase from package com.google.android.gsf in an unknown group android.permission-group.ACCOUNTS
11-02 06:29:35.731  2698  2698 W PackageManager: Permission com.google.android.googleapps.permission.GOOGLE_AUTH.groups2 from package com.google.android.gsf in an unknown group android.permission-group.ACCOUNTS
11-02 06:29:35.731  2698  2698 W PackageManager: Permission com.google.android.googleapps.permission.GOOGLE_AUTH.health from package com.google.android.gsf in an unknown group android.permission-group.ACCOUNTS
11-02 06:29:35.731  2698  2698 W PackageManager: Permission com.google.android.googleapps.permission.GOOGLE_AUTH.jotspot from package com.google.android.gsf in an unknown group android.permission-group.ACCOUNTS
11-02 06:29:35.731  2698  2698 W PackageManager: Permission com.google.android.googleapps.permission.GOOGLE_AUTH.knol from package com.google.android.gsf in an unknown group android.permission-group.ACCOUNTS
11-02 06:29:35.731  2698  2698 W PackageManager: Permission com.google.android.googleapps.permission.GOOGLE_AUTH.news from package com.google.android.gsf in an unknown group android.permission-group.ACCOUNTS
11-02 06:29:35.731  2698  2698 W PackageManager: Permission com.google.android.googleapps.permission.GOOGLE_AUTH.orkut from package com.google.android.gsf in an unknown group android.permission-group.ACCOUNTS
11-02 06:29:35.731  2698  2698 W PackageManager: Permission com.google.android.googleapps.permission.GOOGLE_AUTH.print from package com.google.android.gsf in an unknown group android.permission-group.ACCOUNTS
11-02 06:29:35.731  2698  2698 W PackageManager: Permission com.google.android.googleapps.permission.GOOGLE_AUTH.sitemaps from package com.google.android.gsf in an unknown group android.permission-group.ACCOUNTS
11-02 06:29:35.731  2698  2698 W PackageManager: Permission com.google.android.googleapps.permission.GOOGLE_AUTH.wifi from package com.google.android.gsf in an unknown group android.permission-group.ACCOUNTS
11-02 06:29:35.731  2698  2698 W PackageManager: Permission com.google.android.googleapps.permission.GOOGLE_AUTH.finance from package com.google.android.gsf in an unknown group android.permission-group.ACCOUNTS
11-02 06:29:35.731  2698  2698 W PackageManager: Permission com.google.android.googleapps.permission.GOOGLE_AUTH.local from package com.google.android.gsf in an unknown group android.permission-group.ACCOUNTS
11-02 06:29:35.731  2698  2698 W PackageManager: Permission com.google.android.googleapps.permission.GOOGLE_AUTH.ah from package com.google.android.gsf in an unknown group android.permission-group.ACCOUNTS
11-02 06:29:35.731  2698  2698 W PackageManager: Permission com.google.android.googleapps.permission.GOOGLE_AUTH.notebook from package com.google.android.gsf in an unknown group android.permission-group.ACCOUNTS
11-02 06:29:35.731  2698  2698 W PackageManager: Permission com.google.android.googleapps.permission.GOOGLE_AUTH.writely from package com.google.android.gsf in an unknown group android.permission-group.ACCOUNTS
11-02 06:29:35.731  2698  2698 W PackageManager: Permission com.google.android.googleapps.permission.GOOGLE_AUTH.wise from package com.google.android.gsf in an unknown group android.permission-group.ACCOUNTS
11-02 06:29:35.731  2698  2698 W PackageManager: Permission com.google.android.googleapps.permission.GOOGLE_AUTH.grandcentral from package com.google.android.gsf in an unknown group android.permission-group.ACCOUNTS
11-02 06:29:35.731  2698  2698 W PackageManager: Permission com.google.android.googleapps.permission.GOOGLE_AUTH.speechpersonalization from package com.google.android.gsf in an unknown group android.permission-group.ACCOUNTS
11-02 06:29:35.732  2698  2698 W PackageManager: Permission com.google.android.googleapps.permission.GOOGLE_AUTH.speech from package com.google.android.gsf in an unknown group android.permission-group.ACCOUNTS
11-02 06:29:35.732  2698  2698 W PackageManager: Permission com.google.android.providers.talk.permission.READ_ONLY from package com.google.android.gsf in an unknown group android.permission-group.MESSAGES
11-02 06:29:35.732  2698  2698 W PackageManager: Permission com.google.android.providers.talk.permission.WRITE_ONLY from package com.google.android.gsf in an unknown group android.permission-group.MESSAGES
11-02 06:29:35.732  2698  2698 W PackageManager: Permission com.google.android.gtalkservice.permission.GTALK_SERVICE from package com.google.android.gsf in an unknown group android.permission-group.MESSAGES
11-02 06:29:35.733  2698  2698 W PackageManager: Permission com.google.android.gtalkservice.permission.SEND_HEARTBEAT from package com.google.android.gsf in an unknown group android.permission-group.NETWORK
11-02 06:29:35.733  2698  2698 W PackageManager: Permission com.google.android.permission.BROADCAST_DATA_MESSAGE from package com.google.android.gsf in an unknown group android.permission-group.NETWORK
11-02 06:29:35.734  2698  2698 W PackageManager: Permission com.google.android.c2dm.permission.SEND from package com.google.android.gsf in an unknown group android.permission-group.NETWORK
11-02 06:29:35.734  2698  2698 W PackageManager: Permission com.google.android.c2dm.permission.RECEIVE from package com.google.android.gsf in an unknown group android.permission-group.NETWORK
11-02 06:29:35.734  2698  2698 W PackageManager: Permission com.google.android.xmpp.permission.BROADCAST from package com.google.android.gsf in an unknown group android.permission-group.NETWORK
11-02 06:29:35.734  2698  2698 W PackageManager: Permission com.google.android.xmpp.permission.SEND_RECEIVE from package com.google.android.gsf in an unknown group android.permission-group.NETWORK
11-02 06:29:35.734  2698  2698 W PackageManager: Permission com.google.android.xmpp.permission.XMPP_ENDPOINT_BROADCAST from package com.google.android.gsf in an unknown group android.permission-group.NETWORK
11-02 06:29:35.734  2698  2698 W PackageManager: Permission com.google.android.xmpp.permission.USE_XMPP_ENDPOINT from package com.google.android.gsf in an unknown group android.permission-group.NETWORK
11-02 06:29:35.734  2698  2698 W PackageManager: Permission com.google.android.providers.gsf.permission.READ_GSERVICES from package com.google.android.gsf in an unknown group android.permission-group.ACCOUNTS
11-02 06:29:36.113  2698  2698 W PackageParser: No actions in intent filter at /system/priv-app/SetupWizard/SetupWizard.apk Binary XML file line #184
11-02 06:29:36.931  2698  2698 W PackageParser: Ignoring duplicate uses-permissions/uses-permissions-sdk-m: android.permission.READ_PHONE_STATE in package: com.google.android.googlequicksearchbox at: Binary XML file line #142
11-02 06:29:36.932  2698  2698 W PackageParser: Ignoring duplicate uses-permissions/uses-permissions-sdk-m: android.permission.CAMERA in package: com.google.android.googlequicksearchbox at: Binary XML file line #143
11-02 06:29:37.939  2698  2698 W PackageManager: Permission com.google.android.launcher.permission.READ_SETTINGS from package com.google.android.googlequicksearchbox in an unknown group android.permission-group.SYSTEM_TOOLS
11-02 06:29:37.939  2698  2698 W PackageManager: Permission com.google.android.launcher.permission.WRITE_SETTINGS from package com.google.android.googlequicksearchbox in an unknown group android.permission-group.SYSTEM_TOOLS
11-02 06:29:37.939  2698  2698 W PackageManager: Permission com.android.launcher.permission.INSTALL_SHORTCUT from package com.google.android.googlequicksearchbox in an unknown group android.permission-group.SYSTEM_TOOLS
11-02 06:29:38.005  2698  2698 W PackageParser: Ignoring duplicate uses-permissions/uses-permissions-sdk-m: android.permission.READ_CONTACTS in package: com.android.bluetooth at: Binary XML file line #58
11-02 06:29:38.010  2698  2698 W PackageParser: No actions in intent filter at /system/app/Bluetooth/Bluetooth.apk Binary XML file line #216
11-02 06:29:39.197  2698  2698 W PackageParser: Ignoring duplicate uses-permissions/uses-permissions-sdk-m: android.permission.WRITE_CONTACTS in package: com.android.email at: Binary XML file line #40
11-02 06:29:39.672  2698  2698 W PackageParser: Unknown element under <application>: permission at /system/app/Gallery2/Gallery2.apk Binary XML file line #244
11-02 06:29:39.672  2698  2698 W PackageParser: Unknown element under <application>: permission at /system/app/Gallery2/Gallery2.apk Binary XML file line #247
11-02 06:29:43.292  2698  2698 W PackageManager: Package com.google.android.gms desires unavailable shared library com.google.android.ble; ignoring!
11-02 06:29:43.292  2698  2698 I PackageManager: Adjusting ABI for : com.google.android.gsf to armeabi-v7a
11-02 06:29:45.788  2698  2698 I PackageManager: Adjusting ABI for : com.google.android.gsf.login to armeabi-v7a
11-02 06:29:51.947  2698  2698 I PackageManager: Adjusting ABI for : com.google.android.backuptransport to armeabi-v7a
11-02 06:29:52.071  2698  2698 I PackageManager: Adjusting ABI for : com.android.providers.settings to armeabi-v7a
11-02 06:29:52.511  2698  2698 I PackageManager: Adjusting ABI for : com.android.settings to armeabi-v7a
11-02 06:29:58.510  2698  2698 I PackageManager: Adjusting ABI for : com.android.keychain to armeabi-v7a
11-02 06:29:58.699  2698  2698 I PackageManager: Adjusting ABI for : com.android.inputdevices to armeabi-v7a
11-02 06:29:58.973  2698  2698 I PackageManager: Adjusting ABI for : com.android.server.telecom to armeabi-v7a
11-02 06:30:00.109  2698  2698 I PackageManager: Adjusting ABI for : com.android.location.fused to armeabi-v7a
11-02 06:30:00.340  2698  2698 I PackageManager: Time to scan packages: 39.808 seconds
11-02 06:30:00.343  2698  2698 W PackageManager: Unknown permission com.google.android.launcher.permission.CONTENT_REDIRECT in package com.google.android.googlequicksearchbox
11-02 06:30:00.343  2698  2698 W PackageManager: Unknown permission com.google.android.voicesearch.SHORTCUTS_ACCESS in package com.google.android.googlequicksearchbox
11-02 06:30:00.343  2698  2698 W PackageManager: Unknown permission com.google.android.voicesearch.ACCESS_SETTINGS in package com.google.android.googlequicksearchbox
11-02 06:30:00.343  2698  2698 W PackageManager: Unknown permission com.google.android.ears.permission.WRITE in package com.google.android.googlequicksearchbox
11-02 06:30:00.343  2698  2698 W PackageManager: Unknown permission com.google.googlenav.friend.permission.OPT_IN in package com.google.android.googlequicksearchbox
11-02 06:30:00.343  2698  2698 W PackageManager: Unknown permission com.google.android.apps.maps.permission.PREFETCH in package com.google.android.googlequicksearchbox
11-02 06:30:00.343  2698  2698 W PackageManager: Unknown permission com.google.android.apps.googlevoice.permission.AUTO_SEND in package com.google.android.googlequicksearchbox
11-02 06:30:00.343  2698  2698 W PackageManager: Unknown permission com.google.android.gm.permission.AUTO_SEND in package com.google.android.googlequicksearchbox
11-02 06:30:00.343  2698  2698 W PackageManager: Unknown permission com.google.android.gm.permission.READ_GMAIL in package com.google.android.googlequicksearchbox
11-02 06:30:00.344  2698  2698 W PackageManager: Unknown permission com.google.android.hangouts.START_HANGOUT in package com.google.android.googlequicksearchbox
11-02 06:30:00.344  2698  2698 W PackageManager: Unknown permission com.android.chrome.PRERENDER_URL in package com.google.android.googlequicksearchbox
11-02 06:30:00.345  2698  2698 W PackageManager: Not granting permission com.google.android.googleapps.permission.GOOGLE_AUTH to package com.android.providers.calendar (protectionLevel=2 flags=0x30083e45)
11-02 06:30:00.345  2698  2698 W PackageManager: Not granting permission com.google.android.googleapps.permission.GOOGLE_AUTH.cl to package com.android.providers.calendar (protectionLevel=2 flags=0x30083e45)
11-02 06:30:00.346  2698  2698 W PackageManager: Not granting permission android.permission.ACCESS_DOWNLOAD_MANAGER to package com.android.browser (protectionLevel=18 flags=0x3809be45)
11-02 06:30:00.346  2698  2698 W PackageManager: Not granting permission android.permission.SEND_DOWNLOAD_COMPLETED_INTENTS to package com.android.browser (protectionLevel=2 flags=0x3809be45)
11-02 06:30:00.346  2698  2698 W PackageManager: Not granting permission android.permission.SEND_DOWNLOAD_COMPLETED_INTENTS to package com.android.vending (protectionLevel=2 flags=0x384abe45)
11-02 06:30:00.346  2698  2698 W PackageManager: Unknown permission android.permission.SEND_SMS_NO_CONFIRMATION in package com.android.vending
11-02 06:30:00.347  2698  2698 W PackageManager: Not granting permission android.permission.INSTALL_GRANT_RUNTIME_PERMISSIONS to package com.android.vending (protectionLevel=770 flags=0x384abe45)
11-02 06:30:00.347  2698  2698 W PackageManager: Not granting permission android.permission.GRANT_RUNTIME_PERMISSIONS to package com.android.vending (protectionLevel=770 flags=0x384abe45)
11-02 06:30:00.347  2698  2698 W PackageManager: Not granting permission android.permission.REVOKE_RUNTIME_PERMISSIONS to package com.android.vending (protectionLevel=770 flags=0x384abe45)
11-02 06:30:00.347  2698  2698 W PackageManager: Unknown permission com.google.android.partnersetup.permission.WRITE_APP_PROVIDER in package com.android.vending
11-02 06:30:00.347  2698  2698 W PackageManager: Not granting permission android.permission.BIND_WALLPAPER to package com.android.camera2 (protectionLevel=18 flags=0x3058bc45)
11-02 06:30:00.347  2698  2698 W PackageManager: Unknown permission com.android.launcher.permission.READ_SETTINGS in package com.android.launcher3
11-02 06:30:00.347  2698  2698 W PackageManager: Unknown permission com.android.launcher.permission.WRITE_SETTINGS in package com.android.launcher3
11-02 06:30:00.348  2698  2698 W PackageManager: Not granting permission com.google.android.googleapps.permission.GOOGLE_AUTH.mail to package com.android.calendar (protectionLevel=2 flags=0x3009be45)
11-02 06:30:00.348  2698  2698 W PackageManager: Unknown permission android.permission.READ_OWNER_DATA in package com.google.android.setupwizard
11-02 06:30:00.348  2698  2698 W PackageManager: Unknown permission android.permission.WRITE_OWNER_DATA in package com.google.android.setupwizard
11-02 06:30:00.349  2698  2698 W PackageManager: Not granting permission android.permission.INTERACT_ACROSS_USERS to package com.google.android.syncadapters.contacts (protectionLevel=50 flags=0x38083e45)
11-02 06:30:00.350  2698  2698 W PackageManager: Not granting permission android.permission.CLEAR_APP_USER_DATA to package com.google.android.packageinstaller (protectionLevel=258 flags=0x38483e45)
11-02 06:30:00.350  2698  2698 W PackageManager: Not granting permission android.permission.GRANT_RUNTIME_PERMISSIONS to package com.google.android.packageinstaller (protectionLevel=770 flags=0x38483e45)
11-02 06:30:00.350  2698  2698 W PackageManager: Not granting permission android.permission.REVOKE_RUNTIME_PERMISSIONS to package com.google.android.packageinstaller (protectionLevel=770 flags=0x38483e45)
11-02 06:30:00.350  2698  2698 W PackageManager: Not granting permission android.permission.INSTALL_GRANT_RUNTIME_PERMISSIONS to package com.google.android.packageinstaller (protectionLevel=770 flags=0x38483e45)
11-02 06:30:00.350  2698  2698 W PackageManager: Not granting permission android.permission.INTERACT_ACROSS_USERS_FULL to package com.google.android.packageinstaller (protectionLevel=258 flags=0x38483e45)
11-02 06:30:00.350  2698  2698 W PackageManager: Not granting permission android.permission.KILL_UID to package com.google.android.packageinstaller (protectionLevel=258 flags=0x38483e45)
11-02 06:30:00.350  2698  2698 W PackageManager: Unknown permission android.permission.MANAGE_SOUND_TRIGGER in package com.google.android.gms
11-02 06:30:00.350  2698  2698 W PackageManager: Unknown permission com.google.android.apps.enterprise.dmagent.permission.AutoSyncPermission in package com.google.android.gms
11-02 06:30:00.350  2698  2698 W PackageManager: Unknown permission android.permission.CONNECTIVITY_USE_RESTRICTED_NETWORKS in package com.google.android.gms
11-02 06:30:00.350  2698  2698 W PackageManager: Unknown permission android.permission.SEND_SMS_NO_CONFIRMATION in package com.google.android.gms
11-02 06:30:00.353  2698  2698 W PackageManager: Unknown permission android.permission.TETHER_PRIVILEGED in package com.google.android.gms
11-02 06:30:00.353  2698  2698 W PackageManager: Unknown permission com.google.android.hangouts.START_HANGOUT in package com.google.android.gms
11-02 06:30:00.353  2698  2698 W PackageManager: Unknown permission android.permission.READ_OEM_UNLOCK_STATE in package com.google.android.gms
11-02 06:30:00.353  2698  2698 W PackageManager: Unknown permission com.google.android.wearable.READ_SETTINGS in package com.google.android.gms
11-02 06:30:00.353  2698  2698 W PackageManager: Unknown permission com.google.android.wh.supervisor.permission.ACCESS_METADATA_SERVICE in package com.google.android.gms
11-02 06:30:00.353  2698  2698 W PackageManager: Unknown permission android.permission.SUBSTITUTE_NOTIFICATION_APP_NAME in package com.google.android.gms
11-02 06:30:00.354  2698  2698 W PackageManager: Unknown permission com.google.android.gm.permission.READ_GMAIL in package com.google.android.gms
11-02 06:30:00.356  2698  2698 W PackageManager: Unknown permission com.android.launcher.permission.PRELOAD_WORKSPACE in package com.google.android.partnersetup
11-02 06:30:00.356  2698  2698 W PackageManager: Not granting permission android.permission.DELETE_PACKAGES to package com.svox.pico (protectionLevel=18 flags=0x3808be45)
11-02 06:30:00.357  2698  2698 W PackageManager: Unknown permission com.google.android.gallery3d.permission.PICASA_STORE in package com.android.dreams.phototable
11-02 06:30:00.357  2698  2698 W PackageManager: Not granting permission android.permission.CONTROL_KEYGUARD to package com.google.android.gsf.login (protectionLevel=2 flags=0x3048be45)
11-02 06:30:00.358  2698  2698 W PackageManager: Unknown permission com.android.vending.billing.IBillingAccountService.BIND2 in package com.google.android.gsf.login
11-02 06:30:00.358  2698  2698 W PackageManager: Unknown permission com.android.chrome.TOS_ACKED in package com.google.android.gsf.login
11-02 06:30:00.360  2698  2698 W PackageManager: Unknown permission com.android.launcher.permission.READ_SETTINGS in package com.android.settings
11-02 06:30:00.360  2698  2698 W PackageManager: Unknown permission com.android.launcher.permission.WRITE_SETTINGS in package com.android.settings
11-02 06:30:00.360  2698  2698 W PackageManager: Not granting permission android.permission.REBOOT to package eu.chainfire.supersu (protectionLevel=18 flags=0x38083e04)
11-02 06:30:00.367  2698  2698 W PackageManager: Unknown permission com.google.android.gallery3d.permission.GALLERY_PROVIDER in package com.android.bluetooth
11-02 06:30:00.374  2698  2698 W PackageSettings: No potential matches found for Intent { act=android.intent.action.EDIT typ=image/bmp } while setting preferred com.google.android.apps.plus/.editor.PlusEditorActivity
11-02 06:30:00.375  2698  2698 W PackageSettings: No potential matches found for Intent { act=android.intent.action.EDIT typ=image/jpeg } while setting preferred com.google.android.apps.plus/.editor.PlusEditorActivity
11-02 06:30:00.375  2698  2698 W PackageSettings: No potential matches found for Intent { act=android.intent.action.EDIT typ=image/gif } while setting preferred com.google.android.apps.plus/.editor.PlusEditorActivity
11-02 06:30:00.375  2698  2698 W PackageSettings: No potential matches found for Intent { act=android.intent.action.EDIT typ=image/png } while setting preferred com.google.android.apps.plus/.editor.PlusEditorActivity
11-02 06:30:00.375  2698  2698 W PackageSettings: No potential matches found for Intent { act=android.intent.action.EDIT typ=image/webp } while setting preferred com.google.android.apps.plus/.editor.PlusEditorActivity
11-02 06:30:00.375  2698  2698 W PackageSettings: No potential matches found for Intent { act=android.intent.action.EDIT typ=image/x-ms-bmp } while setting preferred com.google.android.apps.plus/.editor.PlusEditorActivity
11-02 06:30:00.375  2698  2698 W PackageSettings: No potential matches found for Intent { act=android.intent.action.EDIT typ=image/vnd.wap.wbmp } while setting preferred com.google.android.apps.plus/.editor.PlusEditorActivity
11-02 06:30:00.375  2698  2698 W PackageSettings: No potential matches found for Intent { act=com.android.camera.action.CROP typ=image/bmp } while setting preferred com.google.android.apps.plus/.editor.PlusCropActivity
11-02 06:30:00.375  2698  2698 W PackageSettings: No potential matches found for Intent { act=com.android.camera.action.CROP typ=image/jpeg } while setting preferred com.google.android.apps.plus/.editor.PlusCropActivity
11-02 06:30:00.375  2698  2698 W PackageSettings: No potential matches found for Intent { act=com.android.camera.action.CROP typ=image/gif } while setting preferred com.google.android.apps.plus/.editor.PlusCropActivity
11-02 06:30:00.375  2698  2698 W PackageSettings: No potential matches found for Intent { act=com.android.camera.action.CROP typ=image/png } while setting preferred com.google.android.apps.plus/.editor.PlusCropActivity
11-02 06:30:00.375  2698  2698 W PackageSettings: No potential matches found for Intent { act=com.android.camera.action.CROP typ=image/webp } while setting preferred com.google.android.apps.plus/.editor.PlusCropActivity
11-02 06:30:00.376  2698  2698 W PackageSettings: No potential matches found for Intent { act=com.android.camera.action.CROP typ=image/x-ms-bmp } while setting preferred com.google.android.apps.plus/.editor.PlusCropActivity
11-02 06:30:00.376  2698  2698 W PackageSettings: No potential matches found for Intent { act=com.android.camera.action.CROP typ=image/vnd.wap.wbmp } while setting preferred com.google.android.apps.plus/.editor.PlusCropActivity
11-02 06:30:00.377  2698  2698 W PackageSettings: No potential matches found for Intent { act=android.intent.action.MAIN cat=[android.intent.category.APP_GALLERY] } while setting preferred com.google.android.apps.photos/.home.HomeActivity
11-02 06:30:00.377  2698  2698 W PackageSettings: No potential matches found for Intent { act=android.intent.action.EDIT typ=application/vnd.openxmlformats-officedocument.spreadsheetml.sheet } while setting preferred com.google.android.apps.docs.editors.sheets/com.google.android.apps.docs.editors.trix.quicksheet.QuickSheetDocumentOpenerActivityAlias
11-02 06:30:00.377  2698  2698 W PackageSettings: No potential matches found for Intent { act=android.intent.action.EDIT typ=application/vnd.ms-excel.sheet.macroenabled.12 } while setting preferred com.google.android.apps.docs.editors.sheets/com.google.android.apps.docs.editors.trix.quicksheet.QuickSheetDocumentOpenerActivityAlias
11-02 06:30:00.377  2698  2698 W PackageSettings: No potential matches found for Intent { act=android.intent.action.EDIT typ=application/vnd.ms-excel } while setting preferred com.google.android.apps.docs.editors.sheets/com.google.android.apps.docs.editors.trix.quicksheet.QuickSheetDocumentOpenerActivityAlias
11-02 06:30:00.377  2698  2698 W PackageSettings: No potential matches found for Intent { act=android.intent.action.EDIT typ=application/vnd.ms-excel.addin.macroenabled.12 } while setting preferred com.google.android.apps.docs.editors.sheets/com.google.android.apps.docs.editors.trix.quicksheet.QuickSheetDocumentOpenerActivityAlias
11-02 06:30:00.377  2698  2698 W PackageSettings: No potential matches found for Intent { act=android.intent.action.EDIT typ=application/vnd.ms-excel.template.macroenabled.12 } while setting preferred com.google.android.apps.docs.editors.sheets/com.google.android.apps.docs.editors.trix.quicksheet.QuickSheetDocumentOpenerActivityAlias
11-02 06:30:00.377  2698  2698 W PackageSettings: No potential matches found for Intent { act=android.intent.action.EDIT typ=application/vnd.openxmlformats-officedocument.spreadsheetml.template } while setting preferred com.google.android.apps.docs.editors.sheets/com.google.android.apps.docs.editors.trix.quicksheet.QuickSheetDocumentOpenerActivityAlias
11-02 06:30:00.383  2698  2698 W PackageSettings: No potential matches found for Intent { act=android.intent.action.EDIT typ=application/x-msexcel } while setting preferred com.google.android.apps.docs.editors.sheets/com.google.android.apps.docs.editors.trix.quicksheet.QuickSheetDocumentOpenerActivityAlias
11-02 06:30:00.387  2698  2698 W PackageSettings: No potential matches found for Intent { act=android.intent.action.EDIT typ=application/vnd.ms-word } while setting preferred com.google.android.apps.docs.editors.docs/com.google.android.apps.docs.editors.kix.quickword.QuickWordDocumentOpenerActivityAlias
11-02 06:30:00.387  2698  2698 W PackageSettings: No potential matches found for Intent { act=android.intent.action.EDIT typ=application/vnd.openxmlformats-officedocument.wordprocessingml.document } while setting preferred com.google.android.apps.docs.editors.docs/com.google.android.apps.docs.editors.kix.quickword.QuickWordDocumentOpenerActivityAlias
11-02 06:30:00.387  2698  2698 W PackageSettings: No potential matches found for Intent { act=android.intent.action.EDIT typ=application/vnd.ms-word.document.macroenabled.12 } while setting preferred com.google.android.apps.docs.editors.docs/com.google.android.apps.docs.editors.kix.quickword.QuickWordDocumentOpenerActivityAlias
11-02 06:30:00.387  2698  2698 W PackageSettings: No potential matches found for Intent { act=android.intent.action.EDIT typ=application/msword } while setting preferred com.google.android.apps.docs.editors.docs/com.google.android.apps.docs.editors.kix.quickword.QuickWordDocumentOpenerActivityAlias
11-02 06:30:00.387  2698  2698 W PackageSettings: No potential matches found for Intent { act=android.intent.action.EDIT typ=application/vnd.ms-word.template.macroenabled.12 } while setting preferred com.google.android.apps.docs.editors.docs/com.google.android.apps.docs.editors.kix.quickword.QuickWordDocumentOpenerActivityAlias
11-02 06:30:00.387  2698  2698 W PackageSettings: No potential matches found for Intent { act=android.intent.action.EDIT typ=application/vnd.openxmlformats-officedocument.wordprocessingml.template } while setting preferred com.google.android.apps.docs.editors.docs/com.google.android.apps.docs.editors.kix.quickword.QuickWordDocumentOpenerActivityAlias
11-02 06:30:00.387  2698  2698 W PackageSettings: No potential matches found for Intent { act=android.intent.action.EDIT typ=application/x-msword } while setting preferred com.google.android.apps.docs.editors.docs/com.google.android.apps.docs.editors.kix.quickword.QuickWordDocumentOpenerActivityAlias
11-02 06:30:00.388  2698  2698 W PackageSettings: No potential matches found for Intent { act=android.intent.action.EDIT typ=application/vnd.openxmlformats-officedocument.presentationml.presentation } while setting preferred com.google.android.apps.docs.editors.slides/com.google.android.apps.docs.editors.kix.quickword.QuickWordDocumentOpenerActivityAlias
11-02 06:30:00.388  2698  2698 W PackageSettings: No potential matches found for Intent { act=android.intent.action.EDIT typ=application/vnd.ms-powerpoint } while setting preferred com.google.android.apps.docs.editors.slides/com.google.android.apps.docs.editors.kix.quickword.QuickWordDocumentOpenerActivityAlias
11-02 06:30:00.388  2698  2698 W PackageSettings: No potential matches found for Intent { act=android.intent.action.EDIT typ=application/vnd.openxmlformats-officedocument.presentationml.template } while setting preferred com.google.android.apps.docs.editors.slides/com.google.android.apps.docs.editors.kix.quickword.QuickWordDocumentOpenerActivityAlias
11-02 06:30:00.388  2698  2698 W PackageSettings: No potential matches found for Intent { act=android.intent.action.EDIT typ=application/vnd.ms-powerpoint.presentation.macroenabled.12 } while setting preferred com.google.android.apps.docs.editors.slides/com.google.android.apps.docs.editors.kix.quickword.QuickWordDocumentOpenerActivityAlias
11-02 06:30:00.388  2698  2698 W PackageSettings: No potential matches found for Intent { act=android.intent.action.EDIT typ=application/vnd.openxmlformats-officedocument.presentationml.slideshow } while setting preferred com.google.android.apps.docs.editors.slides/com.google.android.apps.docs.editors.kix.quickword.QuickWordDocumentOpenerActivityAlias
11-02 06:30:00.388  2698  2698 W PackageSettings: No potential matches found for Intent { act=android.intent.action.EDIT typ=application/vnd.ms-powerpoint.slideshow.macroenabled.12 } while setting preferred com.google.android.apps.docs.editors.slides/com.google.android.apps.docs.editors.kix.quickword.QuickWordDocumentOpenerActivityAlias
11-02 06:30:00.388  2698  2698 W PackageSettings: No potential matches found for Intent { act=android.intent.action.EDIT typ=application/x-mspowerpoint } while setting preferred com.google.android.apps.docs.editors.slides/com.google.android.apps.docs.editors.kix.quickword.QuickWordDocumentOpenerActivityAlias
11-02 06:30:00.388  2698  2698 W PackageManager: Unknown package 'com.google.android.youtube' in sysconfig <app-link>
11-02 06:30:00.388  2698  2698 W PackageManager: Unknown package 'com.google.android.apps.docs.editors.docs' in sysconfig <app-link>
11-02 06:30:00.388  2698  2698 W PackageManager: Unknown package 'com.google.android.apps.docs.editors.sheets' in sysconfig <app-link>
11-02 06:30:00.388  2698  2698 W PackageManager: Unknown package 'com.google.android.apps.docs.editors.slides' in sysconfig <app-link>
11-02 06:30:00.390  2698  2698 W PackageManager: Unknown package 'com.google.android.music' in sysconfig <app-link>
11-02 06:30:00.390  2698  2698 W PackageManager: Unknown package 'com.google.android.apps.docs' in sysconfig <app-link>
11-02 06:30:00.390  2698  2698 W PackageManager: Unknown package 'com.google.android.apps.maps' in sysconfig <app-link>
11-02 06:30:00.390  2698  2698 W PackageManager: Unknown package 'com.google.android.apps.plus' in sysconfig <app-link>
11-02 06:30:00.390  2698  2698 W PackageManager: Unknown package 'com.google.android.videos' in sysconfig <app-link>
11-02 06:30:00.390  2698  2698 W PackageManager: Unknown package 'com.google.android.apps.photos' in sysconfig <app-link>
11-02 06:30:00.390  2698  2698 W PackageManager: Unknown package 'com.google.android.calendar' in sysconfig <app-link>
11-02 06:30:00.390  2698  2698 W PackageManager: Unknown package 'com.google.android.apps.tycho' in sysconfig <app-link>
11-02 06:30:00.390  2698  2698 W PackageManager: Unknown package 'com.google.android.talk' in sysconfig <app-link>
11-02 06:30:00.558  2698  2698 I SystemServer: User Service
11-02 06:30:01.790  2698  2698 I SystemServiceManager: Starting com.android.server.BatteryService
11-02 06:30:01.801  2698  2698 I SystemServiceManager: Starting com.android.server.usage.UsageStatsService
11-02 06:30:01.848  2698  2698 I UsageStatsDatabase: Upgrading from version 0 to 3
11-02 06:30:01.848  2698  2698 I UsageStatsDatabase: Deleting all usage stats files
11-02 06:30:01.852  2698  2698 I UsageStatsService: User[0] Rollover scheduled @ 2016-11-03 00:00:00(1478131200000)
11-02 06:30:01.866  2698  2698 I UsageStatsService: User[0] Flushing usage stats to disk
11-02 06:30:01.896  2698  2698 I SystemServiceManager: Starting com.android.server.webkit.WebViewUpdateService
11-02 06:30:01.898  2698  2698 I SystemServer: Reading configuration...
11-02 06:30:01.898  2698  2698 I SystemServer: Scheduling Policy
11-02 06:30:01.899  2698  2698 I SystemServiceManager: Starting com.android.server.telecom.TelecomLoaderService
11-02 06:30:01.900  2698  2698 I SystemServer: Telephony Registry
11-02 06:30:01.904  2698  2698 I SystemServer: Entropy Mixer
11-02 06:30:01.906  2698  2698 W EntropyMixer: No existing entropy file -- first boot?
11-02 06:30:01.910  2698  2698 I EntropyMixer: Writing entropy...
11-02 06:30:01.917  2698  2698 I SystemServer: Camera Service
11-02 06:30:01.917  2698  2698 I SystemServiceManager: Starting com.android.server.camera.CameraService
11-02 06:30:01.919  2698  2939 I ServiceThread: Enabled StrictMode logging for CameraService_proxy looper.
11-02 06:30:01.922  2698  2698 I SystemServer: Account Manager
11-02 06:30:01.929  2698  2698 I SystemServer: Content Manager
11-02 06:30:01.931  2698  2698 I SystemServer: System Content Providers
11-02 06:30:02.034  2698  2698 D SettingsProvider: Generated and saved new ANDROID_ID [fc6a0b73fab4e11b] for user 0
11-02 06:30:02.056  2698  2698 I SystemServer: Vibrator Service
11-02 06:30:02.060  2698  2698 I SystemServer: Consumer IR Service
11-02 06:30:02.061  2698  2698 I SystemServiceManager: Starting com.android.server.AlarmManagerService
11-02 06:30:02.078  2698  2698 I SystemServer: Init Watchdog
11-02 06:30:02.079  2698  2698 I SystemServer: Input Manager
11-02 06:30:02.079  2698  2698 I InputManager: Initializing input manager, mUseDevInputEventForAudioJack=false
11-02 06:30:02.082  2698  2698 I SystemServer: Window Manager
11-02 06:30:02.099  2698  2732 I WindowManager: No existing display settings /data/system/display_settings.xml; starting empty
11-02 06:30:02.185  2698  2698 I InputManager: Starting input manager
11-02 06:30:02.187  2698  2698 I SystemServer: Bluetooth Service
11-02 06:30:02.188  2698  2698 I SystemServiceManager: Starting com.android.server.BluetoothService
11-02 06:30:02.193  2698  2698 I SystemServer: Input Method Service
11-02 06:30:02.285  2698  2698 W InputMethodManagerService: No IME selected. Choose the most applicable IME.
11-02 06:30:02.285  2698  2698 I InputMethodManagerService: Default found, using com.android.inputmethod.latin/.LatinIME
11-02 06:30:02.289  2698  2698 I SystemServer: Accessibility Manager
11-02 06:30:02.297  2698  2698 I ActivityManager: Config changes=1df8 {1.0 ?mcc?mnc en_US ldltr sw320dp w320dp h533dp 240dpi nrml long port ?uimode ?night -touch -keyb/h/h -nav/h s.2}
11-02 06:30:02.316  2698  2698 I ActivityManager: Config changes=400 {1.0 ?mcc?mnc en_US ldltr sw320dp w320dp h509dp 240dpi nrml long port ?uimode ?night -touch -keyb/h/h -nav/h s.3}
11-02 06:30:02.320  2698  2698 I SystemServiceManager: Starting com.android.server.MountService$Lifecycle
11-02 06:30:02.335  2698  2698 I SystemServiceManager: Starting com.android.server.UiModeManagerService
11-02 06:30:02.338  2698  2698 I ActivityManager: Config changes=200 {1.0 ?mcc?mnc en_US ldltr sw320dp w320dp h509dp 240dpi nrml long port -touch -keyb/h/h -nav/h s.4}
11-02 06:30:02.348  2698  2947 D MountService: Thinking about reset, mSystemReady=false, mDaemonConnected=true
11-02 06:30:02.349  2698  2947 D MountService: Thinking about reset, mSystemReady=false, mDaemonConnected=true
11-02 06:30:02.349  2698  2947 D CryptdConnector: SND -> {1 cryptfs getfield SystemLocale}
11-02 06:30:02.352  1453  1531 I Ext4Crypt: ext4 crypto complete called on /data
11-02 06:30:02.352  1453  1531 I Ext4Crypt: No master key, so not ext4enc
11-02 06:30:02.352  2698  2949 D CryptdConnector: RCV <- {200 1 -1}
11-02 06:30:02.353  2698  2947 W MountService: No primary storage mounted!
11-02 06:30:02.353  2698  2947 D VoldConnector: SND -> {1 asec list}
11-02 06:30:02.355  2698  2948 D VoldConnector: RCV <- {200 1 asec operation succeeded}
11-02 06:30:02.355  2698  2947 W PackageManager: Unknown permission com.google.android.launcher.permission.CONTENT_REDIRECT in package com.google.android.googlequicksearchbox
11-02 06:30:02.355  2698  2947 W PackageManager: Unknown permission com.google.android.voicesearch.SHORTCUTS_ACCESS in package com.google.android.googlequicksearchbox
11-02 06:30:02.355  2698  2947 W PackageManager: Unknown permission com.google.android.voicesearch.ACCESS_SETTINGS in package com.google.android.googlequicksearchbox
11-02 06:30:02.356  2698  2947 W PackageManager: Unknown permission com.google.android.ears.permission.WRITE in package com.google.android.googlequicksearchbox
11-02 06:30:02.356  2698  2947 W PackageManager: Unknown permission com.google.googlenav.friend.permission.OPT_IN in package com.google.android.googlequicksearchbox
11-02 06:30:02.356  2698  2947 W PackageManager: Unknown permission com.google.android.apps.maps.permission.PREFETCH in package com.google.android.googlequicksearchbox
11-02 06:30:02.356  2698  2947 W PackageManager: Unknown permission com.google.android.apps.googlevoice.permission.AUTO_SEND in package com.google.android.googlequicksearchbox
11-02 06:30:02.356  2698  2947 W PackageManager: Unknown permission com.google.android.gm.permission.AUTO_SEND in package com.google.android.googlequicksearchbox
11-02 06:30:02.356  2698  2947 W PackageManager: Unknown permission com.google.android.gm.permission.READ_GMAIL in package com.google.android.googlequicksearchbox
11-02 06:30:02.356  2698  2947 W PackageManager: Unknown permission com.google.android.hangouts.START_HANGOUT in package com.google.android.googlequicksearchbox
11-02 06:30:02.356  2698  2947 W PackageManager: Unknown permission com.android.chrome.PRERENDER_URL in package com.google.android.googlequicksearchbox
11-02 06:30:02.356  2698  2947 W PackageManager: Not granting permission com.google.android.googleapps.permission.GOOGLE_AUTH to package com.android.providers.calendar (protectionLevel=2 flags=0x30883e45)
11-02 06:30:02.356  2698  2947 W PackageManager: Not granting permission com.google.android.googleapps.permission.GOOGLE_AUTH.cl to package com.android.providers.calendar (protectionLevel=2 flags=0x30883e45)
11-02 06:30:02.356  2698  2947 W PackageManager: Not granting permission android.permission.ACCESS_DOWNLOAD_MANAGER to package com.android.browser (protectionLevel=18 flags=0x3889be45)
11-02 06:30:02.356  2698  2947 W PackageManager: Not granting permission android.permission.SEND_DOWNLOAD_COMPLETED_INTENTS to package com.android.browser (protectionLevel=2 flags=0x3889be45)
11-02 06:30:02.357  2698  2947 W PackageManager: Not granting permission android.permission.SEND_DOWNLOAD_COMPLETED_INTENTS to package com.android.vending (protectionLevel=2 flags=0x38cabe45)
11-02 06:30:02.357  2698  2947 W PackageManager: Unknown permission android.permission.SEND_SMS_NO_CONFIRMATION in package com.android.vending
11-02 06:30:02.357  2698  2947 W PackageManager: Unknown permission com.google.android.partnersetup.permission.WRITE_APP_PROVIDER in package com.android.vending
