11-02 06:52:33.997  1722  3369 I V4L2CameraParameters: Running auto focus thread.
11-02 06:52:34.016  1722  8808 I V4L2CameraParameters: inAutoFocusThread()
11-02 06:52:34.016  1722  8808 I V4L2CameraParameters: inAutoFocusThread() got start signal
11-02 06:52:34.071  1722  8808 I V4L2CameraParameters: inAutoFocusThread() scene 1
11-02 06:52:34.324  1722  8808 I V4L2CameraParameters: inAutoFocusThread() waiting for AF result
11-02 06:52:34.334  1722  8808 I V4L2CameraParameters: Got result 1
11-02 06:52:34.334  1722  8808 E V4L2CameraParameters: AF error in V4L2_CID_CAMERA_AUTO_FOCUS_RESULT 1
11-02 06:52:34.334  1722  8808 I V4L2CameraParameters: inAutoFocusThread() calling onAutoFocus notifier with -1
11-02 06:52:34.335  1722  8808 I V4L2CameraParameters: Exiting autofocus thread
11-02 06:52:37.315  8653  8653 V CAM_FocusOverlayMgr: Cancel autofocus.
11-02 06:52:37.322  1722  1722 I CameraHAL: verifyParameters(KEY_EXPOSURE_COMPENSATION): 0
11-02 06:52:37.323  1722  1722 I CameraHAL: verifyParameters(): Foucs Area ---
11-02 06:52:37.323  1722  1722 I CameraHAL: verifyParameters(): max_focus_areas = 1
11-02 06:52:37.323  1722  1722 I CameraHAL: verifyParameters(): focus area=(0, 0, 0, 0, 0)
11-02 06:52:37.323  1722  1722 I CameraHAL: verifyParameters(): focus area passed !!
11-02 06:52:37.323  1722  1722 I CameraHAL: __setParameters(): shot_mode : -1
11-02 06:52:37.323  1722  1722 E CameraHAL: CameraHALFlash
11-02 06:52:37.324  1722  3369 I V4L2CameraParameters: Canceling auto focus
11-02 06:52:37.690  1722  3369 I V4L2CameraParameters: Cancel command sent
11-02 06:52:37.690  1722  3369 I V4L2CameraParameters: Canceled auto focus success 
11-02 06:52:37.695  1722  3369 I CameraHAL: verifyParameters(KEY_EXPOSURE_COMPENSATION): 0
11-02 06:52:37.695  1722  3369 I CameraHAL: verifyParameters(): Foucs Area ---
11-02 06:52:37.695  1722  3369 I CameraHAL: verifyParameters(): max_focus_areas = 1
11-02 06:52:37.695  1722  3369 I CameraHAL: verifyParameters(): focus area=(0, 0, 0, 0, 0)
11-02 06:52:37.695  1722  3369 I CameraHAL: verifyParameters(): focus area passed !!
11-02 06:52:37.695  1722  3369 I CameraHAL: __setParameters(): shot_mode : -1
11-02 06:52:37.695  1722  3369 E CameraHAL: CameraHALFlash
11-02 06:52:37.701  1722  3369 I CameraHAL: verifyParameters(KEY_EXPOSURE_COMPENSATION): 0
11-02 06:52:37.702  1722  3369 I CameraHAL: verifyParameters(): Foucs Area ---
11-02 06:52:37.702  1722  3369 I CameraHAL: verifyParameters(): max_focus_areas = 1
11-02 06:52:37.702  1722  3369 I CameraHAL: verifyParameters(): focus area=(0, 0, 0, 0, 0)
11-02 06:52:37.702  1722  3369 I CameraHAL: verifyParameters(): focus area passed !!
11-02 06:52:37.702  1722  3369 I CameraHAL: __setParameters(): shot_mode : -1
11-02 06:52:37.702  1722  3369 E CameraHAL: CameraHALFlash
11-02 06:52:37.703  1722  1722 I V4L2CameraParameters: Starting auto focus thread.
11-02 06:52:37.703  1722  1722 I V4L2CameraParameters: Running auto focus thread.
11-02 06:52:37.743  1722  8811 I V4L2CameraParameters: inAutoFocusThread()
11-02 06:52:37.744  1722  8811 I V4L2CameraParameters: inAutoFocusThread() got start signal
11-02 06:52:37.798  1722  8811 I V4L2CameraParameters: inAutoFocusThread() scene 1
11-02 06:52:38.054  1722  8811 I V4L2CameraParameters: inAutoFocusThread() waiting for AF result
11-02 06:52:38.057  1722  8811 I V4L2CameraParameters: Got result 2
11-02 06:52:38.057  1722  8811 I V4L2CameraParameters: AF not completed.. retry to check....
11-02 06:52:38.115  1722  8811 I V4L2CameraParameters: Got result 1
11-02 06:52:38.115  1722  8811 E V4L2CameraParameters: AF error in V4L2_CID_CAMERA_AUTO_FOCUS_RESULT 1
11-02 06:52:38.115  1722  8811 I V4L2CameraParameters: inAutoFocusThread() calling onAutoFocus notifier with -1
11-02 06:52:38.115  1722  8811 I V4L2CameraParameters: Exiting autofocus thread
11-02 06:52:39.622  2698  3418 D WifiService: acquireWifiLockLocked: WifiLock{NlpWifiLock type=2 binder=android.os.BinderProxy@4506c27}
11-02 06:52:39.845  1742  1742 D gpsd    : WakeLock(Release,SUPL)
11-02 06:52:40.009  1708  1841 I chatty  : uid=1000(system) /system/bin/surfaceflinger expire 12 lines
11-02 06:52:40.251  1722  1722 I CameraHAL: verifyParameters(KEY_EXPOSURE_COMPENSATION): 0
11-02 06:52:40.252  1722  1722 I CameraHAL: verifyParameters(): Foucs Area ---
11-02 06:52:40.252  1722  1722 I CameraHAL: verifyParameters(): max_focus_areas = 1
11-02 06:52:40.252  1722  1722 I CameraHAL: verifyParameters(): focus area=(0, 0, 0, 0, 0)
11-02 06:52:40.252  1722  1722 I CameraHAL: verifyParameters(): focus area passed !!
11-02 06:52:40.252  1722  1722 I CameraHAL: __setParameters(): shot_mode : -1
11-02 06:52:40.252  1722  1722 E CameraHAL: CameraHALFlash
11-02 06:52:40.252  1722  1722 I V4L2CameraParameters: setFlashMode(): setting mode=4
11-02 06:52:40.252  1722  1722 I CameraHAL: __setParameters(): flash mode set to torch
11-02 06:52:40.688  2698  3418 D WifiService: releaseWifiLockLocked: WifiLock{NlpWifiLock type=2 binder=android.os.BinderProxy@4506c27}
11-02 06:52:40.899  1742  1742 D gpsd    : WakeLock(Acquire,SUPL)
11-02 06:52:41.125  8653  8653 V CAM_FocusOverlayMgr: Cancel autofocus.
11-02 06:52:41.128  1722  3369 I V4L2CameraParameters: Canceling auto focus
11-02 06:52:41.490  1722  3369 I V4L2CameraParameters: Cancel command sent
11-02 06:52:41.490  1722  3369 I V4L2CameraParameters: Canceled auto focus success 
11-02 06:52:41.497  1722  3369 I CameraHAL: verifyParameters(KEY_EXPOSURE_COMPENSATION): 0
11-02 06:52:41.497  1722  3369 I CameraHAL: verifyParameters(): Foucs Area ---
11-02 06:52:41.497  1722  3369 I CameraHAL: verifyParameters(): max_focus_areas = 1
11-02 06:52:41.497  1722  3369 I CameraHAL: verifyParameters(): focus area=(0, 0, 0, 0, 0)
11-02 06:52:41.497  1722  3369 I CameraHAL: verifyParameters(): focus area passed !!
11-02 06:52:41.497  1722  3369 I CameraHAL: __setParameters(): shot_mode : -1
11-02 06:52:41.497  1722  3369 E CameraHAL: CameraHALFlash
11-02 06:52:41.502  1722  3369 I CameraHAL: verifyParameters(KEY_EXPOSURE_COMPENSATION): 0
11-02 06:52:41.502  1722  3369 I CameraHAL: verifyParameters(): Foucs Area ---
11-02 06:52:41.502  1722  3369 I CameraHAL: verifyParameters(): max_focus_areas = 1
11-02 06:52:41.502  1722  3369 I CameraHAL: verifyParameters(): focus area=(0, 0, 0, 0, 0)
11-02 06:52:41.504  1722  3369 I CameraHAL: verifyParameters(): focus area passed !!
11-02 06:52:41.505  1722  3369 I CameraHAL: __setParameters(): shot_mode : -1
11-02 06:52:41.505  1722  3369 E CameraHAL: CameraHALFlash
11-02 06:52:44.926  1722  1722 I CameraHAL: verifyParameters(KEY_EXPOSURE_COMPENSATION): 0
11-02 06:52:44.926  1722  1722 I CameraHAL: verifyParameters(): Foucs Area ---
11-02 06:52:44.926  1722  1722 I CameraHAL: verifyParameters(): max_focus_areas = 1
11-02 06:52:44.926  1722  1722 I CameraHAL: verifyParameters(): focus area=(0, 0, 0, 0, 0)
11-02 06:52:44.926  1722  1722 I CameraHAL: verifyParameters(): focus area passed !!
11-02 06:52:44.926  1722  1722 I CameraHAL: __setParameters(): shot_mode : -1
11-02 06:52:44.926  1722  1722 E CameraHAL: CameraHALFlash
11-02 06:52:44.928  1722  2685 I V4L2CameraParameters: Starting auto focus thread.
11-02 06:52:44.928  1722  2685 I V4L2CameraParameters: Running auto focus thread.
11-02 06:52:45.091  1722  8813 I V4L2CameraParameters: inAutoFocusThread()
11-02 06:52:45.091  1722  8813 I V4L2CameraParameters: inAutoFocusThread() got start signal
11-02 06:52:45.146  1722  8813 I V4L2CameraParameters: inAutoFocusThread() scene 1
11-02 06:52:45.400  1722  8813 I V4L2CameraParameters: inAutoFocusThread() waiting for AF result
11-02 06:52:45.409  1722  8813 I V4L2CameraParameters: Got result 2
11-02 06:52:45.409  1722  8813 I V4L2CameraParameters: AF not completed.. retry to check....
11-02 06:52:45.461  1722  8813 I V4L2CameraParameters: Got result 2
11-02 06:52:45.461  1722  8813 I V4L2CameraParameters: AF not completed.. retry to check....
11-02 06:52:45.517  1722  8813 I V4L2CameraParameters: Got result 2
11-02 06:52:45.517  1722  8813 I V4L2CameraParameters: AF not completed.. retry to check....
11-02 06:52:45.572  1722  8813 I V4L2CameraParameters: Got result 2
11-02 06:52:45.572  1722  8813 I V4L2CameraParameters: AF not completed.. retry to check....
11-02 06:52:45.624  1722  8813 I V4L2CameraParameters: Got result 2
11-02 06:52:45.624  1722  8813 I V4L2CameraParameters: AF not completed.. retry to check....
11-02 06:52:45.685  1722  8813 I V4L2CameraParameters: Got result 2
11-02 06:52:45.685  1722  8813 I V4L2CameraParameters: AF not completed.. retry to check....
11-02 06:52:45.739  1722  8813 I V4L2CameraParameters: Got result 2
11-02 06:52:45.739  1722  8813 I V4L2CameraParameters: AF not completed.. retry to check....
11-02 06:52:45.799  1722  8813 I V4L2CameraParameters: Got result 2
11-02 06:52:45.799  1722  8813 I V4L2CameraParameters: AF not completed.. retry to check....
11-02 06:52:45.852  1722  8813 I V4L2CameraParameters: Got result 2
11-02 06:52:45.852  1722  8813 I V4L2CameraParameters: AF not completed.. retry to check....
11-02 06:52:45.904  1722  8813 I V4L2CameraParameters: Got result 2
11-02 06:52:45.904  1722  8813 I V4L2CameraParameters: AF not completed.. retry to check....
11-02 06:52:45.962  1722  8813 I V4L2CameraParameters: Got result 0
11-02 06:52:45.962  1722  8813 I V4L2CameraParameters: AF success. status  Focused  
11-02 06:52:45.962  1722  8813 I V4L2CameraParameters: inAutoFocusThread() calling onAutoFocus notifier with 0
11-02 06:52:45.962  1722  8813 I V4L2CameraParameters: Exiting autofocus thread
11-02 06:52:48.638  8653  8653 V CAM_FocusOverlayMgr: Cancel autofocus.
11-02 06:52:48.639  1722  2685 I V4L2CameraParameters: Canceling auto focus
11-02 06:52:49.000  1722  2685 I V4L2CameraParameters: Cancel command sent
11-02 06:52:49.000  1722  2685 I V4L2CameraParameters: Canceled auto focus success 
11-02 06:52:49.006  1722  2685 I CameraHAL: verifyParameters(KEY_EXPOSURE_COMPENSATION): 0
11-02 06:52:49.006  1722  2685 I CameraHAL: verifyParameters(): Foucs Area ---
11-02 06:52:49.006  1722  2685 I CameraHAL: verifyParameters(): max_focus_areas = 1
11-02 06:52:49.006  1722  2685 I CameraHAL: verifyParameters(): focus area=(0, 0, 0, 0, 0)
11-02 06:52:49.006  1722  2685 I CameraHAL: verifyParameters(): focus area passed !!
11-02 06:52:49.006  1722  2685 I CameraHAL: __setParameters(): shot_mode : -1
11-02 06:52:49.006  1722  2685 E CameraHAL: CameraHALFlash
11-02 06:52:49.014  1708  1708 I chatty  : uid=1000(system) /system/bin/surfaceflinger expire 20 lines
11-02 06:52:49.020  1722  3369 I CameraHAL: verifyParameters(KEY_EXPOSURE_COMPENSATION): 0
11-02 06:52:49.020  1722  3369 I CameraHAL: verifyParameters(): Foucs Area ---
11-02 06:52:49.020  1722  3369 I CameraHAL: verifyParameters(): max_focus_areas = 1
11-02 06:52:49.020  1722  3369 I CameraHAL: verifyParameters(): focus area=(0, 0, 0, 0, 0)
11-02 06:52:49.020  1722  3369 I CameraHAL: verifyParameters(): focus area passed !!
11-02 06:52:49.020  1722  3369 I CameraHAL: __setParameters(): shot_mode : -1
11-02 06:52:49.020  1722  3369 E CameraHAL: CameraHALFlash
11-02 06:52:49.041  1722  1722 I CameraHAL: verifyParameters(KEY_EXPOSURE_COMPENSATION): 0
11-02 06:52:49.041  1722  1722 I CameraHAL: verifyParameters(): Foucs Area ---
11-02 06:52:49.041  1722  1722 I CameraHAL: verifyParameters(): max_focus_areas = 1
11-02 06:52:49.041  1722  1722 I CameraHAL: verifyParameters(): focus area=(0, 0, 0, 0, 0)
11-02 06:52:49.041  1722  1722 I CameraHAL: verifyParameters(): focus area passed !!
11-02 06:52:49.041  1722  1722 I CameraHAL: __setParameters(): shot_mode : -1
11-02 06:52:49.041  1722  1722 E CameraHAL: CameraHALFlash
11-02 06:52:49.042  1722  3369 I V4L2CameraParameters: Starting auto focus thread.
11-02 06:52:49.042  1722  3369 I V4L2CameraParameters: Running auto focus thread.
11-02 06:52:49.043  1722  8814 I V4L2CameraParameters: inAutoFocusThread()
11-02 06:52:49.043  1722  8814 I V4L2CameraParameters: inAutoFocusThread() got start signal
11-02 06:52:49.097  1722  8814 I V4L2CameraParameters: inAutoFocusThread() scene 1
11-02 06:52:49.350  1722  8814 I V4L2CameraParameters: inAutoFocusThread() waiting for AF result
11-02 06:52:49.352  1722  8814 I V4L2CameraParameters: Got result 2
11-02 06:52:49.352  1722  8814 I V4L2CameraParameters: AF not completed.. retry to check....
11-02 06:52:49.405  1722  8814 I V4L2CameraParameters: Got result 2
11-02 06:52:49.405  1722  8814 I V4L2CameraParameters: AF not completed.. retry to check....
11-02 06:52:49.457  1722  8814 I V4L2CameraParameters: Got result 2
11-02 06:52:49.457  1722  8814 I V4L2CameraParameters: AF not completed.. retry to check....
11-02 06:52:49.508  1722  8814 I V4L2CameraParameters: Got result 2
11-02 06:52:49.508  1722  8814 I V4L2CameraParameters: AF not completed.. retry to check....
11-02 06:52:49.568  1722  8814 I V4L2CameraParameters: Got result 2
11-02 06:52:49.568  1722  8814 I V4L2CameraParameters: AF not completed.. retry to check....
11-02 06:52:49.620  1722  8814 I V4L2CameraParameters: Got result 2
11-02 06:52:49.620  1722  8814 I V4L2CameraParameters: AF not completed.. retry to check....
11-02 06:52:49.672  1722  8814 I V4L2CameraParameters: Got result 2
11-02 06:52:49.672  1722  8814 I V4L2CameraParameters: AF not completed.. retry to check....
11-02 06:52:49.725  1722  8814 I V4L2CameraParameters: Got result 2
11-02 06:52:49.725  1722  8814 I V4L2CameraParameters: AF not completed.. retry to check....
11-02 06:52:49.777  1722  8814 I V4L2CameraParameters: Got result 2
11-02 06:52:49.777  1722  8814 I V4L2CameraParameters: AF not completed.. retry to check....
11-02 06:52:49.834  1722  8814 I V4L2CameraParameters: Got result 0
11-02 06:52:49.834  1722  8814 I V4L2CameraParameters: AF success. status  Focused  
11-02 06:52:49.834  1722  8814 I V4L2CameraParameters: inAutoFocusThread() calling onAutoFocus notifier with 0
11-02 06:52:49.834  1722  8814 I V4L2CameraParameters: Exiting autofocus thread
11-02 06:52:51.661  8653  8653 I CAM_VideoModule: startVideoRecording: Thread[main,5,main]
11-02 06:52:51.664  8653  8653 V CAM_VideoUI: mFocusRing.stopFocusAnimations()
11-02 06:52:51.664  8653  8653 V CAM_FocusOverlayMgr: Cancel autofocus.
11-02 06:52:51.667  1722  3369 I V4L2CameraParameters: Canceling auto focus
11-02 06:52:51.680  8653  8701 D CAM_Storage: External storage state=mounted
11-02 06:52:51.689  8653  8653 I CAM_VideoModule: initializeRecorder: Thread[main,5,main]
11-02 06:52:52.003  1708  1841 I chatty  : uid=1000(system) /system/bin/surfaceflinger expire 21 lines
11-02 06:52:52.033  1722  3369 I V4L2CameraParameters: Cancel command sent
11-02 06:52:52.033  1722  3369 I V4L2CameraParameters: Canceled auto focus success 
11-02 06:52:52.046  1722  3369 I CameraHAL: verifyParameters(KEY_EXPOSURE_COMPENSATION): 0
11-02 06:52:52.046  1722  3369 I CameraHAL: verifyParameters(): Foucs Area ---
11-02 06:52:52.046  1722  3369 I CameraHAL: verifyParameters(): max_focus_areas = 1
11-02 06:52:52.046  1722  3369 I CameraHAL: verifyParameters(): focus area=(0, 0, 0, 0, 0)
11-02 06:52:52.046  1722  3369 I CameraHAL: verifyParameters(): focus area passed !!
11-02 06:52:52.046  1722  3369 I CameraHAL: __setParameters(): shot_mode : -1
11-02 06:52:52.047  1722  3369 E CameraHAL: CameraHALFlash
11-02 06:52:52.064  1722  3369 I CameraHAL: verifyParameters(KEY_EXPOSURE_COMPENSATION): 0
11-02 06:52:52.064  1722  3369 I CameraHAL: verifyParameters(): Foucs Area ---
11-02 06:52:52.064  1722  3369 I CameraHAL: verifyParameters(): max_focus_areas = 1
11-02 06:52:52.065  1722  3369 I CameraHAL: verifyParameters(): focus area=(0, 0, 0, 0, 0)
11-02 06:52:52.065  1722  3369 I CameraHAL: verifyParameters(): focus area passed !!
11-02 06:52:52.065  1722  3369 I CameraHAL: __setParameters(): shot_mode : -1
11-02 06:52:52.065  1722  3369 E CameraHAL: CameraHALFlash
11-02 06:52:52.079  1722  2685 W StagefrightRecorder: Max file duration is not positive: 0 us. Disabling duration limit.
11-02 06:52:52.080  1722  2685 W StagefrightRecorder: Target duration (0 us) too short to be respected
11-02 06:52:52.092  8653  8653 V CAM_VideoModule: New video filename: /storage/emulated/0/DCIM/Camera/VID_20161102_065252.mp4.tmp
11-02 06:52:52.211  8653  8663 I art     : Background partial concurrent mark sweep GC freed 10417(817KB) AllocSpace objects, 4(240KB) LOS objects, 17% free, 19MB/23MB, paused 885us total 142.639ms
11-02 06:52:52.214  1722  3369 D CameraSource: Camera does not support setVideoSize()
11-02 06:52:52.215  1722  3369 I CameraHAL: verifyParameters(KEY_EXPOSURE_COMPENSATION): 0
11-02 06:52:52.215  1722  3369 I CameraHAL: verifyParameters(): Foucs Area ---
11-02 06:52:52.215  1722  3369 I CameraHAL: verifyParameters(): max_focus_areas = 1
11-02 06:52:52.215  1722  3369 I CameraHAL: verifyParameters(): focus area=(0, 0, 0, 0, 0)
11-02 06:52:52.215  1722  3369 I CameraHAL: verifyParameters(): focus area passed !!
11-02 06:52:52.215  1722  3369 I CameraHAL: __setParameters(): shot_mode : -1
11-02 06:52:52.215  1722  3369 E CameraHAL: CameraHALFlash
11-02 06:52:52.216  1722  3369 I V4L2CameraDevice: *** USE_METADATA_BUFFER_MODE DISABLED ***
11-02 06:52:52.216  1722  3369 I V4L2CameraDevice: *** USE_METADATA_BUFFER_MODE ENABLED ***
11-02 06:52:52.225  1722  8817 E ACodec  : Unable to instantiate a encoder for type 'video/avc' with err 0xfffffffe.
11-02 06:52:52.225  1722  8817 E ACodec  : signalError(omxError 0xfffffffe, internalError -2)
11-02 06:52:52.225  1722  8816 E MediaCodec: Codec reported err 0xfffffffe, actionCode 0, while in state 1
11-02 06:52:52.226  1722  3369 E StagefrightRecorder: Failed to create video encoder
11-02 06:52:52.226  1722  3369 D CameraSource: reset: E
11-02 06:52:52.227  1722  3369 W CameraClient: attempt to use a locked camera from a different process (old pid 1722, new pid 8653)
11-02 06:52:52.227  1722  3369 D CameraSource: reset: X
11-02 06:52:52.229  8653  8653 E MediaRecorder: start failed: -2147483648
11-02 06:52:52.243  8653  8653 E CAM_VideoModule: Could not start media recorder. 
11-02 06:52:52.243  8653  8653 E CAM_VideoModule: java.lang.RuntimeException: start failed.
11-02 06:52:52.243  8653  8653 E CAM_VideoModule: 	at android.media.MediaRecorder.start(Native Method)
11-02 06:52:52.243  8653  8653 E CAM_VideoModule: 	at com.android.camera.VideoModule$11.onStorageUpdateDone(VideoModule.java:1386)
11-02 06:52:52.243  8653  8653 E CAM_VideoModule: 	at com.android.camera.CameraActivity$20.onPostExecute(CameraActivity.java:2351)
11-02 06:52:52.243  8653  8653 E CAM_VideoModule: 	at com.android.camera.CameraActivity$20.onPostExecute(CameraActivity.java:2346)
11-02 06:52:52.243  8653  8653 E CAM_VideoModule: 	at android.os.AsyncTask.finish(AsyncTask.java:651)
11-02 06:52:52.243  8653  8653 E CAM_VideoModule: 	at android.os.AsyncTask.-wrap1(AsyncTask.java)
11-02 06:52:52.243  8653  8653 E CAM_VideoModule: 	at android.os.AsyncTask$InternalHandler.handleMessage(AsyncTask.java:668)
11-02 06:52:52.243  8653  8653 E CAM_VideoModule: 	at android.os.Handler.dispatchMessage(Handler.java:102)
11-02 06:52:52.243  8653  8653 E CAM_VideoModule: 	at android.os.Looper.loop(Looper.java:148)
11-02 06:52:52.243  8653  8653 E CAM_VideoModule: 	at android.app.ActivityThread.main(ActivityThread.java:5417)
11-02 06:52:52.243  8653  8653 E CAM_VideoModule: 	at java.lang.reflect.Method.invoke(Native Method)
11-02 06:52:52.243  8653  8653 E CAM_VideoModule: 	at com.android.internal.os.ZygoteInit$MethodAndArgsCaller.run(ZygoteInit.java:726)
11-02 06:52:52.243  8653  8653 E CAM_VideoModule: 	at com.android.internal.os.ZygoteInit.main(ZygoteInit.java:616)
11-02 06:52:52.243  8653  8653 E CAM_FatalErrorHandler: Handling Camera Access Failure:
11-02 06:52:52.243  8653  8653 E CAM_FatalErrorHandler: java.lang.Exception
11-02 06:52:52.243  8653  8653 E CAM_FatalErrorHandler: 	at com.android.camera.FatalErrorHandlerImpl.onGenericCameraAccessFailure(FatalErrorHandlerImpl.java:84)
11-02 06:52:52.243  8653  8653 E CAM_FatalErrorHandler: 	at com.android.camera.VideoModule$11.onStorageUpdateDone(VideoModule.java:1389)
11-02 06:52:52.243  8653  8653 E CAM_FatalErrorHandler: 	at com.android.camera.CameraActivity$20.onPostExecute(CameraActivity.java:2351)
11-02 06:52:52.243  8653  8653 E CAM_FatalErrorHandler: 	at com.android.camera.CameraActivity$20.onPostExecute(CameraActivity.java:2346)
11-02 06:52:52.243  8653  8653 E CAM_FatalErrorHandler: 	at android.os.AsyncTask.finish(AsyncTask.java:651)
11-02 06:52:52.243  8653  8653 E CAM_FatalErrorHandler: 	at android.os.AsyncTask.-wrap1(AsyncTask.java)
11-02 06:52:52.243  8653  8653 E CAM_FatalErrorHandler: 	at android.os.AsyncTask$InternalHandler.handleMessage(AsyncTask.java:668)
11-02 06:52:52.243  8653  8653 E CAM_FatalErrorHandler: 	at android.os.Handler.dispatchMessage(Handler.java:102)
11-02 06:52:52.243  8653  8653 E CAM_FatalErrorHandler: 	at android.os.Looper.loop(Looper.java:148)
11-02 06:52:52.243  8653  8653 E CAM_FatalErrorHandler: 	at android.app.ActivityThread.main(ActivityThread.java:5417)
11-02 06:52:52.243  8653  8653 E CAM_FatalErrorHandler: 	at java.lang.reflect.Method.invoke(Native Method)
11-02 06:52:52.243  8653  8653 E CAM_FatalErrorHandler: 	at com.android.internal.os.ZygoteInit$MethodAndArgsCaller.run(ZygoteInit.java:726)
11-02 06:52:52.243  8653  8653 E CAM_FatalErrorHandler: 	at com.android.internal.os.ZygoteInit.main(ZygoteInit.java:616)
11-02 06:52:52.260  8653  8653 E CAM_CameraUtil: Show fatal error dialog
11-02 06:52:52.293  8653  8661 W MessageQueue: Handler (android.os.Handler) {7701e4f} sending message to a Handler on a dead thread
11-02 06:52:52.293  8653  8661 W MessageQueue: java.lang.IllegalStateException: Handler (android.os.Handler) {7701e4f} sending message to a Handler on a dead thread
11-02 06:52:52.293  8653  8661 W MessageQueue: 	at android.os.MessageQueue.enqueueMessage(MessageQueue.java:543)
11-02 06:52:52.293  8653  8661 W MessageQueue: 	at android.os.Handler.enqueueMessage(Handler.java:631)
11-02 06:52:52.293  8653  8661 W MessageQueue: 	at android.os.Handler.sendMessageAtTime(Handler.java:600)
11-02 06:52:52.293  8653  8661 W MessageQueue: 	at android.os.Handler.sendMessageDelayed(Handler.java:570)
11-02 06:52:52.293  8653  8661 W MessageQueue: 	at android.os.Handler.post(Handler.java:326)
11-02 06:52:52.293  8653  8661 W MessageQueue: 	at android.hardware.camera2.dispatch.HandlerDispatcher.dispatch(HandlerDispatcher.java:61)
11-02 06:52:52.293  8653  8661 W MessageQueue: 	at android.hardware.camera2.dispatch.MethodNameInvoker.invoke(MethodNameInvoker.java:88)
11-02 06:52:52.293  8653  8661 W MessageQueue: 	at android.hardware.camera2.impl.CallbackProxies$SessionStateCallbackProxy.onClosed(CallbackProxies.java:177)
11-02 06:52:52.293  8653  8661 W MessageQueue: 	at android.hardware.camera2.impl.CameraCaptureSessionImpl.close(CameraCaptureSessionImpl.java:387)
11-02 06:52:52.293  8653  8661 W MessageQueue: 	at android.hardware.camera2.impl.CameraCaptureSessionImpl.finalize(CameraCaptureSessionImpl.java:598)
11-02 06:52:52.293  8653  8661 W MessageQueue: 	at java.lang.Daemons$FinalizerDaemon.doFinalize(Daemons.java:202)
11-02 06:52:52.293  8653  8661 W MessageQueue: 	at java.lang.Daemons$FinalizerDaemon.run(Daemons.java:185)
11-02 06:52:52.293  8653  8661 W MessageQueue: 	at java.lang.Thread.run(Thread.java:818)
11-02 06:52:52.472  8653  8653 I CAM_VideoModule: Releasing media recorder.
11-02 06:52:52.495  8653  8653 V CAM_VideoModule: Empty video file deleted: /storage/emulated/0/DCIM/Camera/VID_20161102_065252.mp4.tmp
11-02 06:52:52.569  8653  8705 D HAWAII_EGL: Set SWAP INTERVAL 0
11-02 06:52:52.574  8653  8705 D HAWAII_EGL: eglCreateWindowSurface() surface: 0x481f1078, VC surface: 14, Thread: 8705
11-02 06:52:52.574  8653  8705 D HAWAII_EGL: eglMakeCurrent(0x4b9091f8, 0x481f1078, 0x481f1078) Thread: 8705
11-02 06:52:52.584  8653  8705 D HAWAII_EGL: eglMakeCurrent(0x4b9091f8, 0x46d52ae8, 0x46d52ae8) Thread: 8705
11-02 06:52:52.596  8653  8705 D HAWAII_EGL: eglMakeCurrent(0x4b9091f8, 0x481f1078, 0x481f1078) Thread: 8705
11-02 06:52:52.694  8653  8705 D HAWAII_EGL: eglMakeCurrent(0x4b9091f8, 0x46d52ae8, 0x46d52ae8) Thread: 8705
11-02 06:52:54.136  8653  8705 D HAWAII_EGL: eglMakeCurrent(0x4b9091f8, 0x481f1078, 0x481f1078) Thread: 8705
11-02 06:52:54.140  8653  8705 D HAWAII_EGL: eglMakeCurrent(0x4b9091f8, 0x46d52ae8, 0x46d52ae8) Thread: 8705
11-02 06:52:54.149  8653  8705 D HAWAII_EGL: eglMakeCurrent(0x4b9091f8, 0x481f1078, 0x481f1078) Thread: 8705
11-02 06:52:54.167  8653  8705 D HAWAII_EGL: eglMakeCurrent(0x4b9091f8, 0x46d52ae8, 0x46d52ae8) Thread: 8705
11-02 06:52:54.178  8653  8705 D HAWAII_EGL: eglMakeCurrent(0x4b9091f8, 0x481f1078, 0x481f1078) Thread: 8705
11-02 06:52:54.200  8653  8705 D HAWAII_EGL: eglMakeCurrent(0x4b9091f8, 0x46d52ae8, 0x46d52ae8) Thread: 8705
11-02 06:52:54.210  8653  8705 D HAWAII_EGL: eglMakeCurrent(0x4b9091f8, 0x481f1078, 0x481f1078) Thread: 8705
11-02 06:52:54.233  8653  8705 D HAWAII_EGL: eglMakeCurrent(0x4b9091f8, 0x46d52ae8, 0x46d52ae8) Thread: 8705
11-02 06:52:54.242  8653  8705 D HAWAII_EGL: eglMakeCurrent(0x4b9091f8, 0x481f1078, 0x481f1078) Thread: 8705
11-02 06:52:54.282  8653  8705 D HAWAII_EGL: eglMakeCurrent(0x4b9091f8, 0x46d52ae8, 0x46d52ae8) Thread: 8705
11-02 06:52:54.292  8653  8705 D HAWAII_EGL: eglMakeCurrent(0x4b9091f8, 0x481f1078, 0x481f1078) Thread: 8705
11-02 06:52:54.315  8653  8705 D HAWAII_EGL: eglMakeCurrent(0x4b9091f8, 0x46d52ae8, 0x46d52ae8) Thread: 8705
11-02 06:52:54.322  8653  8705 D HAWAII_EGL: eglMakeCurrent(0x4b9091f8, 0x481f1078, 0x481f1078) Thread: 8705
11-02 06:52:54.347  8653  8705 D HAWAII_EGL: eglMakeCurrent(0x4b9091f8, 0x46d52ae8, 0x46d52ae8) Thread: 8705
11-02 06:52:54.354  8653  8705 D HAWAII_EGL: eglMakeCurrent(0x4b9091f8, 0x481f1078, 0x481f1078) Thread: 8705
11-02 06:52:54.380  8653  8705 D HAWAII_EGL: eglMakeCurrent(0x4b9091f8, 0x46d52ae8, 0x46d52ae8) Thread: 8705
11-02 06:52:54.385  8653  8705 D HAWAII_EGL: eglMakeCurrent(0x4b9091f8, 0x481f1078, 0x481f1078) Thread: 8705
11-02 06:52:54.413  8653  8705 D HAWAII_EGL: eglMakeCurrent(0x4b9091f8, 0x46d52ae8, 0x46d52ae8) Thread: 8705
11-02 06:52:56.744  8653  8705 D HAWAII_EGL: eglMakeCurrent(0x4b9091f8, 0x481f1078, 0x481f1078) Thread: 8705
11-02 06:52:56.757  8653  8705 D HAWAII_EGL: eglMakeCurrent(0x4b9091f8, 0x46d52ae8, 0x46d52ae8) Thread: 8705
11-02 06:52:56.762  8653  8705 D HAWAII_EGL: eglMakeCurrent(0x4b9091f8, 0x481f1078, 0x481f1078) Thread: 8705
11-02 06:52:56.824  8653  8705 D HAWAII_EGL: eglMakeCurrent(0x4b9091f8, 0x46d52ae8, 0x46d52ae8) Thread: 8705
11-02 06:52:56.832  8653  8705 D HAWAII_EGL: eglMakeCurrent(0x4b9091f8, 0x481f1078, 0x481f1078) Thread: 8705
11-02 06:52:57.048  8653  8705 D HAWAII_EGL: eglMakeCurrent(0x4b9091f8, 0x4b909258, 0x4b909258) Thread: 8705
11-02 06:52:57.048  8653  8705 D HAWAII_EGL: eglDestroySurface() surface: 0x481f1078, android window 0x56ade508, Thread: 8705
11-02 06:52:57.067  8653  8653 V CAM_QuickActivity: START onPause: Activity = com.android.camera.CameraActivity@83e6cdb
11-02 06:52:57.067  8653  8653 V CAM_QuickActivity: onPause --> onPauseTasks()
11-02 06:52:57.067  8653  8653 V CAM_Profiler: [  0.000ms][ui] GUARD: CameraActivity.onPause - START
11-02 06:52:57.068  8653  8653 V CAM_VideoModule: stopPreview
11-02 06:52:57.069  1722  8807 I V4L2CameraDevice: inWorkerThread(): Worker thread has benn terminated
11-02 06:52:57.085  1722  2685 I V4L2CameraDevice: stopDeliveringFrames(): camera device is not streaming anymore
11-02 06:52:57.085  1722  2685 I CallbackNotifier: CallbackNotifier::stop
11-02 06:52:57.112  1722  2685 I V4L2CameraDevice: stopDevice(): successfully stopped camera device
11-02 06:52:57.113  8653  8653 I CAM_VideoModule: closeCamera
11-02 06:52:57.114  8653  8653 I CAM_VideoModule: Releasing media recorder.
11-02 06:52:57.130  8653  8653 V CAM_LcyLocProvider: stopping location updates
11-02 06:52:57.139  8653  8653 D CAM_LcyLocProvider: stopReceivingLocationUpdates
11-02 06:52:57.139  8653  8653 V CAM_CameraActivity: onPause closing camera
11-02 06:52:57.139  8653  8653 V CAM_CameraController: Closing camera
11-02 06:52:57.140  1722  1722 W CameraHAL: stopPreview(): camera device is not streaming
11-02 06:52:57.190  1722  1722 I V4L2CameraDevice: setPreviewWindow(): current: 0x42aad2b0 -> new: 0x0
11-02 06:52:57.190  1722  1722 I CameraFlashlight: Destroying camera 0
11-02 06:52:57.190  1722  1722 W BrcmAbstractCameraDevice: stopDeliveringFrames: Device is not started
11-02 06:52:57.190  1722  1722 I V4L2CameraDevice: stopDeliveringFrames(): camera device is not streaming anymore
11-02 06:52:57.190  1722  1722 W V4L2CameraDevice: stopDevice():camera device is not started.
11-02 06:52:57.190  1722  1722 I CameraHAL: +closeCamera and cancelAutoFocus()
11-02 06:52:57.190  1722  1722 I V4L2CameraParameters: Canceled auto focus success 
11-02 06:52:57.190  1722  8805 I CallbackNotifier: inNotifierThread(): Received exit command, exiting notifier thread
11-02 06:52:57.276  1722  1722 E CallbackNotifier: putMsg(): invalid thread control fd
11-02 06:52:57.276  1722  1722 E CallbackNotifier: stopThread(): failed to stop notifier thread
11-02 06:52:57.277  1722  1722 I CameraService: onTorchStatusChangedLocked: Torch status changed for cameraId=0, newStatus=1
11-02 06:52:57.278  1722  1722 I CameraHAL: get_number_of_cameras(): reports 2 cameras
11-02 06:52:57.278  1722  1722 I CameraService: onTorchStatusChangedLocked: Torch status changed for cameraId=0, newStatus=1
11-02 06:52:57.279  1722  1722 I CameraService: disconnect: Disconnected client for camera 0 for PID 8653
11-02 06:52:57.282  1722  3369 D NuPlayerDriver: reset(0x41397740)
11-02 06:52:57.282  1722  3369 D NuPlayerDriver: notifyListener_l(0x41397740), (8, 0, 0)
11-02 06:52:57.282  8653  8653 I CAM_Profiler: [214.447ms][ui] GUARD: CameraActivity.onPause - STOP
11-02 06:52:57.282  8653  8653 V CAM_QuickActivity: END onPause: Activity = com.android.camera.CameraActivity@83e6cdb
11-02 06:52:57.282  1722  8798 W AMessage: failed to post message as target looper for handler 0 is gone.
11-02 06:52:57.282  1722  8798 D NuPlayerDriver: notifyResetComplete(0x41397740)
11-02 06:52:57.283  1722  3369 D NuPlayerDriver: reset(0x42aad3c0)
11-02 06:52:57.283  1722  3369 D NuPlayerDriver: notifyListener_l(0x42aad3c0), (8, 0, 0)
11-02 06:52:57.283  1722  8801 W AMessage: failed to post message as target looper for handler 0 is gone.
11-02 06:52:57.283  1722  8801 D NuPlayerDriver: notifyResetComplete(0x42aad3c0)
11-02 06:52:57.284  1722  3369 D NuPlayerDriver: reset(0x42aad420)
11-02 06:52:57.284  1722  3369 D NuPlayerDriver: notifyListener_l(0x42aad420), (8, 0, 0)
11-02 06:52:57.284  1722  8803 W AMessage: failed to post message as target looper for handler 0 is gone.
11-02 06:52:57.284  1722  8803 D NuPlayerDriver: notifyResetComplete(0x42aad420)
11-02 06:52:57.329  8653  8705 D HAWAII_EGL: eglMakeCurrent(0x4b9091f8, 0x46d52ae8, 0x46d52ae8) Thread: 8705
11-02 06:52:57.372  6591  6618 D HAWAII_EGL: Set SWAP INTERVAL 0
11-02 06:52:57.376  6591  6618 D HAWAII_EGL: eglCreateWindowSurface() surface: 0x4b85c9a8, VC surface: 14, Thread: 6618
11-02 06:52:57.376  6591  6618 D HAWAII_EGL: eglMakeCurrent(0x4b85d368, 0x4b85c9a8, 0x4b85c9a8) Thread: 6618
11-02 06:52:57.476  1742  1742 D gpsd    : WakeLock(Release,SUPL)
11-02 06:52:57.565  8653  8653 V CAM_CameraAppUI: SurfaceTexture is destroyed
11-02 06:52:57.565  8653  8653 V CAM_VideoModule: Skip stopPreview since it's not mPreviewing
11-02 06:52:57.565  8653  8653 D CAM_VideoUI: surfaceTexture is destroyed
11-02 06:52:57.570  8653  8705 D HAWAII_EGL: eglMakeCurrent(0x4b9091f8, 0x4b909258, 0x4b909258) Thread: 8705
11-02 06:52:57.570  8653  8705 D HAWAII_EGL: eglDestroySurface() surface: 0x46d52ae8, android window 0x4bd9d608, Thread: 8705
11-02 06:52:57.939  8653  8653 V CAM_QuickActivity: START onStop: Activity = com.android.camera.CameraActivity@83e6cdb
11-02 06:52:57.939  8653  8653 D CAM_LcyLocProvider: disconnect
11-02 06:52:57.940  8653  8653 V CAM_QuickActivity: END onStop: Activity = com.android.camera.CameraActivity@83e6cdb
11-02 06:52:57.940  8653  8653 V CAM_QuickActivity: START onDestroy: Activity = com.android.camera.CameraActivity@83e6cdb
11-02 06:52:57.956  8653  8653 V CAM_QuickActivity: END onDestroy: Activity = com.android.camera.CameraActivity@83e6cdb
11-02 06:53:01.068  3543  3543 D PhoneStatusBar: disable: < expand ICONS* alerts SYSTEM_INFO* back home recent clock search quick_settings >
11-02 06:53:01.110  3543  4107 D HAWAII_EGL: eglMakeCurrent(0x46d517e0, 0x46d51990, 0x46d51990) Thread: 4107
11-02 06:53:01.110  3543  4107 D HAWAII_EGL: eglDestroySurface() surface: 0x55af6fa8, android window 0x423fc908, Thread: 4107
11-02 06:53:01.114  3543  4107 D HAWAII_EGL: Set SWAP INTERVAL 0
11-02 06:53:01.115  1708  1810 I chatty  : uid=1000(system) Binder_1 expire 14 lines
11-02 06:53:01.119  3543  4107 D HAWAII_EGL: eglCreateWindowSurface() surface: 0x46d51e10, VC surface: 44, Thread: 4107
11-02 06:53:01.119  3543  4107 D HAWAII_EGL: eglMakeCurrent(0x46d517e0, 0x46d51e10, 0x46d51e10) Thread: 4107
11-02 06:53:01.141  1708  1708 I chatty  : uid=1000(system) /system/bin/surfaceflinger expire 22 lines
11-02 06:53:02.379  2698  4709 D WifiService: acquireWifiLockLocked: WifiLock{NlpWifiLock type=2 binder=android.os.BinderProxy@1cf25ec}
11-02 06:53:02.993  6031  8825 I chatty  : uid=10013(com.android.vending) expire 1 line
11-02 06:53:03.077  6031  6072 I chatty  : uid=10013(com.android.vending) expire 2 lines
11-02 06:53:03.081  6031  6261 I chatty  : uid=10013(com.android.vending) expire 5 lines
11-02 06:53:03.167  2698  4530 W InputMethodManagerService: Window already focused, ignoring focus gain of: com.android.internal.view.IInputMethodClient$Stub$Proxy@3493db5 attribute=null, token = android.os.BinderProxy@63992f7
11-02 06:53:03.189  3543  3543 D PhoneStatusBar: disable: < expand icons* alerts system_info* back home recent clock search quick_settings >
11-02 06:53:03.213  3543  4107 D HAWAII_EGL: eglMakeCurrent(0x46d517e0, 0x46d51990, 0x46d51990) Thread: 4107
11-02 06:53:03.213  3543  4107 D HAWAII_EGL: eglDestroySurface() surface: 0x46d51e10, android window 0x423fc908, Thread: 4107
11-02 06:53:03.220  3543  4107 D HAWAII_EGL: Set SWAP INTERVAL 0
11-02 06:53:03.222  3543  4107 D HAWAII_EGL: eglCreateWindowSurface() surface: 0x55af60a8, VC surface: 45, Thread: 4107
11-02 06:53:03.222  3543  4107 D HAWAII_EGL: eglMakeCurrent(0x46d517e0, 0x55af60a8, 0x55af60a8) Thread: 4107
11-02 06:53:03.340  4287  4287 I Auth    : [AuthDelegateWrapper] Service intent: Intent { cmp=com.google.android.gms/.auth.account.authenticator.DefaultAuthDelegateService }.
11-02 06:53:03.393  4287  4287 I Auth    : [AuthDelegateWrapper] Service intent: Intent { cmp=com.google.android.gms/.auth.account.authenticator.DefaultAuthDelegateService }.
11-02 06:53:03.395  2698  4698 D WifiService: releaseWifiLockLocked: WifiLock{NlpWifiLock type=2 binder=android.os.BinderProxy@1cf25ec}
11-02 06:53:03.398  4287  4287 I Auth    : [AuthDelegateWrapper] Service intent: Intent { cmp=com.google.android.gms/.auth.account.authenticator.DefaultAuthDelegateService }.
11-02 06:53:03.980  4287  4312 I art     : Background sticky concurrent mark sweep GC freed 17581(1372KB) AllocSpace objects, 25(500KB) LOS objects, 13% free, 14MB/16MB, paused 2.624ms total 305.297ms
11-02 06:53:06.315  2698  4222 I ActivityManager: START u0 {act=android.intent.action.MAIN cat=[android.intent.category.LAUNCHER] flg=0x10200000 cmp=com.android.vending/.AssetBrowserActivity (has extras)} from uid 10009 on display 0
11-02 06:53:06.331  2698  2727 W BroadcastQueue: Permission Denial: broadcasting Intent { act=com.android.launcher3.action.LAUNCH flg=0x10 (has extras) } from com.android.launcher3 (pid=6591, uid=10009) requires com.google.android.launcher.permission.RECEIVE_LAUNCH_BROADCASTS due to receiver com.google.android.gms/.icing.proxy.ApplicationLauncherReceiver
11-02 06:53:06.331  2698  2727 W BroadcastQueue: Permission Denial: broadcasting Intent { act=com.android.launcher3.action.LAUNCH flg=0x10 (has extras) } from com.android.launcher3 (pid=6591, uid=10009) requires com.google.android.launcher.permission.RECEIVE_LAUNCH_BROADCASTS due to receiver com.google.android.googlequicksearchbox/com.google.android.apps.gsa.search.core.icingsync.ApplicationLaunchReceiver
11-02 06:53:07.237  4287  4287 I Auth    : [AuthDelegateWrapper] Service intent: Intent { cmp=com.google.android.gms/.auth.account.authenticator.DefaultAuthDelegateService }.
11-02 06:53:07.612  6031  6031 I chatty  : uid=10013(com.android.vending) expire 11 lines
11-02 06:53:08.506  6591  6618 D HAWAII_EGL: eglMakeCurrent(0x4b85d368, 0x4b85d470, 0x4b85d470) Thread: 6618
11-02 06:53:08.507  6591  6618 D HAWAII_EGL: eglDestroySurface() surface: 0x4b85c9a8, android window 0x423f9808, Thread: 6618
11-02 06:53:09.447  4287  4287 I Auth    : [AuthDelegateWrapper] Service intent: Intent { cmp=com.google.android.gms/.auth.account.authenticator.DefaultAuthDelegateService }.
11-02 06:53:09.455  4287  4287 I Auth    : [AuthDelegateWrapper] Service intent: Intent { cmp=com.google.android.gms/.auth.account.authenticator.DefaultAuthDelegateService }.
11-02 06:53:09.456  4287  4287 I Auth    : [AuthDelegateWrapper] Service intent: Intent { cmp=com.google.android.gms/.auth.account.authenticator.DefaultAuthDelegateService }.
11-02 06:53:09.517  4287  4287 I Auth    : [AuthDelegateWrapper] Service intent: Intent { cmp=com.google.android.gms/.auth.account.authenticator.DefaultAuthDelegateService }.
11-02 06:53:10.076  6031  6055 I chatty  : uid=10013(com.android.vending) expire 12 lines
11-02 06:53:10.174  4287  4287 I Auth    : [AuthDelegateWrapper] Service intent: Intent { cmp=com.google.android.gms/.auth.account.authenticator.DefaultAuthDelegateService }.
11-02 06:53:10.540  4287  4287 I Auth    : [AuthDelegateWrapper] Service intent: Intent { cmp=com.google.android.gms/.auth.account.authenticator.DefaultAuthDelegateService }.
11-02 06:53:10.602  2698  2945 I ActivityManager: START u0 {act=android.intent.action.MAIN cat=[android.intent.category.HOME] flg=0x10200000 cmp=com.android.launcher3/.Launcher (has extras)} from uid 1000 on display 0
11-02 06:53:10.930  2698  4222 I ActivityManager: Activity reported stop, but no longer stopping: ActivityRecord{369b66b u0 com.android.launcher3/.Launcher t5}
11-02 06:53:10.967  6591  6618 D HAWAII_EGL: Set SWAP INTERVAL 0
11-02 06:53:10.970  6591  6618 D HAWAII_EGL: eglCreateWindowSurface() surface: 0x4b85ed18, VC surface: 15, Thread: 6618
11-02 06:53:10.970  6591  6618 D HAWAII_EGL: eglMakeCurrent(0x4b85d368, 0x4b85ed18, 0x4b85ed18) Thread: 6618
11-02 06:53:11.555  6591  6618 W OpenGLRenderer: Incorrectly called buildLayer on View: ShortcutAndWidgetContainer, destroying layer...
11-02 06:53:12.245  6031  6070 I chatty  : uid=10013(com.android.vending) expire 24 lines
11-02 06:53:12.261  6031  6069 I chatty  : uid=10013(com.android.vending) expire 10 lines
11-02 06:53:12.309  6031  6067 I chatty  : uid=10013(com.android.vending) expire 24 lines
11-02 06:53:12.327  6031  6068 I chatty  : uid=10013(com.android.vending) expire 13 lines
11-02 06:53:12.513  2698  3434 I ActivityManager: START u0 {act=android.intent.action.MAIN cat=[android.intent.category.LAUNCHER] flg=0x10200000 cmp=eu.chainfire.supersu/.MainActivity-Material (has extras)} from uid 10009 on display 0
11-02 06:53:12.560  1742  1742 I glgps   : type=1400 audit(0.0:113): avc: denied { getattr } for path="/dev/ttyS1" dev="tmpfs" ino=5389 scontext=u:r:gpsd:s0 tcontext=u:object_r:serial_device:s0 tclass=chr_file permissive=1
11-02 06:53:12.582  2698  2727 W BroadcastQueue: Permission Denial: broadcasting Intent { act=com.android.launcher3.action.LAUNCH flg=0x10 (has extras) } from com.android.launcher3 (pid=6591, uid=10009) requires com.google.android.launcher.permission.RECEIVE_LAUNCH_BROADCASTS due to receiver com.google.android.gms/.icing.proxy.ApplicationLauncherReceiver
11-02 06:53:12.582  2698  2727 W BroadcastQueue: Permission Denial: broadcasting Intent { act=com.android.launcher3.action.LAUNCH flg=0x10 (has extras) } from com.android.launcher3 (pid=6591, uid=10009) requires com.google.android.launcher.permission.RECEIVE_LAUNCH_BROADCASTS due to receiver com.google.android.googlequicksearchbox/com.google.android.apps.gsa.search.core.icingsync.ApplicationLaunchReceiver
11-02 06:53:12.659  2698  2724 I ActivityManager: Start proc 8834:eu.chainfire.supersu/u0a63 for activity eu.chainfire.supersu/.MainActivity-Material
11-02 06:53:12.934  8834  8834 W System  : ClassLoader referenced unknown path: /data/app/eu.chainfire.supersu-1/lib/arm
11-02 06:53:13.013  1708  1708 I chatty  : uid=1000(system) /system/bin/surfaceflinger expire 21 lines
11-02 06:53:13.014  1708  1841 I chatty  : uid=1000(system) /system/bin/surfaceflinger expire 11 lines
11-02 06:53:13.812  2698  3514 I ActivityManager: START u0 {cmp=eu.chainfire.supersu/.GuideActivity} from uid 10063 on display 0
11-02 06:53:13.853  2698  4529 W ActivityManager: Duplicate finish request for ActivityRecord{91aaf67 u0 eu.chainfire.supersu/.MainActivity-Material t21 f}
11-02 06:53:14.131  8834  8844 I art     : Background sticky concurrent mark sweep GC freed 8340(481KB) AllocSpace objects, 1(24KB) LOS objects, 25% free, 5MB/7MB, paused 2.441ms total 218.994ms
11-02 06:53:14.155  8834  8850 D OpenGLRenderer: Use EGL_SWAP_BEHAVIOR_PRESERVED: false
11-02 06:53:14.167  8834  8834 E ION     : ION version mismatch. User(0x10000) Kernel(0x10001)
11-02 06:53:14.175  8834  8834 D ION     : config: version(0x10001) secure(0xf000) 256M(0x22d) fast(0x608) hwwr(0x608)
11-02 06:53:14.176  8834  8834 D MM_DEVICE: Waiting for mm thread to come up
11-02 06:53:14.177  8834  8851 D MM_DEVICE: mm_device_thread starting
11-02 06:53:14.248  8834  8850 D         : mem_init ++
11-02 06:53:14.248  8834  8850 D         : gHwMemAllocator client 3
11-02 06:53:14.248  8834  8850 D         : **** Using ION allocator ****
11-02 06:53:14.248  8834  8850 D         : registered SIGUSR1[10] for pid[8834]
11-02 06:53:14.248  8834  8850 D         : HwMemAllocatorImpl Static Counters 0 0
11-02 06:53:14.248  8834  8850 D         : HwMemAllocatorImpl[4bfa4dcc] totalDeviceAllocSize[0] totalFree[0] maxFree[0] in numSlabs[0]
11-02 06:53:14.249  8834  8850 D         : mem_init 4bfa4dcc--
11-02 06:53:14.255  8834  8850 I OpenGLRenderer: Initialized EGL, version 1.4
11-02 06:53:14.255  8834  8850 D HAWAII_EGL: eglCreateContext() config: 19 context: 0x46d52ec0, VC context 1, Thread 8850
11-02 06:53:14.256  8834  8850 D HAWAII_EGL: eglMakeCurrent(0x46d52ec0, 0x46d52f38, 0x46d52f38) Thread: 8850
11-02 06:53:14.259  8834  8850 E HAWAII_EGL: abuffer = (960 2048) (100)
11-02 06:53:14.271  8834  8850 D HAWAII_EGL: Set SWAP INTERVAL 0
11-02 06:53:14.278  8834  8850 D HAWAII_EGL: eglCreateWindowSurface() surface: 0x46d530d0, VC surface: 2, Thread: 8850
11-02 06:53:14.278  8834  8850 D HAWAII_EGL: eglMakeCurrent(0x46d52ec0, 0x46d530d0, 0x46d530d0) Thread: 8850
11-02 06:53:15.165  6591  6618 D HAWAII_EGL: eglMakeCurrent(0x4b85d368, 0x4b85d470, 0x4b85d470) Thread: 6618
11-02 06:53:15.165  6591  6618 D HAWAII_EGL: eglDestroySurface() surface: 0x4b85ed18, android window 0x423f9808, Thread: 6618
11-02 06:53:16.150  2698  2724 I ActivityManager: START u0 {cmp=eu.chainfire.supersu/.MainActivity} from uid 10063 on display 0
11-02 06:53:16.511  8834  8858 D SuperSU][APK: [SuperSU][APK][Installer] detect(278)
11-02 06:53:16.514  8834  8857 D SuperSU][APK: [SuperSU][APK][Installer] detect(278)
11-02 06:53:16.680  8834  8834 W AllCapsTransformationMethod: Caller did not enable length changes; not transforming text
11-02 06:53:16.680  8834  8834 W AllCapsTransformationMethod: Caller did not enable length changes; not transforming text
11-02 06:53:16.681  8834  8834 W AllCapsTransformationMethod: Caller did not enable length changes; not transforming text
11-02 06:53:16.681  8834  8834 W AllCapsTransformationMethod: Caller did not enable length changes; not transforming text
11-02 06:53:17.115  8834  8858 D SuperSU][APK: [SuperSU][APK][Installer] su --> 278
11-02 06:53:17.415  8834  8858 D SuperSU][APK: [SuperSU][APK][Installer] su daemon --> 278
11-02 06:53:17.415  8834  8858 D SuperSU][APK: [SuperSU][APK][Installer] sugote --> -3 / -3 / 0
11-02 06:53:17.658  8834  8858 D SuperSU][APK: [SuperSU][APK][Installer] supolicy --> 278
11-02 06:53:17.869  8834  8844 I art     : Background partial concurrent mark sweep GC freed 8011(792KB) AllocSpace objects, 30(668KB) LOS objects, 37% free, 6MB/10MB, paused 2.105ms total 217.712ms
11-02 06:53:17.885  8834  8857 D SuperSU][APK: [SuperSU][APK][Installer] su --> 278
11-02 06:53:17.916  8834  8858 D SuperSU][APK: [SuperSU][APK][Installer] sukernel --> 278
11-02 06:53:17.983  8834  8858 D SuperSU][APK: [SuperSU][APK][Installer] su old --> -2
11-02 06:53:17.984  8834  8858 D SuperSU][APK: [SuperSU][APK][Installer] app_process --> 0
11-02 06:53:18.116  8834  8858 D SuperSU][APK: [SuperSU][APK][Installer] sdk == 23
11-02 06:53:18.117  8834  8858 D SuperSU][APK: [SuperSU][APK][Installer] su_bin_only == 1
11-02 06:53:18.117  8834  8858 D SuperSU][APK: [SuperSU][APK][Installer] xbin_only == 0
11-02 06:53:18.117  8834  8858 D SuperSU][APK: [SuperSU][APK][Installer] selinux_enforcing == 0
11-02 06:53:18.117  8834  8858 D SuperSU][APK: [SuperSU][APK][Installer] is_daemon_mode == 1
11-02 06:53:18.117  8834  8858 D SuperSU][APK: [SuperSU][APK][Installer] is_sugote_needed == 0
11-02 06:53:18.117  8834  8858 D SuperSU][APK: [SuperSU][APK][Installer] is_supolicy_needed == 1
11-02 06:53:18.117  8834  8858 D SuperSU][APK: [SuperSU][APK][Installer] context_toolbox == u:object_r:toolbox_exec:s0
11-02 06:53:18.117  8834  8858 D SuperSU][APK: [SuperSU][APK][Installer] want_install == 0
11-02 06:53:18.117  8834  8858 D SuperSU][APK: [SuperSU][APK][Installer] want_backup == 0
11-02 06:53:18.117  8834  8858 D SuperSU][APK: [SuperSU][APK][Installer] want_daemon == 0
11-02 06:53:18.117  8834  8858 D SuperSU][APK: [SuperSU][APK][Installer] want_sugote == 0
11-02 06:53:18.117  8834  8858 D SuperSU][APK: [SuperSU][APK][Installer] want_supolicy == 0
11-02 06:53:18.117  8834  8858 D SuperSU][APK: [SuperSU][APK][Installer] want_sukernel == 0
11-02 06:53:18.117  8834  8858 D SuperSU][APK: [SuperSU][APK][Installer] want_app_process == 0
11-02 06:53:18.117  8834  8858 D SuperSU][APK: [SuperSU][APK][Installer] have_recovery_context == 0
11-02 06:53:18.117  8834  8858 D SuperSU][APK: [SuperSU][APK][Installer] wantInstall() == 0
11-02 06:53:18.117  8834  8858 D SuperSU][APK: [SuperSU][APK][Installer] canInstall() == 1
11-02 06:53:18.155  2960  2960 I chatty  : uid=1000(system) Binder_4 expire 2 lines
11-02 06:53:18.171  8834  8850 D HAWAII_EGL: Set SWAP INTERVAL 0
11-02 06:53:18.176  8834  8850 D HAWAII_EGL: eglCreateWindowSurface() surface: 0x46d51c48, VC surface: 3, Thread: 8850
11-02 06:53:18.176  8834  8850 D HAWAII_EGL: eglMakeCurrent(0x46d52ec0, 0x46d51c48, 0x46d51c48) Thread: 8850
11-02 06:53:18.213  8834  8834 I Choreographer: Skipped 89 frames!  The application may be doing too much work on its main thread.
11-02 06:53:18.253  8834  8850 D HAWAII_EGL: Set SWAP INTERVAL 0
11-02 06:53:18.258  8834  8850 D HAWAII_EGL: eglCreateWindowSurface() surface: 0x46d51210, VC surface: 4, Thread: 8850
11-02 06:53:18.258  8834  8850 D HAWAII_EGL: eglMakeCurrent(0x46d52ec0, 0x46d51210, 0x46d51210) Thread: 8850
11-02 06:53:18.283  8834  8850 D HAWAII_EGL: eglMakeCurrent(0x46d52ec0, 0x46d51c48, 0x46d51c48) Thread: 8850
11-02 06:53:18.442  8834  8850 D HAWAII_EGL: eglMakeCurrent(0x46d52ec0, 0x46d51210, 0x46d51210) Thread: 8850
11-02 06:53:18.817  8834  8850 D HAWAII_EGL: eglMakeCurrent(0x46d52ec0, 0x46d51c48, 0x46d51c48) Thread: 8850
11-02 06:53:18.926  8834  8850 D HAWAII_EGL: eglMakeCurrent(0x46d52ec0, 0x46d51210, 0x46d51210) Thread: 8850
11-02 06:53:18.935  8834  8850 D HAWAII_EGL: eglMakeCurrent(0x46d52ec0, 0x46d51c48, 0x46d51c48) Thread: 8850
11-02 06:53:18.954  8834  8850 D HAWAII_EGL: eglDestroySurface() surface: 0x46d530d0, android window 0x423fa608, Thread: 8850
11-02 06:53:19.129  8834  8857 D SuperSU][APK: [SuperSU][APK][Installer] su daemon --> 278
11-02 06:53:19.129  8834  8857 D SuperSU][APK: [SuperSU][APK][Installer] sugote --> -3 / -3 / 0
11-02 06:53:19.528  8834  8850 D HAWAII_EGL: eglMakeCurrent(0x46d52ec0, 0x46d51210, 0x46d51210) Thread: 8850
11-02 06:53:19.534  8834  8850 D HAWAII_EGL: eglMakeCurrent(0x46d52ec0, 0x46d51c48, 0x46d51c48) Thread: 8850
11-02 06:53:19.545  8834  8850 D HAWAII_EGL: eglMakeCurrent(0x46d52ec0, 0x46d51210, 0x46d51210) Thread: 8850
11-02 06:53:19.550  8834  8850 D HAWAII_EGL: eglMakeCurrent(0x46d52ec0, 0x46d51c48, 0x46d51c48) Thread: 8850
11-02 06:53:19.563  8834  8850 D HAWAII_EGL: eglMakeCurrent(0x46d52ec0, 0x46d51210, 0x46d51210) Thread: 8850
11-02 06:53:19.617  8834  8850 D HAWAII_EGL: eglMakeCurrent(0x46d52ec0, 0x46d51c48, 0x46d51c48) Thread: 8850
11-02 06:53:19.621  8834  8850 D HAWAII_EGL: eglMakeCurrent(0x46d52ec0, 0x46d51210, 0x46d51210) Thread: 8850
11-02 06:53:19.631  8834  8850 D HAWAII_EGL: eglMakeCurrent(0x46d52ec0, 0x46d51c48, 0x46d51c48) Thread: 8850
11-02 06:53:19.636  8834  8850 D HAWAII_EGL: eglMakeCurrent(0x46d52ec0, 0x46d51210, 0x46d51210) Thread: 8850
11-02 06:53:19.644  8834  8850 D HAWAII_EGL: eglMakeCurrent(0x46d52ec0, 0x46d51c48, 0x46d51c48) Thread: 8850
11-02 06:53:19.648  8834  8850 D HAWAII_EGL: eglMakeCurrent(0x46d52ec0, 0x46d51210, 0x46d51210) Thread: 8850
11-02 06:53:19.658  8834  8850 D HAWAII_EGL: eglMakeCurrent(0x46d52ec0, 0x46d51c48, 0x46d51c48) Thread: 8850
11-02 06:53:19.694  8834  8850 D HAWAII_EGL: eglMakeCurrent(0x46d52ec0, 0x46d51210, 0x46d51210) Thread: 8850
11-02 06:53:19.706  8834  8850 D HAWAII_EGL: eglMakeCurrent(0x46d52ec0, 0x46d52f38, 0x46d52f38) Thread: 8850
11-02 06:53:19.706  8834  8850 D HAWAII_EGL: eglDestroySurface() surface: 0x46d51210, android window 0x423fb408, Thread: 8850
